Command line invocation:
    /Applications/Xcode.app/Contents/Developer/usr/bin/xcodebuild clean build -project Vecka.xcodeproj -scheme Vecka -destination "platform=iOS Simulator,name=iPhone 17 Pro" CODE_SIGNING_REQUIRED=NO CODE_SIGNING_ALLOWED=NO

Build settings from command line:
    CODE_SIGNING_ALLOWED = NO
    CODE_SIGNING_REQUIRED = NO

2025-12-30 14:30:19.749 xcodebuild[1179:6044194] [MT] IDERunDestination: Supported platforms for the buildables in the current scheme is empty.
CreateBuildRequest

SendProjectDescription

CreateBuildOperation

** CLEAN SUCCEEDED **

ComputePackagePrebuildTargetDependencyGraph

Prepare packages

CreateBuildRequest

SendProjectDescription

CreateBuildOperation

ComputeTargetDependencyGraph
note: Building targets in dependency order
note: Target dependency graph (2 targets)
    Target 'Vecka' in project 'Vecka'
        ➜ Explicit dependency on target 'VeckaWidgetExtension' in project 'Vecka'
    Target 'VeckaWidgetExtension' in project 'Vecka' (no dependencies)

GatherProvisioningInputs

CreateBuildDescription

ExecuteExternalTool /Applications/Xcode.app/Contents/Developer/Toolchains/XcodeDefault.xctoolchain/usr/bin/clang -v -E -dM -isysroot /Applications/Xcode.app/Contents/Developer/Platforms/iPhoneSimulator.platform/Developer/SDKs/iPhoneSimulator26.2.sdk -x c -c /dev/null

ExecuteExternalTool /Applications/Xcode.app/Contents/Developer/Toolchains/XcodeDefault.xctoolchain/usr/bin/swiftc --version

ExecuteExternalTool /Applications/Xcode.app/Contents/Developer/usr/bin/actool --print-asset-tag-combinations --output-format xml1 /Users/nilsjohansson/Documents/AppDevelopment/Swift/Vecka/Vecka/Assets.xcassets

ExecuteExternalTool /Applications/Xcode.app/Contents/Developer/usr/bin/actool --version --output-format xml1

ExecuteExternalTool /Applications/Xcode.app/Contents/Developer/Toolchains/XcodeDefault.xctoolchain/usr/bin/ld -version_details

Build description signature: fef9ab312e40c4d49a47a82d811a61af
Build description path: /Users/nilsjohansson/Library/Developer/Xcode/DerivedData/Vecka-coqapuvxhkxauhefoeizzbmchsqi/Build/Intermediates.noindex/XCBuildData/fef9ab312e40c4d49a47a82d811a61af.xcbuilddata
ClangStatCache /Applications/Xcode.app/Contents/Developer/Toolchains/XcodeDefault.xctoolchain/usr/bin/clang-stat-cache /Applications/Xcode.app/Contents/Developer/Platforms/iPhoneSimulator.platform/Developer/SDKs/iPhoneSimulator26.2.sdk /Users/nilsjohansson/Library/Developer/Xcode/DerivedData/SDKStatCaches.noindex/iphonesimulator26.2-23C53-7d00a8b37fbd7999ea79df8ebc024bf0.sdkstatcache
    cd /Users/nilsjohansson/Documents/AppDevelopment/Swift/Vecka/Vecka.xcodeproj
    /Applications/Xcode.app/Contents/Developer/Toolchains/XcodeDefault.xctoolchain/usr/bin/clang-stat-cache /Applications/Xcode.app/Contents/Developer/Platforms/iPhoneSimulator.platform/Developer/SDKs/iPhoneSimulator26.2.sdk -o /Users/nilsjohansson/Library/Developer/Xcode/DerivedData/SDKStatCaches.noindex/iphonesimulator26.2-23C53-7d00a8b37fbd7999ea79df8ebc024bf0.sdkstatcache

CreateBuildDirectory /Users/nilsjohansson/Library/Developer/Xcode/DerivedData/Vecka-coqapuvxhkxauhefoeizzbmchsqi/Build/Products
    cd /Users/nilsjohansson/Documents/AppDevelopment/Swift/Vecka/Vecka.xcodeproj
    builtin-create-build-directory /Users/nilsjohansson/Library/Developer/Xcode/DerivedData/Vecka-coqapuvxhkxauhefoeizzbmchsqi/Build/Products

CreateBuildDirectory /Users/nilsjohansson/Library/Developer/Xcode/DerivedData/Vecka-coqapuvxhkxauhefoeizzbmchsqi/Build/Intermediates.noindex
    cd /Users/nilsjohansson/Documents/AppDevelopment/Swift/Vecka/Vecka.xcodeproj
    builtin-create-build-directory /Users/nilsjohansson/Library/Developer/Xcode/DerivedData/Vecka-coqapuvxhkxauhefoeizzbmchsqi/Build/Intermediates.noindex

CreateBuildDirectory /Users/nilsjohansson/Library/Developer/Xcode/DerivedData/Vecka-coqapuvxhkxauhefoeizzbmchsqi/Build/Intermediates.noindex/ExplicitPrecompiledModules
    cd /Users/nilsjohansson/Documents/AppDevelopment/Swift/Vecka/Vecka.xcodeproj
    builtin-create-build-directory /Users/nilsjohansson/Library/Developer/Xcode/DerivedData/Vecka-coqapuvxhkxauhefoeizzbmchsqi/Build/Intermediates.noindex/ExplicitPrecompiledModules

CreateBuildDirectory /Users/nilsjohansson/Library/Developer/Xcode/DerivedData/Vecka-coqapuvxhkxauhefoeizzbmchsqi/Build/Products/Debug-iphonesimulator
    cd /Users/nilsjohansson/Documents/AppDevelopment/Swift/Vecka/Vecka.xcodeproj
    builtin-create-build-directory /Users/nilsjohansson/Library/Developer/Xcode/DerivedData/Vecka-coqapuvxhkxauhefoeizzbmchsqi/Build/Products/Debug-iphonesimulator

CreateBuildDirectory /Users/nilsjohansson/Library/Developer/Xcode/DerivedData/Vecka-coqapuvxhkxauhefoeizzbmchsqi/Build/Intermediates.noindex/SwiftExplicitPrecompiledModules
    cd /Users/nilsjohansson/Documents/AppDevelopment/Swift/Vecka/Vecka.xcodeproj
    builtin-create-build-directory /Users/nilsjohansson/Library/Developer/Xcode/DerivedData/Vecka-coqapuvxhkxauhefoeizzbmchsqi/Build/Intermediates.noindex/SwiftExplicitPrecompiledModules

CreateBuildDirectory /Users/nilsjohansson/Library/Developer/Xcode/DerivedData/Vecka-coqapuvxhkxauhefoeizzbmchsqi/Build/Intermediates.noindex/EagerLinkingTBDs/Debug-iphonesimulator
    cd /Users/nilsjohansson/Documents/AppDevelopment/Swift/Vecka/Vecka.xcodeproj
    builtin-create-build-directory /Users/nilsjohansson/Library/Developer/Xcode/DerivedData/Vecka-coqapuvxhkxauhefoeizzbmchsqi/Build/Intermediates.noindex/EagerLinkingTBDs/Debug-iphonesimulator

WriteAuxiliaryFile /Users/nilsjohansson/Library/Developer/Xcode/DerivedData/Vecka-coqapuvxhkxauhefoeizzbmchsqi/Build/Intermediates.noindex/Vecka.build/Debug-iphonesimulator/Vecka-f785c48b092dc4f05a8a7650056cc322-VFS-iphonesimulator/all-product-headers.yaml
    cd /Users/nilsjohansson/Documents/AppDevelopment/Swift/Vecka/Vecka.xcodeproj
    write-file /Users/nilsjohansson/Library/Developer/Xcode/DerivedData/Vecka-coqapuvxhkxauhefoeizzbmchsqi/Build/Intermediates.noindex/Vecka.build/Debug-iphonesimulator/Vecka-f785c48b092dc4f05a8a7650056cc322-VFS-iphonesimulator/all-product-headers.yaml

WriteAuxiliaryFile /Users/nilsjohansson/Library/Developer/Xcode/DerivedData/Vecka-coqapuvxhkxauhefoeizzbmchsqi/Build/Intermediates.noindex/Vecka.build/Debug-iphonesimulator/VeckaWidgetExtension.build/VeckaWidgetExtension-own-target-headers.hmap (in target 'VeckaWidgetExtension' from project 'Vecka')
    cd /Users/nilsjohansson/Documents/AppDevelopment/Swift/Vecka
    write-file /Users/nilsjohansson/Library/Developer/Xcode/DerivedData/Vecka-coqapuvxhkxauhefoeizzbmchsqi/Build/Intermediates.noindex/Vecka.build/Debug-iphonesimulator/VeckaWidgetExtension.build/VeckaWidgetExtension-own-target-headers.hmap

WriteAuxiliaryFile /Users/nilsjohansson/Library/Developer/Xcode/DerivedData/Vecka-coqapuvxhkxauhefoeizzbmchsqi/Build/Intermediates.noindex/Vecka.build/Debug-iphonesimulator/VeckaWidgetExtension.build/VeckaWidgetExtension-project-headers.hmap (in target 'VeckaWidgetExtension' from project 'Vecka')
    cd /Users/nilsjohansson/Documents/AppDevelopment/Swift/Vecka
    write-file /Users/nilsjohansson/Library/Developer/Xcode/DerivedData/Vecka-coqapuvxhkxauhefoeizzbmchsqi/Build/Intermediates.noindex/Vecka.build/Debug-iphonesimulator/VeckaWidgetExtension.build/VeckaWidgetExtension-project-headers.hmap

WriteAuxiliaryFile /Users/nilsjohansson/Library/Developer/Xcode/DerivedData/Vecka-coqapuvxhkxauhefoeizzbmchsqi/Build/Intermediates.noindex/Vecka.build/Debug-iphonesimulator/VeckaWidgetExtension.build/VeckaWidgetExtension.DependencyMetadataFileList (in target 'VeckaWidgetExtension' from project 'Vecka')
    cd /Users/nilsjohansson/Documents/AppDevelopment/Swift/Vecka
    write-file /Users/nilsjohansson/Library/Developer/Xcode/DerivedData/Vecka-coqapuvxhkxauhefoeizzbmchsqi/Build/Intermediates.noindex/Vecka.build/Debug-iphonesimulator/VeckaWidgetExtension.build/VeckaWidgetExtension.DependencyMetadataFileList

WriteAuxiliaryFile /Users/nilsjohansson/Library/Developer/Xcode/DerivedData/Vecka-coqapuvxhkxauhefoeizzbmchsqi/Build/Intermediates.noindex/Vecka.build/Debug-iphonesimulator/VeckaWidgetExtension.build/VeckaWidgetExtension.hmap (in target 'VeckaWidgetExtension' from project 'Vecka')
    cd /Users/nilsjohansson/Documents/AppDevelopment/Swift/Vecka
    write-file /Users/nilsjohansson/Library/Developer/Xcode/DerivedData/Vecka-coqapuvxhkxauhefoeizzbmchsqi/Build/Intermediates.noindex/Vecka.build/Debug-iphonesimulator/VeckaWidgetExtension.build/VeckaWidgetExtension.hmap

WriteAuxiliaryFile /Users/nilsjohansson/Library/Developer/Xcode/DerivedData/Vecka-coqapuvxhkxauhefoeizzbmchsqi/Build/Intermediates.noindex/Vecka.build/Debug-iphonesimulator/VeckaWidgetExtension.build/VeckaWidgetExtension.DependencyStaticMetadataFileList (in target 'VeckaWidgetExtension' from project 'Vecka')
    cd /Users/nilsjohansson/Documents/AppDevelopment/Swift/Vecka
    write-file /Users/nilsjohansson/Library/Developer/Xcode/DerivedData/Vecka-coqapuvxhkxauhefoeizzbmchsqi/Build/Intermediates.noindex/Vecka.build/Debug-iphonesimulator/VeckaWidgetExtension.build/VeckaWidgetExtension.DependencyStaticMetadataFileList

WriteAuxiliaryFile /Users/nilsjohansson/Library/Developer/Xcode/DerivedData/Vecka-coqapuvxhkxauhefoeizzbmchsqi/Build/Intermediates.noindex/Vecka.build/Debug-iphonesimulator/VeckaWidgetExtension.build/VeckaWidgetExtension-generated-files.hmap (in target 'VeckaWidgetExtension' from project 'Vecka')
    cd /Users/nilsjohansson/Documents/AppDevelopment/Swift/Vecka
    write-file /Users/nilsjohansson/Library/Developer/Xcode/DerivedData/Vecka-coqapuvxhkxauhefoeizzbmchsqi/Build/Intermediates.noindex/Vecka.build/Debug-iphonesimulator/VeckaWidgetExtension.build/VeckaWidgetExtension-generated-files.hmap

WriteAuxiliaryFile /Users/nilsjohansson/Library/Developer/Xcode/DerivedData/Vecka-coqapuvxhkxauhefoeizzbmchsqi/Build/Intermediates.noindex/Vecka.build/Debug-iphonesimulator/VeckaWidgetExtension.build/VeckaWidgetExtension-all-target-headers.hmap (in target 'VeckaWidgetExtension' from project 'Vecka')
    cd /Users/nilsjohansson/Documents/AppDevelopment/Swift/Vecka
    write-file /Users/nilsjohansson/Library/Developer/Xcode/DerivedData/Vecka-coqapuvxhkxauhefoeizzbmchsqi/Build/Intermediates.noindex/Vecka.build/Debug-iphonesimulator/VeckaWidgetExtension.build/VeckaWidgetExtension-all-target-headers.hmap

WriteAuxiliaryFile /Users/nilsjohansson/Library/Developer/Xcode/DerivedData/Vecka-coqapuvxhkxauhefoeizzbmchsqi/Build/Intermediates.noindex/Vecka.build/Debug-iphonesimulator/VeckaWidgetExtension.build/VeckaWidgetExtension-all-non-framework-target-headers.hmap (in target 'VeckaWidgetExtension' from project 'Vecka')
    cd /Users/nilsjohansson/Documents/AppDevelopment/Swift/Vecka
    write-file /Users/nilsjohansson/Library/Developer/Xcode/DerivedData/Vecka-coqapuvxhkxauhefoeizzbmchsqi/Build/Intermediates.noindex/Vecka.build/Debug-iphonesimulator/VeckaWidgetExtension.build/VeckaWidgetExtension-all-non-framework-target-headers.hmap

WriteAuxiliaryFile /Users/nilsjohansson/Library/Developer/Xcode/DerivedData/Vecka-coqapuvxhkxauhefoeizzbmchsqi/Build/Intermediates.noindex/Vecka.build/Debug-iphonesimulator/VeckaWidgetExtension.build/VeckaWidgetExtension-DebugEntryPoint-normal-arm64.txt (in target 'VeckaWidgetExtension' from project 'Vecka')
    cd /Users/nilsjohansson/Documents/AppDevelopment/Swift/Vecka
    write-file /Users/nilsjohansson/Library/Developer/Xcode/DerivedData/Vecka-coqapuvxhkxauhefoeizzbmchsqi/Build/Intermediates.noindex/Vecka.build/Debug-iphonesimulator/VeckaWidgetExtension.build/VeckaWidgetExtension-DebugEntryPoint-normal-arm64.txt

WriteAuxiliaryFile /Users/nilsjohansson/Library/Developer/Xcode/DerivedData/Vecka-coqapuvxhkxauhefoeizzbmchsqi/Build/Intermediates.noindex/Vecka.build/Debug-iphonesimulator/VeckaWidgetExtension.build/VeckaWidgetExtension-DebugDylibPath-normal-arm64.txt (in target 'VeckaWidgetExtension' from project 'Vecka')
    cd /Users/nilsjohansson/Documents/AppDevelopment/Swift/Vecka
    write-file /Users/nilsjohansson/Library/Developer/Xcode/DerivedData/Vecka-coqapuvxhkxauhefoeizzbmchsqi/Build/Intermediates.noindex/Vecka.build/Debug-iphonesimulator/VeckaWidgetExtension.build/VeckaWidgetExtension-DebugDylibPath-normal-arm64.txt

WriteAuxiliaryFile /Users/nilsjohansson/Library/Developer/Xcode/DerivedData/Vecka-coqapuvxhkxauhefoeizzbmchsqi/Build/Intermediates.noindex/Vecka.build/Debug-iphonesimulator/VeckaWidgetExtension.build/VeckaWidgetExtension-DebugDylibInstallName-normal-arm64.txt (in target 'VeckaWidgetExtension' from project 'Vecka')
    cd /Users/nilsjohansson/Documents/AppDevelopment/Swift/Vecka
    write-file /Users/nilsjohansson/Library/Developer/Xcode/DerivedData/Vecka-coqapuvxhkxauhefoeizzbmchsqi/Build/Intermediates.noindex/Vecka.build/Debug-iphonesimulator/VeckaWidgetExtension.build/VeckaWidgetExtension-DebugDylibInstallName-normal-arm64.txt

WriteAuxiliaryFile /Users/nilsjohansson/Library/Developer/Xcode/DerivedData/Vecka-coqapuvxhkxauhefoeizzbmchsqi/Build/Intermediates.noindex/Vecka.build/Debug-iphonesimulator/VeckaWidgetExtension.build/Objects-normal/arm64/VeckaWidgetExtension_const_extract_protocols.json (in target 'VeckaWidgetExtension' from project 'Vecka')
    cd /Users/nilsjohansson/Documents/AppDevelopment/Swift/Vecka
    write-file /Users/nilsjohansson/Library/Developer/Xcode/DerivedData/Vecka-coqapuvxhkxauhefoeizzbmchsqi/Build/Intermediates.noindex/Vecka.build/Debug-iphonesimulator/VeckaWidgetExtension.build/Objects-normal/arm64/VeckaWidgetExtension_const_extract_protocols.json

WriteAuxiliaryFile /Users/nilsjohansson/Library/Developer/Xcode/DerivedData/Vecka-coqapuvxhkxauhefoeizzbmchsqi/Build/Intermediates.noindex/Vecka.build/Debug-iphonesimulator/VeckaWidgetExtension.build/Objects-normal/arm64/VeckaWidgetExtension.SwiftFileList (in target 'VeckaWidgetExtension' from project 'Vecka')
    cd /Users/nilsjohansson/Documents/AppDevelopment/Swift/Vecka
    write-file /Users/nilsjohansson/Library/Developer/Xcode/DerivedData/Vecka-coqapuvxhkxauhefoeizzbmchsqi/Build/Intermediates.noindex/Vecka.build/Debug-iphonesimulator/VeckaWidgetExtension.build/Objects-normal/arm64/VeckaWidgetExtension.SwiftFileList

WriteAuxiliaryFile /Users/nilsjohansson/Library/Developer/Xcode/DerivedData/Vecka-coqapuvxhkxauhefoeizzbmchsqi/Build/Intermediates.noindex/Vecka.build/Debug-iphonesimulator/VeckaWidgetExtension.build/Objects-normal/arm64/VeckaWidgetExtension.SwiftConstValuesFileList (in target 'VeckaWidgetExtension' from project 'Vecka')
    cd /Users/nilsjohansson/Documents/AppDevelopment/Swift/Vecka
    write-file /Users/nilsjohansson/Library/Developer/Xcode/DerivedData/Vecka-coqapuvxhkxauhefoeizzbmchsqi/Build/Intermediates.noindex/Vecka.build/Debug-iphonesimulator/VeckaWidgetExtension.build/Objects-normal/arm64/VeckaWidgetExtension.SwiftConstValuesFileList

WriteAuxiliaryFile /Users/nilsjohansson/Library/Developer/Xcode/DerivedData/Vecka-coqapuvxhkxauhefoeizzbmchsqi/Build/Intermediates.noindex/Vecka.build/Debug-iphonesimulator/VeckaWidgetExtension.build/Objects-normal/arm64/VeckaWidgetExtension.LinkFileList (in target 'VeckaWidgetExtension' from project 'Vecka')
    cd /Users/nilsjohansson/Documents/AppDevelopment/Swift/Vecka
    write-file /Users/nilsjohansson/Library/Developer/Xcode/DerivedData/Vecka-coqapuvxhkxauhefoeizzbmchsqi/Build/Intermediates.noindex/Vecka.build/Debug-iphonesimulator/VeckaWidgetExtension.build/Objects-normal/arm64/VeckaWidgetExtension.LinkFileList

WriteAuxiliaryFile /Users/nilsjohansson/Library/Developer/Xcode/DerivedData/Vecka-coqapuvxhkxauhefoeizzbmchsqi/Build/Intermediates.noindex/Vecka.build/Debug-iphonesimulator/VeckaWidgetExtension.build/Objects-normal/arm64/VeckaWidgetExtension-OutputFileMap.json (in target 'VeckaWidgetExtension' from project 'Vecka')
    cd /Users/nilsjohansson/Documents/AppDevelopment/Swift/Vecka
    write-file /Users/nilsjohansson/Library/Developer/Xcode/DerivedData/Vecka-coqapuvxhkxauhefoeizzbmchsqi/Build/Intermediates.noindex/Vecka.build/Debug-iphonesimulator/VeckaWidgetExtension.build/Objects-normal/arm64/VeckaWidgetExtension-OutputFileMap.json

WriteAuxiliaryFile /Users/nilsjohansson/Library/Developer/Xcode/DerivedData/Vecka-coqapuvxhkxauhefoeizzbmchsqi/Build/Intermediates.noindex/Vecka.build/Debug-iphonesimulator/Vecka.build/Vecka.DependencyStaticMetadataFileList (in target 'Vecka' from project 'Vecka')
    cd /Users/nilsjohansson/Documents/AppDevelopment/Swift/Vecka
    write-file /Users/nilsjohansson/Library/Developer/Xcode/DerivedData/Vecka-coqapuvxhkxauhefoeizzbmchsqi/Build/Intermediates.noindex/Vecka.build/Debug-iphonesimulator/Vecka.build/Vecka.DependencyStaticMetadataFileList

WriteAuxiliaryFile /Users/nilsjohansson/Library/Developer/Xcode/DerivedData/Vecka-coqapuvxhkxauhefoeizzbmchsqi/Build/Intermediates.noindex/Vecka.build/Debug-iphonesimulator/Vecka.build/Vecka.hmap (in target 'Vecka' from project 'Vecka')
    cd /Users/nilsjohansson/Documents/AppDevelopment/Swift/Vecka
    write-file /Users/nilsjohansson/Library/Developer/Xcode/DerivedData/Vecka-coqapuvxhkxauhefoeizzbmchsqi/Build/Intermediates.noindex/Vecka.build/Debug-iphonesimulator/Vecka.build/Vecka.hmap

WriteAuxiliaryFile /Users/nilsjohansson/Library/Developer/Xcode/DerivedData/Vecka-coqapuvxhkxauhefoeizzbmchsqi/Build/Intermediates.noindex/Vecka.build/Debug-iphonesimulator/Vecka.build/Vecka.DependencyMetadataFileList (in target 'Vecka' from project 'Vecka')
    cd /Users/nilsjohansson/Documents/AppDevelopment/Swift/Vecka
    write-file /Users/nilsjohansson/Library/Developer/Xcode/DerivedData/Vecka-coqapuvxhkxauhefoeizzbmchsqi/Build/Intermediates.noindex/Vecka.build/Debug-iphonesimulator/Vecka.build/Vecka.DependencyMetadataFileList

WriteAuxiliaryFile /Users/nilsjohansson/Library/Developer/Xcode/DerivedData/Vecka-coqapuvxhkxauhefoeizzbmchsqi/Build/Intermediates.noindex/Vecka.build/Debug-iphonesimulator/Vecka.build/Vecka-project-headers.hmap (in target 'Vecka' from project 'Vecka')
    cd /Users/nilsjohansson/Documents/AppDevelopment/Swift/Vecka
    write-file /Users/nilsjohansson/Library/Developer/Xcode/DerivedData/Vecka-coqapuvxhkxauhefoeizzbmchsqi/Build/Intermediates.noindex/Vecka.build/Debug-iphonesimulator/Vecka.build/Vecka-project-headers.hmap

WriteAuxiliaryFile /Users/nilsjohansson/Library/Developer/Xcode/DerivedData/Vecka-coqapuvxhkxauhefoeizzbmchsqi/Build/Intermediates.noindex/Vecka.build/Debug-iphonesimulator/Vecka.build/Vecka-own-target-headers.hmap (in target 'Vecka' from project 'Vecka')
    cd /Users/nilsjohansson/Documents/AppDevelopment/Swift/Vecka
    write-file /Users/nilsjohansson/Library/Developer/Xcode/DerivedData/Vecka-coqapuvxhkxauhefoeizzbmchsqi/Build/Intermediates.noindex/Vecka.build/Debug-iphonesimulator/Vecka.build/Vecka-own-target-headers.hmap

WriteAuxiliaryFile /Users/nilsjohansson/Library/Developer/Xcode/DerivedData/Vecka-coqapuvxhkxauhefoeizzbmchsqi/Build/Intermediates.noindex/Vecka.build/Debug-iphonesimulator/Vecka.build/Vecka-generated-files.hmap (in target 'Vecka' from project 'Vecka')
    cd /Users/nilsjohansson/Documents/AppDevelopment/Swift/Vecka
    write-file /Users/nilsjohansson/Library/Developer/Xcode/DerivedData/Vecka-coqapuvxhkxauhefoeizzbmchsqi/Build/Intermediates.noindex/Vecka.build/Debug-iphonesimulator/Vecka.build/Vecka-generated-files.hmap

WriteAuxiliaryFile /Users/nilsjohansson/Library/Developer/Xcode/DerivedData/Vecka-coqapuvxhkxauhefoeizzbmchsqi/Build/Intermediates.noindex/Vecka.build/Debug-iphonesimulator/Vecka.build/Vecka-all-target-headers.hmap (in target 'Vecka' from project 'Vecka')
    cd /Users/nilsjohansson/Documents/AppDevelopment/Swift/Vecka
    write-file /Users/nilsjohansson/Library/Developer/Xcode/DerivedData/Vecka-coqapuvxhkxauhefoeizzbmchsqi/Build/Intermediates.noindex/Vecka.build/Debug-iphonesimulator/Vecka.build/Vecka-all-target-headers.hmap

WriteAuxiliaryFile /Users/nilsjohansson/Library/Developer/Xcode/DerivedData/Vecka-coqapuvxhkxauhefoeizzbmchsqi/Build/Intermediates.noindex/Vecka.build/Debug-iphonesimulator/Vecka.build/Vecka-all-non-framework-target-headers.hmap (in target 'Vecka' from project 'Vecka')
    cd /Users/nilsjohansson/Documents/AppDevelopment/Swift/Vecka
    write-file /Users/nilsjohansson/Library/Developer/Xcode/DerivedData/Vecka-coqapuvxhkxauhefoeizzbmchsqi/Build/Intermediates.noindex/Vecka.build/Debug-iphonesimulator/Vecka.build/Vecka-all-non-framework-target-headers.hmap

WriteAuxiliaryFile /Users/nilsjohansson/Library/Developer/Xcode/DerivedData/Vecka-coqapuvxhkxauhefoeizzbmchsqi/Build/Intermediates.noindex/Vecka.build/Debug-iphonesimulator/Vecka.build/Vecka-DebugDylibPath-normal-arm64.txt (in target 'Vecka' from project 'Vecka')
    cd /Users/nilsjohansson/Documents/AppDevelopment/Swift/Vecka
    write-file /Users/nilsjohansson/Library/Developer/Xcode/DerivedData/Vecka-coqapuvxhkxauhefoeizzbmchsqi/Build/Intermediates.noindex/Vecka.build/Debug-iphonesimulator/Vecka.build/Vecka-DebugDylibPath-normal-arm64.txt

WriteAuxiliaryFile /Users/nilsjohansson/Library/Developer/Xcode/DerivedData/Vecka-coqapuvxhkxauhefoeizzbmchsqi/Build/Intermediates.noindex/Vecka.build/Debug-iphonesimulator/Vecka.build/Vecka-DebugDylibInstallName-normal-arm64.txt (in target 'Vecka' from project 'Vecka')
    cd /Users/nilsjohansson/Documents/AppDevelopment/Swift/Vecka
    write-file /Users/nilsjohansson/Library/Developer/Xcode/DerivedData/Vecka-coqapuvxhkxauhefoeizzbmchsqi/Build/Intermediates.noindex/Vecka.build/Debug-iphonesimulator/Vecka.build/Vecka-DebugDylibInstallName-normal-arm64.txt

WriteAuxiliaryFile /Users/nilsjohansson/Library/Developer/Xcode/DerivedData/Vecka-coqapuvxhkxauhefoeizzbmchsqi/Build/Intermediates.noindex/Vecka.build/Debug-iphonesimulator/Vecka.build/Objects-normal/arm64/Vecka_const_extract_protocols.json (in target 'Vecka' from project 'Vecka')
    cd /Users/nilsjohansson/Documents/AppDevelopment/Swift/Vecka
    write-file /Users/nilsjohansson/Library/Developer/Xcode/DerivedData/Vecka-coqapuvxhkxauhefoeizzbmchsqi/Build/Intermediates.noindex/Vecka.build/Debug-iphonesimulator/Vecka.build/Objects-normal/arm64/Vecka_const_extract_protocols.json

WriteAuxiliaryFile /Users/nilsjohansson/Library/Developer/Xcode/DerivedData/Vecka-coqapuvxhkxauhefoeizzbmchsqi/Build/Intermediates.noindex/Vecka.build/Debug-iphonesimulator/Vecka.build/Objects-normal/arm64/Vecka.SwiftFileList (in target 'Vecka' from project 'Vecka')
    cd /Users/nilsjohansson/Documents/AppDevelopment/Swift/Vecka
    write-file /Users/nilsjohansson/Library/Developer/Xcode/DerivedData/Vecka-coqapuvxhkxauhefoeizzbmchsqi/Build/Intermediates.noindex/Vecka.build/Debug-iphonesimulator/Vecka.build/Objects-normal/arm64/Vecka.SwiftFileList

WriteAuxiliaryFile /Users/nilsjohansson/Library/Developer/Xcode/DerivedData/Vecka-coqapuvxhkxauhefoeizzbmchsqi/Build/Intermediates.noindex/Vecka.build/Debug-iphonesimulator/Vecka.build/Objects-normal/arm64/Vecka.SwiftConstValuesFileList (in target 'Vecka' from project 'Vecka')
    cd /Users/nilsjohansson/Documents/AppDevelopment/Swift/Vecka
    write-file /Users/nilsjohansson/Library/Developer/Xcode/DerivedData/Vecka-coqapuvxhkxauhefoeizzbmchsqi/Build/Intermediates.noindex/Vecka.build/Debug-iphonesimulator/Vecka.build/Objects-normal/arm64/Vecka.SwiftConstValuesFileList

WriteAuxiliaryFile /Users/nilsjohansson/Library/Developer/Xcode/DerivedData/Vecka-coqapuvxhkxauhefoeizzbmchsqi/Build/Intermediates.noindex/Vecka.build/Debug-iphonesimulator/Vecka.build/Objects-normal/arm64/Vecka.LinkFileList (in target 'Vecka' from project 'Vecka')
    cd /Users/nilsjohansson/Documents/AppDevelopment/Swift/Vecka
    write-file /Users/nilsjohansson/Library/Developer/Xcode/DerivedData/Vecka-coqapuvxhkxauhefoeizzbmchsqi/Build/Intermediates.noindex/Vecka.build/Debug-iphonesimulator/Vecka.build/Objects-normal/arm64/Vecka.LinkFileList

WriteAuxiliaryFile /Users/nilsjohansson/Library/Developer/Xcode/DerivedData/Vecka-coqapuvxhkxauhefoeizzbmchsqi/Build/Intermediates.noindex/Vecka.build/Debug-iphonesimulator/Vecka.build/Objects-normal/arm64/Vecka-OutputFileMap.json (in target 'Vecka' from project 'Vecka')
    cd /Users/nilsjohansson/Documents/AppDevelopment/Swift/Vecka
    write-file /Users/nilsjohansson/Library/Developer/Xcode/DerivedData/Vecka-coqapuvxhkxauhefoeizzbmchsqi/Build/Intermediates.noindex/Vecka.build/Debug-iphonesimulator/Vecka.build/Objects-normal/arm64/Vecka-OutputFileMap.json

MkDir /Users/nilsjohansson/Library/Developer/Xcode/DerivedData/Vecka-coqapuvxhkxauhefoeizzbmchsqi/Build/Products/Debug-iphonesimulator/VeckaWidgetExtension.appex (in target 'VeckaWidgetExtension' from project 'Vecka')
    cd /Users/nilsjohansson/Documents/AppDevelopment/Swift/Vecka
    /bin/mkdir -p /Users/nilsjohansson/Library/Developer/Xcode/DerivedData/Vecka-coqapuvxhkxauhefoeizzbmchsqi/Build/Products/Debug-iphonesimulator/VeckaWidgetExtension.appex

MkDir /Users/nilsjohansson/Library/Developer/Xcode/DerivedData/Vecka-coqapuvxhkxauhefoeizzbmchsqi/Build/Products/Debug-iphonesimulator/Vecka.app/PlugIns (in target 'Vecka' from project 'Vecka')
    cd /Users/nilsjohansson/Documents/AppDevelopment/Swift/Vecka
    /bin/mkdir -p /Users/nilsjohansson/Library/Developer/Xcode/DerivedData/Vecka-coqapuvxhkxauhefoeizzbmchsqi/Build/Products/Debug-iphonesimulator/Vecka.app/PlugIns

MkDir /Users/nilsjohansson/Library/Developer/Xcode/DerivedData/Vecka-coqapuvxhkxauhefoeizzbmchsqi/Build/Products/Debug-iphonesimulator/Vecka.app (in target 'Vecka' from project 'Vecka')
    cd /Users/nilsjohansson/Documents/AppDevelopment/Swift/Vecka
    /bin/mkdir -p /Users/nilsjohansson/Library/Developer/Xcode/DerivedData/Vecka-coqapuvxhkxauhefoeizzbmchsqi/Build/Products/Debug-iphonesimulator/Vecka.app

ProcessInfoPlistFile /Users/nilsjohansson/Library/Developer/Xcode/DerivedData/Vecka-coqapuvxhkxauhefoeizzbmchsqi/Build/Products/Debug-iphonesimulator/VeckaWidgetExtension.appex/Info.plist /Users/nilsjohansson/Documents/AppDevelopment/Swift/Vecka/VeckaWidget/WidgetInfo.plist (in target 'VeckaWidgetExtension' from project 'Vecka')
    cd /Users/nilsjohansson/Documents/AppDevelopment/Swift/Vecka
    builtin-infoPlistUtility /Users/nilsjohansson/Documents/AppDevelopment/Swift/Vecka/VeckaWidget/WidgetInfo.plist -producttype com.apple.product-type.app-extension -expandbuildsettings -format binary -platform iphonesimulator -o /Users/nilsjohansson/Library/Developer/Xcode/DerivedData/Vecka-coqapuvxhkxauhefoeizzbmchsqi/Build/Products/Debug-iphonesimulator/VeckaWidgetExtension.appex/Info.plist

Ld /Users/nilsjohansson/Library/Developer/Xcode/DerivedData/Vecka-coqapuvxhkxauhefoeizzbmchsqi/Build/Products/Debug-iphonesimulator/VeckaWidgetExtension.appex/__preview.dylib normal (in target 'VeckaWidgetExtension' from project 'Vecka')
    cd /Users/nilsjohansson/Documents/AppDevelopment/Swift/Vecka
    /Applications/Xcode.app/Contents/Developer/Toolchains/XcodeDefault.xctoolchain/usr/bin/clang -Xlinker -reproducible -target arm64-apple-ios26.0-simulator -dynamiclib -isysroot /Applications/Xcode.app/Contents/Developer/Platforms/iPhoneSimulator.platform/Developer/SDKs/iPhoneSimulator26.2.sdk -O0 -L/Users/nilsjohansson/Library/Developer/Xcode/DerivedData/Vecka-coqapuvxhkxauhefoeizzbmchsqi/Build/Products/Debug-iphonesimulator -F/Users/nilsjohansson/Library/Developer/Xcode/DerivedData/Vecka-coqapuvxhkxauhefoeizzbmchsqi/Build/Products/Debug-iphonesimulator -install_name @rpath/VeckaWidgetExtension.debug.dylib -dead_strip -rdynamic -Xlinker -no_deduplicate -Xlinker -objc_abi_version -Xlinker 2 -Xlinker -debug_variant -Xlinker -dependency_info -Xlinker /Users/nilsjohansson/Library/Developer/Xcode/DerivedData/Vecka-coqapuvxhkxauhefoeizzbmchsqi/Build/Intermediates.noindex/Vecka.build/Debug-iphonesimulator/VeckaWidgetExtension.build/Objects-normal/arm64/VeckaWidgetExtension_dependency_info.dat -o /Users/nilsjohansson/Library/Developer/Xcode/DerivedData/Vecka-coqapuvxhkxauhefoeizzbmchsqi/Build/Products/Debug-iphonesimulator/VeckaWidgetExtension.appex/__preview.dylib

CopyStringsFile /Users/nilsjohansson/Library/Developer/Xcode/DerivedData/Vecka-coqapuvxhkxauhefoeizzbmchsqi/Build/Products/Debug-iphonesimulator/VeckaWidgetExtension.appex/zh-Hans.lproj/Localizable.strings /Users/nilsjohansson/Documents/AppDevelopment/Swift/Vecka/Vecka/zh-Hans.lproj/Localizable.strings (in target 'VeckaWidgetExtension' from project 'Vecka')
    cd /Users/nilsjohansson/Documents/AppDevelopment/Swift/Vecka
    builtin-copyStrings --validate --outputencoding binary --outfilename Localizable.strings --outdir /Users/nilsjohansson/Library/Developer/Xcode/DerivedData/Vecka-coqapuvxhkxauhefoeizzbmchsqi/Build/Products/Debug-iphonesimulator/VeckaWidgetExtension.appex/zh-Hans.lproj -- /Users/nilsjohansson/Documents/AppDevelopment/Swift/Vecka/Vecka/zh-Hans.lproj/Localizable.strings
/Users/nilsjohansson/Documents/AppDevelopment/Swift/Vecka/Vecka/zh-Hans.lproj/Localizable.strings:1:1: note: detected encoding of input file as Unicode (UTF-8) (in target 'VeckaWidgetExtension' from project 'Vecka')

CopyStringsFile /Users/nilsjohansson/Library/Developer/Xcode/DerivedData/Vecka-coqapuvxhkxauhefoeizzbmchsqi/Build/Products/Debug-iphonesimulator/VeckaWidgetExtension.appex/vi.lproj/Localizable.strings /Users/nilsjohansson/Documents/AppDevelopment/Swift/Vecka/Vecka/vi.lproj/Localizable.strings (in target 'VeckaWidgetExtension' from project 'Vecka')
    cd /Users/nilsjohansson/Documents/AppDevelopment/Swift/Vecka
    builtin-copyStrings --validate --outputencoding binary --outfilename Localizable.strings --outdir /Users/nilsjohansson/Library/Developer/Xcode/DerivedData/Vecka-coqapuvxhkxauhefoeizzbmchsqi/Build/Products/Debug-iphonesimulator/VeckaWidgetExtension.appex/vi.lproj -- /Users/nilsjohansson/Documents/AppDevelopment/Swift/Vecka/Vecka/vi.lproj/Localizable.strings
/Users/nilsjohansson/Documents/AppDevelopment/Swift/Vecka/Vecka/vi.lproj/Localizable.strings:1:1: note: detected encoding of input file as Unicode (UTF-8) (in target 'VeckaWidgetExtension' from project 'Vecka')

CopyStringsFile /Users/nilsjohansson/Library/Developer/Xcode/DerivedData/Vecka-coqapuvxhkxauhefoeizzbmchsqi/Build/Products/Debug-iphonesimulator/VeckaWidgetExtension.appex/th.lproj/Localizable.strings /Users/nilsjohansson/Documents/AppDevelopment/Swift/Vecka/Vecka/th.lproj/Localizable.strings (in target 'VeckaWidgetExtension' from project 'Vecka')
    cd /Users/nilsjohansson/Documents/AppDevelopment/Swift/Vecka
    builtin-copyStrings --validate --outputencoding binary --outfilename Localizable.strings --outdir /Users/nilsjohansson/Library/Developer/Xcode/DerivedData/Vecka-coqapuvxhkxauhefoeizzbmchsqi/Build/Products/Debug-iphonesimulator/VeckaWidgetExtension.appex/th.lproj -- /Users/nilsjohansson/Documents/AppDevelopment/Swift/Vecka/Vecka/th.lproj/Localizable.strings
/Users/nilsjohansson/Documents/AppDevelopment/Swift/Vecka/Vecka/th.lproj/Localizable.strings:1:1: note: detected encoding of input file as Unicode (UTF-8) (in target 'VeckaWidgetExtension' from project 'Vecka')

CopyStringsFile /Users/nilsjohansson/Library/Developer/Xcode/DerivedData/Vecka-coqapuvxhkxauhefoeizzbmchsqi/Build/Products/Debug-iphonesimulator/VeckaWidgetExtension.appex/zh-Hant.lproj/Localizable.strings /Users/nilsjohansson/Documents/AppDevelopment/Swift/Vecka/Vecka/zh-Hant.lproj/Localizable.strings (in target 'VeckaWidgetExtension' from project 'Vecka')
    cd /Users/nilsjohansson/Documents/AppDevelopment/Swift/Vecka
    builtin-copyStrings --validate --outputencoding binary --outfilename Localizable.strings --outdir /Users/nilsjohansson/Library/Developer/Xcode/DerivedData/Vecka-coqapuvxhkxauhefoeizzbmchsqi/Build/Products/Debug-iphonesimulator/VeckaWidgetExtension.appex/zh-Hant.lproj -- /Users/nilsjohansson/Documents/AppDevelopment/Swift/Vecka/Vecka/zh-Hant.lproj/Localizable.strings
/Users/nilsjohansson/Documents/AppDevelopment/Swift/Vecka/Vecka/zh-Hant.lproj/Localizable.strings:1:1: note: detected encoding of input file as Unicode (UTF-8) (in target 'VeckaWidgetExtension' from project 'Vecka')

CopyStringsFile /Users/nilsjohansson/Library/Developer/Xcode/DerivedData/Vecka-coqapuvxhkxauhefoeizzbmchsqi/Build/Products/Debug-iphonesimulator/VeckaWidgetExtension.appex/sv.lproj/Localizable.strings /Users/nilsjohansson/Documents/AppDevelopment/Swift/Vecka/Vecka/sv.lproj/Localizable.strings (in target 'VeckaWidgetExtension' from project 'Vecka')
    cd /Users/nilsjohansson/Documents/AppDevelopment/Swift/Vecka
    builtin-copyStrings --validate --outputencoding binary --outfilename Localizable.strings --outdir /Users/nilsjohansson/Library/Developer/Xcode/DerivedData/Vecka-coqapuvxhkxauhefoeizzbmchsqi/Build/Products/Debug-iphonesimulator/VeckaWidgetExtension.appex/sv.lproj -- /Users/nilsjohansson/Documents/AppDevelopment/Swift/Vecka/Vecka/sv.lproj/Localizable.strings
/Users/nilsjohansson/Documents/AppDevelopment/Swift/Vecka/Vecka/sv.lproj/Localizable.strings:1:1: note: detected encoding of input file as Unicode (UTF-8) (in target 'VeckaWidgetExtension' from project 'Vecka')

CopyStringsFile /Users/nilsjohansson/Library/Developer/Xcode/DerivedData/Vecka-coqapuvxhkxauhefoeizzbmchsqi/Build/Products/Debug-iphonesimulator/VeckaWidgetExtension.appex/ko.lproj/Localizable.strings /Users/nilsjohansson/Documents/AppDevelopment/Swift/Vecka/Vecka/ko.lproj/Localizable.strings (in target 'VeckaWidgetExtension' from project 'Vecka')
    cd /Users/nilsjohansson/Documents/AppDevelopment/Swift/Vecka
    builtin-copyStrings --validate --outputencoding binary --outfilename Localizable.strings --outdir /Users/nilsjohansson/Library/Developer/Xcode/DerivedData/Vecka-coqapuvxhkxauhefoeizzbmchsqi/Build/Products/Debug-iphonesimulator/VeckaWidgetExtension.appex/ko.lproj -- /Users/nilsjohansson/Documents/AppDevelopment/Swift/Vecka/Vecka/ko.lproj/Localizable.strings
/Users/nilsjohansson/Documents/AppDevelopment/Swift/Vecka/Vecka/ko.lproj/Localizable.strings:1:1: note: detected encoding of input file as Unicode (UTF-8) (in target 'VeckaWidgetExtension' from project 'Vecka')

CopyStringsFile /Users/nilsjohansson/Library/Developer/Xcode/DerivedData/Vecka-coqapuvxhkxauhefoeizzbmchsqi/Build/Products/Debug-iphonesimulator/VeckaWidgetExtension.appex/ja.lproj/Localizable.strings /Users/nilsjohansson/Documents/AppDevelopment/Swift/Vecka/Vecka/ja.lproj/Localizable.strings (in target 'VeckaWidgetExtension' from project 'Vecka')
    cd /Users/nilsjohansson/Documents/AppDevelopment/Swift/Vecka
    builtin-copyStrings --validate --outputencoding binary --outfilename Localizable.strings --outdir /Users/nilsjohansson/Library/Developer/Xcode/DerivedData/Vecka-coqapuvxhkxauhefoeizzbmchsqi/Build/Products/Debug-iphonesimulator/VeckaWidgetExtension.appex/ja.lproj -- /Users/nilsjohansson/Documents/AppDevelopment/Swift/Vecka/Vecka/ja.lproj/Localizable.strings
/Users/nilsjohansson/Documents/AppDevelopment/Swift/Vecka/Vecka/ja.lproj/Localizable.strings:1:1: note: detected encoding of input file as Unicode (UTF-8) (in target 'VeckaWidgetExtension' from project 'Vecka')

CopyStringsFile /Users/nilsjohansson/Library/Developer/Xcode/DerivedData/Vecka-coqapuvxhkxauhefoeizzbmchsqi/Build/Products/Debug-iphonesimulator/VeckaWidgetExtension.appex/en.lproj/Localizable.strings /Users/nilsjohansson/Documents/AppDevelopment/Swift/Vecka/Vecka/en.lproj/Localizable.strings (in target 'VeckaWidgetExtension' from project 'Vecka')
    cd /Users/nilsjohansson/Documents/AppDevelopment/Swift/Vecka
    builtin-copyStrings --validate --outputencoding binary --outfilename Localizable.strings --outdir /Users/nilsjohansson/Library/Developer/Xcode/DerivedData/Vecka-coqapuvxhkxauhefoeizzbmchsqi/Build/Products/Debug-iphonesimulator/VeckaWidgetExtension.appex/en.lproj -- /Users/nilsjohansson/Documents/AppDevelopment/Swift/Vecka/Vecka/en.lproj/Localizable.strings
/Users/nilsjohansson/Documents/AppDevelopment/Swift/Vecka/Vecka/en.lproj/Localizable.strings:1:1: note: detected encoding of input file as Unicode (UTF-8) (in target 'VeckaWidgetExtension' from project 'Vecka')

CopyStringsFile /Users/nilsjohansson/Library/Developer/Xcode/DerivedData/Vecka-coqapuvxhkxauhefoeizzbmchsqi/Build/Products/Debug-iphonesimulator/VeckaWidgetExtension.appex/de.lproj/Localizable.strings /Users/nilsjohansson/Documents/AppDevelopment/Swift/Vecka/Vecka/de.lproj/Localizable.strings (in target 'VeckaWidgetExtension' from project 'Vecka')
    cd /Users/nilsjohansson/Documents/AppDevelopment/Swift/Vecka
    builtin-copyStrings --validate --outputencoding binary --outfilename Localizable.strings --outdir /Users/nilsjohansson/Library/Developer/Xcode/DerivedData/Vecka-coqapuvxhkxauhefoeizzbmchsqi/Build/Products/Debug-iphonesimulator/VeckaWidgetExtension.appex/de.lproj -- /Users/nilsjohansson/Documents/AppDevelopment/Swift/Vecka/Vecka/de.lproj/Localizable.strings
/Users/nilsjohansson/Documents/AppDevelopment/Swift/Vecka/Vecka/de.lproj/Localizable.strings:1:1: note: detected encoding of input file as Unicode (UTF-8) (in target 'VeckaWidgetExtension' from project 'Vecka')

SwiftDriver VeckaWidgetExtension normal arm64 com.apple.xcode.tools.swift.compiler (in target 'VeckaWidgetExtension' from project 'Vecka')
    cd /Users/nilsjohansson/Documents/AppDevelopment/Swift/Vecka
    builtin-SwiftDriver -- /Applications/Xcode.app/Contents/Developer/Toolchains/XcodeDefault.xctoolchain/usr/bin/swiftc -module-name VeckaWidgetExtension -Onone -enforce-exclusivity\=checked @/Users/nilsjohansson/Library/Developer/Xcode/DerivedData/Vecka-coqapuvxhkxauhefoeizzbmchsqi/Build/Intermediates.noindex/Vecka.build/Debug-iphonesimulator/VeckaWidgetExtension.build/Objects-normal/arm64/VeckaWidgetExtension.SwiftFileList -DDEBUG -enable-bare-slash-regex -enable-experimental-feature DebugDescriptionMacro -sdk /Applications/Xcode.app/Contents/Developer/Platforms/iPhoneSimulator.platform/Developer/SDKs/iPhoneSimulator26.2.sdk -target arm64-apple-ios26.0-simulator -g -module-cache-path /Users/nilsjohansson/Library/Developer/Xcode/DerivedData/ModuleCache.noindex -Xfrontend -serialize-debugging-options -application-extension -profile-coverage-mapping -profile-generate -enable-testing -index-store-path /Users/nilsjohansson/Library/Developer/Xcode/DerivedData/Vecka-coqapuvxhkxauhefoeizzbmchsqi/Index.noindex/DataStore -Xcc -D_LIBCPP_HARDENING_MODE\=_LIBCPP_HARDENING_MODE_DEBUG -swift-version 5 -I /Users/nilsjohansson/Library/Developer/Xcode/DerivedData/Vecka-coqapuvxhkxauhefoeizzbmchsqi/Build/Products/Debug-iphonesimulator -F /Users/nilsjohansson/Library/Developer/Xcode/DerivedData/Vecka-coqapuvxhkxauhefoeizzbmchsqi/Build/Products/Debug-iphonesimulator -emit-localized-strings -emit-localized-strings-path /Users/nilsjohansson/Library/Developer/Xcode/DerivedData/Vecka-coqapuvxhkxauhefoeizzbmchsqi/Build/Intermediates.noindex/Vecka.build/Debug-iphonesimulator/VeckaWidgetExtension.build/Objects-normal/arm64 -c -j8 -enable-batch-mode -incremental -Xcc -ivfsstatcache -Xcc /Users/nilsjohansson/Library/Developer/Xcode/DerivedData/SDKStatCaches.noindex/iphonesimulator26.2-23C53-7d00a8b37fbd7999ea79df8ebc024bf0.sdkstatcache -output-file-map /Users/nilsjohansson/Library/Developer/Xcode/DerivedData/Vecka-coqapuvxhkxauhefoeizzbmchsqi/Build/Intermediates.noindex/Vecka.build/Debug-iphonesimulator/VeckaWidgetExtension.build/Objects-normal/arm64/VeckaWidgetExtension-OutputFileMap.json -use-frontend-parseable-output -save-temps -no-color-diagnostics -explicit-module-build -module-cache-path /Users/nilsjohansson/Library/Developer/Xcode/DerivedData/Vecka-coqapuvxhkxauhefoeizzbmchsqi/Build/Intermediates.noindex/SwiftExplicitPrecompiledModules -clang-scanner-module-cache-path /Users/nilsjohansson/Library/Developer/Xcode/DerivedData/ModuleCache.noindex -sdk-module-cache-path /Users/nilsjohansson/Library/Developer/Xcode/DerivedData/ModuleCache.noindex -serialize-diagnostics -emit-dependencies -emit-module -emit-module-path /Users/nilsjohansson/Library/Developer/Xcode/DerivedData/Vecka-coqapuvxhkxauhefoeizzbmchsqi/Build/Intermediates.noindex/Vecka.build/Debug-iphonesimulator/VeckaWidgetExtension.build/Objects-normal/arm64/VeckaWidgetExtension.swiftmodule -validate-clang-modules-once -clang-build-session-file /Users/nilsjohansson/Library/Developer/Xcode/DerivedData/ModuleCache.noindex/Session.modulevalidation -Xcc -I/Users/nilsjohansson/Library/Developer/Xcode/DerivedData/Vecka-coqapuvxhkxauhefoeizzbmchsqi/Build/Intermediates.noindex/Vecka.build/Debug-iphonesimulator/VeckaWidgetExtension.build/swift-overrides.hmap -emit-const-values -Xfrontend -const-gather-protocols-file -Xfrontend /Users/nilsjohansson/Library/Developer/Xcode/DerivedData/Vecka-coqapuvxhkxauhefoeizzbmchsqi/Build/Intermediates.noindex/Vecka.build/Debug-iphonesimulator/VeckaWidgetExtension.build/Objects-normal/arm64/VeckaWidgetExtension_const_extract_protocols.json -Xcc -iquote -Xcc /Users/nilsjohansson/Library/Developer/Xcode/DerivedData/Vecka-coqapuvxhkxauhefoeizzbmchsqi/Build/Intermediates.noindex/Vecka.build/Debug-iphonesimulator/VeckaWidgetExtension.build/VeckaWidgetExtension-generated-files.hmap -Xcc -I/Users/nilsjohansson/Library/Developer/Xcode/DerivedData/Vecka-coqapuvxhkxauhefoeizzbmchsqi/Build/Intermediates.noindex/Vecka.build/Debug-iphonesimulator/VeckaWidgetExtension.build/VeckaWidgetExtension-own-target-headers.hmap -Xcc -I/Users/nilsjohansson/Library/Developer/Xcode/DerivedData/Vecka-coqapuvxhkxauhefoeizzbmchsqi/Build/Intermediates.noindex/Vecka.build/Debug-iphonesimulator/VeckaWidgetExtension.build/VeckaWidgetExtension-all-target-headers.hmap -Xcc -iquote -Xcc /Users/nilsjohansson/Library/Developer/Xcode/DerivedData/Vecka-coqapuvxhkxauhefoeizzbmchsqi/Build/Intermediates.noindex/Vecka.build/Debug-iphonesimulator/VeckaWidgetExtension.build/VeckaWidgetExtension-project-headers.hmap -Xcc -I/Users/nilsjohansson/Library/Developer/Xcode/DerivedData/Vecka-coqapuvxhkxauhefoeizzbmchsqi/Build/Products/Debug-iphonesimulator/include -Xcc -I/Users/nilsjohansson/Library/Developer/Xcode/DerivedData/Vecka-coqapuvxhkxauhefoeizzbmchsqi/Build/Intermediates.noindex/Vecka.build/Debug-iphonesimulator/VeckaWidgetExtension.build/DerivedSources-normal/arm64 -Xcc -I/Users/nilsjohansson/Library/Developer/Xcode/DerivedData/Vecka-coqapuvxhkxauhefoeizzbmchsqi/Build/Intermediates.noindex/Vecka.build/Debug-iphonesimulator/VeckaWidgetExtension.build/DerivedSources/arm64 -Xcc -I/Users/nilsjohansson/Library/Developer/Xcode/DerivedData/Vecka-coqapuvxhkxauhefoeizzbmchsqi/Build/Intermediates.noindex/Vecka.build/Debug-iphonesimulator/VeckaWidgetExtension.build/DerivedSources -Xcc -DDEBUG\=1 -emit-objc-header -emit-objc-header-path /Users/nilsjohansson/Library/Developer/Xcode/DerivedData/Vecka-coqapuvxhkxauhefoeizzbmchsqi/Build/Intermediates.noindex/Vecka.build/Debug-iphonesimulator/VeckaWidgetExtension.build/Objects-normal/arm64/VeckaWidgetExtension-Swift.h -working-directory /Users/nilsjohansson/Documents/AppDevelopment/Swift/Vecka -experimental-emit-module-separately -disable-cmo

SwiftCompile normal arm64 Compiling\ ExtraLargeWidgetView.swift,\ LargeWidgetView.swift /Users/nilsjohansson/Documents/AppDevelopment/Swift/Vecka/VeckaWidget/Views/ExtraLargeWidgetView.swift /Users/nilsjohansson/Documents/AppDevelopment/Swift/Vecka/VeckaWidget/Views/LargeWidgetView.swift (in target 'VeckaWidgetExtension' from project 'Vecka')

SwiftCompile normal arm64 /Users/nilsjohansson/Documents/AppDevelopment/Swift/Vecka/VeckaWidget/Views/ExtraLargeWidgetView.swift (in target 'VeckaWidgetExtension' from project 'Vecka')
    cd /Users/nilsjohansson/Documents/AppDevelopment/Swift/Vecka
    

SwiftCompile normal arm64 /Users/nilsjohansson/Documents/AppDevelopment/Swift/Vecka/VeckaWidget/Views/LargeWidgetView.swift (in target 'VeckaWidgetExtension' from project 'Vecka')
    cd /Users/nilsjohansson/Documents/AppDevelopment/Swift/Vecka
    

SwiftCompile normal arm64 Compiling\ MediumWidgetView.swift /Users/nilsjohansson/Documents/AppDevelopment/Swift/Vecka/VeckaWidget/Views/MediumWidgetView.swift (in target 'VeckaWidgetExtension' from project 'Vecka')

SwiftCompile normal arm64 /Users/nilsjohansson/Documents/AppDevelopment/Swift/Vecka/VeckaWidget/Views/MediumWidgetView.swift (in target 'VeckaWidgetExtension' from project 'Vecka')
    cd /Users/nilsjohansson/Documents/AppDevelopment/Swift/Vecka
    

SwiftCompile normal arm64 Compiling\ Provider.swift /Users/nilsjohansson/Documents/AppDevelopment/Swift/Vecka/VeckaWidget/Provider.swift (in target 'VeckaWidgetExtension' from project 'Vecka')

SwiftCompile normal arm64 /Users/nilsjohansson/Documents/AppDevelopment/Swift/Vecka/VeckaWidget/Provider.swift (in target 'VeckaWidgetExtension' from project 'Vecka')
    cd /Users/nilsjohansson/Documents/AppDevelopment/Swift/Vecka
    

SwiftCompile normal arm64 Compiling\ VeckaWidget.swift /Users/nilsjohansson/Documents/AppDevelopment/Swift/Vecka/VeckaWidget/VeckaWidget.swift (in target 'VeckaWidgetExtension' from project 'Vecka')

SwiftCompile normal arm64 /Users/nilsjohansson/Documents/AppDevelopment/Swift/Vecka/VeckaWidget/VeckaWidget.swift (in target 'VeckaWidgetExtension' from project 'Vecka')
    cd /Users/nilsjohansson/Documents/AppDevelopment/Swift/Vecka
    

SwiftCompile normal arm64 Compiling\ Theme.swift /Users/nilsjohansson/Documents/AppDevelopment/Swift/Vecka/VeckaWidget/Theme.swift (in target 'VeckaWidgetExtension' from project 'Vecka')

SwiftCompile normal arm64 /Users/nilsjohansson/Documents/AppDevelopment/Swift/Vecka/VeckaWidget/Theme.swift (in target 'VeckaWidgetExtension' from project 'Vecka')
    cd /Users/nilsjohansson/Documents/AppDevelopment/Swift/Vecka
    

SwiftCompile normal arm64 Compiling\ SmallWidgetView.swift /Users/nilsjohansson/Documents/AppDevelopment/Swift/Vecka/VeckaWidget/Views/SmallWidgetView.swift (in target 'VeckaWidgetExtension' from project 'Vecka')

SwiftCompile normal arm64 /Users/nilsjohansson/Documents/AppDevelopment/Swift/Vecka/VeckaWidget/Views/SmallWidgetView.swift (in target 'VeckaWidgetExtension' from project 'Vecka')
    cd /Users/nilsjohansson/Documents/AppDevelopment/Swift/Vecka
    

SwiftCompile normal arm64 Compiling\ BackgroundPattern.swift,\ DayCell.swift /Users/nilsjohansson/Documents/AppDevelopment/Swift/Vecka/VeckaWidget/Components/BackgroundPattern.swift /Users/nilsjohansson/Documents/AppDevelopment/Swift/Vecka/VeckaWidget/Components/DayCell.swift (in target 'VeckaWidgetExtension' from project 'Vecka')

SwiftCompile normal arm64 /Users/nilsjohansson/Documents/AppDevelopment/Swift/Vecka/VeckaWidget/Components/BackgroundPattern.swift (in target 'VeckaWidgetExtension' from project 'Vecka')
    cd /Users/nilsjohansson/Documents/AppDevelopment/Swift/Vecka
    

SwiftCompile normal arm64 /Users/nilsjohansson/Documents/AppDevelopment/Swift/Vecka/VeckaWidget/Components/DayCell.swift (in target 'VeckaWidgetExtension' from project 'Vecka')
    cd /Users/nilsjohansson/Documents/AppDevelopment/Swift/Vecka
    

SwiftEmitModule normal arm64 Emitting\ module\ for\ VeckaWidgetExtension (in target 'VeckaWidgetExtension' from project 'Vecka')

EmitSwiftModule normal arm64 (in target 'VeckaWidgetExtension' from project 'Vecka')
    cd /Users/nilsjohansson/Documents/AppDevelopment/Swift/Vecka
    

SwiftCompile normal arm64 Compiling\ WidgetHolidayEngine.swift /Users/nilsjohansson/Documents/AppDevelopment/Swift/Vecka/VeckaWidget/WidgetHolidayEngine.swift (in target 'VeckaWidgetExtension' from project 'Vecka')

SwiftCompile normal arm64 /Users/nilsjohansson/Documents/AppDevelopment/Swift/Vecka/VeckaWidget/WidgetHolidayEngine.swift (in target 'VeckaWidgetExtension' from project 'Vecka')
    cd /Users/nilsjohansson/Documents/AppDevelopment/Swift/Vecka
    

SwiftDriverJobDiscovery normal arm64 Compiling VeckaWidget.swift (in target 'VeckaWidgetExtension' from project 'Vecka')

SwiftDriverJobDiscovery normal arm64 Emitting module for VeckaWidgetExtension (in target 'VeckaWidgetExtension' from project 'Vecka')

SwiftDriver\ Compilation\ Requirements VeckaWidgetExtension normal arm64 com.apple.xcode.tools.swift.compiler (in target 'VeckaWidgetExtension' from project 'Vecka')
    cd /Users/nilsjohansson/Documents/AppDevelopment/Swift/Vecka
    builtin-Swift-Compilation-Requirements -- /Applications/Xcode.app/Contents/Developer/Toolchains/XcodeDefault.xctoolchain/usr/bin/swiftc -module-name VeckaWidgetExtension -Onone -enforce-exclusivity\=checked @/Users/nilsjohansson/Library/Developer/Xcode/DerivedData/Vecka-coqapuvxhkxauhefoeizzbmchsqi/Build/Intermediates.noindex/Vecka.build/Debug-iphonesimulator/VeckaWidgetExtension.build/Objects-normal/arm64/VeckaWidgetExtension.SwiftFileList -DDEBUG -enable-bare-slash-regex -enable-experimental-feature DebugDescriptionMacro -sdk /Applications/Xcode.app/Contents/Developer/Platforms/iPhoneSimulator.platform/Developer/SDKs/iPhoneSimulator26.2.sdk -target arm64-apple-ios26.0-simulator -g -module-cache-path /Users/nilsjohansson/Library/Developer/Xcode/DerivedData/ModuleCache.noindex -Xfrontend -serialize-debugging-options -application-extension -profile-coverage-mapping -profile-generate -enable-testing -index-store-path /Users/nilsjohansson/Library/Developer/Xcode/DerivedData/Vecka-coqapuvxhkxauhefoeizzbmchsqi/Index.noindex/DataStore -Xcc -D_LIBCPP_HARDENING_MODE\=_LIBCPP_HARDENING_MODE_DEBUG -swift-version 5 -I /Users/nilsjohansson/Library/Developer/Xcode/DerivedData/Vecka-coqapuvxhkxauhefoeizzbmchsqi/Build/Products/Debug-iphonesimulator -F /Users/nilsjohansson/Library/Developer/Xcode/DerivedData/Vecka-coqapuvxhkxauhefoeizzbmchsqi/Build/Products/Debug-iphonesimulator -emit-localized-strings -emit-localized-strings-path /Users/nilsjohansson/Library/Developer/Xcode/DerivedData/Vecka-coqapuvxhkxauhefoeizzbmchsqi/Build/Intermediates.noindex/Vecka.build/Debug-iphonesimulator/VeckaWidgetExtension.build/Objects-normal/arm64 -c -j8 -enable-batch-mode -incremental -Xcc -ivfsstatcache -Xcc /Users/nilsjohansson/Library/Developer/Xcode/DerivedData/SDKStatCaches.noindex/iphonesimulator26.2-23C53-7d00a8b37fbd7999ea79df8ebc024bf0.sdkstatcache -output-file-map /Users/nilsjohansson/Library/Developer/Xcode/DerivedData/Vecka-coqapuvxhkxauhefoeizzbmchsqi/Build/Intermediates.noindex/Vecka.build/Debug-iphonesimulator/VeckaWidgetExtension.build/Objects-normal/arm64/VeckaWidgetExtension-OutputFileMap.json -use-frontend-parseable-output -save-temps -no-color-diagnostics -explicit-module-build -module-cache-path /Users/nilsjohansson/Library/Developer/Xcode/DerivedData/Vecka-coqapuvxhkxauhefoeizzbmchsqi/Build/Intermediates.noindex/SwiftExplicitPrecompiledModules -clang-scanner-module-cache-path /Users/nilsjohansson/Library/Developer/Xcode/DerivedData/ModuleCache.noindex -sdk-module-cache-path /Users/nilsjohansson/Library/Developer/Xcode/DerivedData/ModuleCache.noindex -serialize-diagnostics -emit-dependencies -emit-module -emit-module-path /Users/nilsjohansson/Library/Developer/Xcode/DerivedData/Vecka-coqapuvxhkxauhefoeizzbmchsqi/Build/Intermediates.noindex/Vecka.build/Debug-iphonesimulator/VeckaWidgetExtension.build/Objects-normal/arm64/VeckaWidgetExtension.swiftmodule -validate-clang-modules-once -clang-build-session-file /Users/nilsjohansson/Library/Developer/Xcode/DerivedData/ModuleCache.noindex/Session.modulevalidation -Xcc -I/Users/nilsjohansson/Library/Developer/Xcode/DerivedData/Vecka-coqapuvxhkxauhefoeizzbmchsqi/Build/Intermediates.noindex/Vecka.build/Debug-iphonesimulator/VeckaWidgetExtension.build/swift-overrides.hmap -emit-const-values -Xfrontend -const-gather-protocols-file -Xfrontend /Users/nilsjohansson/Library/Developer/Xcode/DerivedData/Vecka-coqapuvxhkxauhefoeizzbmchsqi/Build/Intermediates.noindex/Vecka.build/Debug-iphonesimulator/VeckaWidgetExtension.build/Objects-normal/arm64/VeckaWidgetExtension_const_extract_protocols.json -Xcc -iquote -Xcc /Users/nilsjohansson/Library/Developer/Xcode/DerivedData/Vecka-coqapuvxhkxauhefoeizzbmchsqi/Build/Intermediates.noindex/Vecka.build/Debug-iphonesimulator/VeckaWidgetExtension.build/VeckaWidgetExtension-generated-files.hmap -Xcc -I/Users/nilsjohansson/Library/Developer/Xcode/DerivedData/Vecka-coqapuvxhkxauhefoeizzbmchsqi/Build/Intermediates.noindex/Vecka.build/Debug-iphonesimulator/VeckaWidgetExtension.build/VeckaWidgetExtension-own-target-headers.hmap -Xcc -I/Users/nilsjohansson/Library/Developer/Xcode/DerivedData/Vecka-coqapuvxhkxauhefoeizzbmchsqi/Build/Intermediates.noindex/Vecka.build/Debug-iphonesimulator/VeckaWidgetExtension.build/VeckaWidgetExtension-all-target-headers.hmap -Xcc -iquote -Xcc /Users/nilsjohansson/Library/Developer/Xcode/DerivedData/Vecka-coqapuvxhkxauhefoeizzbmchsqi/Build/Intermediates.noindex/Vecka.build/Debug-iphonesimulator/VeckaWidgetExtension.build/VeckaWidgetExtension-project-headers.hmap -Xcc -I/Users/nilsjohansson/Library/Developer/Xcode/DerivedData/Vecka-coqapuvxhkxauhefoeizzbmchsqi/Build/Products/Debug-iphonesimulator/include -Xcc -I/Users/nilsjohansson/Library/Developer/Xcode/DerivedData/Vecka-coqapuvxhkxauhefoeizzbmchsqi/Build/Intermediates.noindex/Vecka.build/Debug-iphonesimulator/VeckaWidgetExtension.build/DerivedSources-normal/arm64 -Xcc -I/Users/nilsjohansson/Library/Developer/Xcode/DerivedData/Vecka-coqapuvxhkxauhefoeizzbmchsqi/Build/Intermediates.noindex/Vecka.build/Debug-iphonesimulator/VeckaWidgetExtension.build/DerivedSources/arm64 -Xcc -I/Users/nilsjohansson/Library/Developer/Xcode/DerivedData/Vecka-coqapuvxhkxauhefoeizzbmchsqi/Build/Intermediates.noindex/Vecka.build/Debug-iphonesimulator/VeckaWidgetExtension.build/DerivedSources -Xcc -DDEBUG\=1 -emit-objc-header -emit-objc-header-path /Users/nilsjohansson/Library/Developer/Xcode/DerivedData/Vecka-coqapuvxhkxauhefoeizzbmchsqi/Build/Intermediates.noindex/Vecka.build/Debug-iphonesimulator/VeckaWidgetExtension.build/Objects-normal/arm64/VeckaWidgetExtension-Swift.h -working-directory /Users/nilsjohansson/Documents/AppDevelopment/Swift/Vecka -experimental-emit-module-separately -disable-cmo

SwiftMergeGeneratedHeaders /Users/nilsjohansson/Library/Developer/Xcode/DerivedData/Vecka-coqapuvxhkxauhefoeizzbmchsqi/Build/Intermediates.noindex/Vecka.build/Debug-iphonesimulator/VeckaWidgetExtension.build/DerivedSources/VeckaWidgetExtension-Swift.h /Users/nilsjohansson/Library/Developer/Xcode/DerivedData/Vecka-coqapuvxhkxauhefoeizzbmchsqi/Build/Intermediates.noindex/Vecka.build/Debug-iphonesimulator/VeckaWidgetExtension.build/Objects-normal/arm64/VeckaWidgetExtension-Swift.h (in target 'VeckaWidgetExtension' from project 'Vecka')
    cd /Users/nilsjohansson/Documents/AppDevelopment/Swift/Vecka
    builtin-swiftHeaderTool -arch arm64 /Users/nilsjohansson/Library/Developer/Xcode/DerivedData/Vecka-coqapuvxhkxauhefoeizzbmchsqi/Build/Intermediates.noindex/Vecka.build/Debug-iphonesimulator/VeckaWidgetExtension.build/Objects-normal/arm64/VeckaWidgetExtension-Swift.h -o /Users/nilsjohansson/Library/Developer/Xcode/DerivedData/Vecka-coqapuvxhkxauhefoeizzbmchsqi/Build/Intermediates.noindex/Vecka.build/Debug-iphonesimulator/VeckaWidgetExtension.build/DerivedSources/VeckaWidgetExtension-Swift.h

Copy /Users/nilsjohansson/Library/Developer/Xcode/DerivedData/Vecka-coqapuvxhkxauhefoeizzbmchsqi/Build/Products/Debug-iphonesimulator/VeckaWidgetExtension.swiftmodule/arm64-apple-ios-simulator.swiftmodule /Users/nilsjohansson/Library/Developer/Xcode/DerivedData/Vecka-coqapuvxhkxauhefoeizzbmchsqi/Build/Intermediates.noindex/Vecka.build/Debug-iphonesimulator/VeckaWidgetExtension.build/Objects-normal/arm64/VeckaWidgetExtension.swiftmodule (in target 'VeckaWidgetExtension' from project 'Vecka')
    cd /Users/nilsjohansson/Documents/AppDevelopment/Swift/Vecka
    builtin-copy -exclude .DS_Store -exclude CVS -exclude .svn -exclude .git -exclude .hg -resolve-src-symlinks -rename /Users/nilsjohansson/Library/Developer/Xcode/DerivedData/Vecka-coqapuvxhkxauhefoeizzbmchsqi/Build/Intermediates.noindex/Vecka.build/Debug-iphonesimulator/VeckaWidgetExtension.build/Objects-normal/arm64/VeckaWidgetExtension.swiftmodule /Users/nilsjohansson/Library/Developer/Xcode/DerivedData/Vecka-coqapuvxhkxauhefoeizzbmchsqi/Build/Products/Debug-iphonesimulator/VeckaWidgetExtension.swiftmodule/arm64-apple-ios-simulator.swiftmodule

Copy /Users/nilsjohansson/Library/Developer/Xcode/DerivedData/Vecka-coqapuvxhkxauhefoeizzbmchsqi/Build/Products/Debug-iphonesimulator/VeckaWidgetExtension.swiftmodule/arm64-apple-ios-simulator.swiftdoc /Users/nilsjohansson/Library/Developer/Xcode/DerivedData/Vecka-coqapuvxhkxauhefoeizzbmchsqi/Build/Intermediates.noindex/Vecka.build/Debug-iphonesimulator/VeckaWidgetExtension.build/Objects-normal/arm64/VeckaWidgetExtension.swiftdoc (in target 'VeckaWidgetExtension' from project 'Vecka')
    cd /Users/nilsjohansson/Documents/AppDevelopment/Swift/Vecka
    builtin-copy -exclude .DS_Store -exclude CVS -exclude .svn -exclude .git -exclude .hg -resolve-src-symlinks -rename /Users/nilsjohansson/Library/Developer/Xcode/DerivedData/Vecka-coqapuvxhkxauhefoeizzbmchsqi/Build/Intermediates.noindex/Vecka.build/Debug-iphonesimulator/VeckaWidgetExtension.build/Objects-normal/arm64/VeckaWidgetExtension.swiftdoc /Users/nilsjohansson/Library/Developer/Xcode/DerivedData/Vecka-coqapuvxhkxauhefoeizzbmchsqi/Build/Products/Debug-iphonesimulator/VeckaWidgetExtension.swiftmodule/arm64-apple-ios-simulator.swiftdoc

Copy /Users/nilsjohansson/Library/Developer/Xcode/DerivedData/Vecka-coqapuvxhkxauhefoeizzbmchsqi/Build/Products/Debug-iphonesimulator/VeckaWidgetExtension.swiftmodule/arm64-apple-ios-simulator.abi.json /Users/nilsjohansson/Library/Developer/Xcode/DerivedData/Vecka-coqapuvxhkxauhefoeizzbmchsqi/Build/Intermediates.noindex/Vecka.build/Debug-iphonesimulator/VeckaWidgetExtension.build/Objects-normal/arm64/VeckaWidgetExtension.abi.json (in target 'VeckaWidgetExtension' from project 'Vecka')
    cd /Users/nilsjohansson/Documents/AppDevelopment/Swift/Vecka
    builtin-copy -exclude .DS_Store -exclude CVS -exclude .svn -exclude .git -exclude .hg -resolve-src-symlinks -rename /Users/nilsjohansson/Library/Developer/Xcode/DerivedData/Vecka-coqapuvxhkxauhefoeizzbmchsqi/Build/Intermediates.noindex/Vecka.build/Debug-iphonesimulator/VeckaWidgetExtension.build/Objects-normal/arm64/VeckaWidgetExtension.abi.json /Users/nilsjohansson/Library/Developer/Xcode/DerivedData/Vecka-coqapuvxhkxauhefoeizzbmchsqi/Build/Products/Debug-iphonesimulator/VeckaWidgetExtension.swiftmodule/arm64-apple-ios-simulator.abi.json

Copy /Users/nilsjohansson/Library/Developer/Xcode/DerivedData/Vecka-coqapuvxhkxauhefoeizzbmchsqi/Build/Products/Debug-iphonesimulator/VeckaWidgetExtension.swiftmodule/Project/arm64-apple-ios-simulator.swiftsourceinfo /Users/nilsjohansson/Library/Developer/Xcode/DerivedData/Vecka-coqapuvxhkxauhefoeizzbmchsqi/Build/Intermediates.noindex/Vecka.build/Debug-iphonesimulator/VeckaWidgetExtension.build/Objects-normal/arm64/VeckaWidgetExtension.swiftsourceinfo (in target 'VeckaWidgetExtension' from project 'Vecka')
    cd /Users/nilsjohansson/Documents/AppDevelopment/Swift/Vecka
    builtin-copy -exclude .DS_Store -exclude CVS -exclude .svn -exclude .git -exclude .hg -resolve-src-symlinks -rename /Users/nilsjohansson/Library/Developer/Xcode/DerivedData/Vecka-coqapuvxhkxauhefoeizzbmchsqi/Build/Intermediates.noindex/Vecka.build/Debug-iphonesimulator/VeckaWidgetExtension.build/Objects-normal/arm64/VeckaWidgetExtension.swiftsourceinfo /Users/nilsjohansson/Library/Developer/Xcode/DerivedData/Vecka-coqapuvxhkxauhefoeizzbmchsqi/Build/Products/Debug-iphonesimulator/VeckaWidgetExtension.swiftmodule/Project/arm64-apple-ios-simulator.swiftsourceinfo

MkDir /Users/nilsjohansson/Library/Developer/Xcode/DerivedData/Vecka-coqapuvxhkxauhefoeizzbmchsqi/Build/Intermediates.noindex/Vecka.build/Debug-iphonesimulator/Vecka.build/assetcatalog_output/unthinned (in target 'Vecka' from project 'Vecka')
    cd /Users/nilsjohansson/Documents/AppDevelopment/Swift/Vecka
    /bin/mkdir -p /Users/nilsjohansson/Library/Developer/Xcode/DerivedData/Vecka-coqapuvxhkxauhefoeizzbmchsqi/Build/Intermediates.noindex/Vecka.build/Debug-iphonesimulator/Vecka.build/assetcatalog_output/unthinned

MkDir /Users/nilsjohansson/Library/Developer/Xcode/DerivedData/Vecka-coqapuvxhkxauhefoeizzbmchsqi/Build/Intermediates.noindex/Vecka.build/Debug-iphonesimulator/Vecka.build/assetcatalog_output/thinned (in target 'Vecka' from project 'Vecka')
    cd /Users/nilsjohansson/Documents/AppDevelopment/Swift/Vecka
    /bin/mkdir -p /Users/nilsjohansson/Library/Developer/Xcode/DerivedData/Vecka-coqapuvxhkxauhefoeizzbmchsqi/Build/Intermediates.noindex/Vecka.build/Debug-iphonesimulator/Vecka.build/assetcatalog_output/thinned

GenerateAssetSymbols /Users/nilsjohansson/Documents/AppDevelopment/Swift/Vecka/Vecka/Assets.xcassets (in target 'Vecka' from project 'Vecka')
    cd /Users/nilsjohansson/Documents/AppDevelopment/Swift/Vecka
    /Applications/Xcode.app/Contents/Developer/usr/bin/actool /Users/nilsjohansson/Documents/AppDevelopment/Swift/Vecka/Vecka/Assets.xcassets --compile /Users/nilsjohansson/Library/Developer/Xcode/DerivedData/Vecka-coqapuvxhkxauhefoeizzbmchsqi/Build/Products/Debug-iphonesimulator/Vecka.app --output-format human-readable-text --notices --warnings --export-dependency-info /Users/nilsjohansson/Library/Developer/Xcode/DerivedData/Vecka-coqapuvxhkxauhefoeizzbmchsqi/Build/Intermediates.noindex/Vecka.build/Debug-iphonesimulator/Vecka.build/assetcatalog_dependencies --output-partial-info-plist /Users/nilsjohansson/Library/Developer/Xcode/DerivedData/Vecka-coqapuvxhkxauhefoeizzbmchsqi/Build/Intermediates.noindex/Vecka.build/Debug-iphonesimulator/Vecka.build/assetcatalog_generated_info.plist --app-icon AppIcon --accent-color AccentColor --compress-pngs --enable-on-demand-resources YES --development-region en --target-device iphone --target-device ipad --minimum-deployment-target 26.0 --platform iphonesimulator --bundle-identifier Johansson.Vecka --generate-swift-asset-symbols /Users/nilsjohansson/Library/Developer/Xcode/DerivedData/Vecka-coqapuvxhkxauhefoeizzbmchsqi/Build/Intermediates.noindex/Vecka.build/Debug-iphonesimulator/Vecka.build/DerivedSources/GeneratedAssetSymbols.swift --generate-objc-asset-symbols /Users/nilsjohansson/Library/Developer/Xcode/DerivedData/Vecka-coqapuvxhkxauhefoeizzbmchsqi/Build/Intermediates.noindex/Vecka.build/Debug-iphonesimulator/Vecka.build/DerivedSources/GeneratedAssetSymbols.h --generate-asset-symbol-index /Users/nilsjohansson/Library/Developer/Xcode/DerivedData/Vecka-coqapuvxhkxauhefoeizzbmchsqi/Build/Intermediates.noindex/Vecka.build/Debug-iphonesimulator/Vecka.build/DerivedSources/GeneratedAssetSymbols-Index.plist
/* com.apple.actool.compilation-results */
/Users/nilsjohansson/Library/Developer/Xcode/DerivedData/Vecka-coqapuvxhkxauhefoeizzbmchsqi/Build/Intermediates.noindex/Vecka.build/Debug-iphonesimulator/Vecka.build/DerivedSources/GeneratedAssetSymbols-Index.plist
/Users/nilsjohansson/Library/Developer/Xcode/DerivedData/Vecka-coqapuvxhkxauhefoeizzbmchsqi/Build/Intermediates.noindex/Vecka.build/Debug-iphonesimulator/Vecka.build/DerivedSources/GeneratedAssetSymbols.h
/Users/nilsjohansson/Library/Developer/Xcode/DerivedData/Vecka-coqapuvxhkxauhefoeizzbmchsqi/Build/Intermediates.noindex/Vecka.build/Debug-iphonesimulator/Vecka.build/DerivedSources/GeneratedAssetSymbols.swift


CompileAssetCatalogVariant thinned /Users/nilsjohansson/Library/Developer/Xcode/DerivedData/Vecka-coqapuvxhkxauhefoeizzbmchsqi/Build/Products/Debug-iphonesimulator/Vecka.app /Users/nilsjohansson/Documents/AppDevelopment/Swift/Vecka/Vecka/Assets.xcassets (in target 'Vecka' from project 'Vecka')
    cd /Users/nilsjohansson/Documents/AppDevelopment/Swift/Vecka
    /Applications/Xcode.app/Contents/Developer/usr/bin/actool /Users/nilsjohansson/Documents/AppDevelopment/Swift/Vecka/Vecka/Assets.xcassets --compile /Users/nilsjohansson/Library/Developer/Xcode/DerivedData/Vecka-coqapuvxhkxauhefoeizzbmchsqi/Build/Intermediates.noindex/Vecka.build/Debug-iphonesimulator/Vecka.build/assetcatalog_output/thinned --output-format human-readable-text --notices --warnings --export-dependency-info /Users/nilsjohansson/Library/Developer/Xcode/DerivedData/Vecka-coqapuvxhkxauhefoeizzbmchsqi/Build/Intermediates.noindex/Vecka.build/Debug-iphonesimulator/Vecka.build/assetcatalog_dependencies_thinned --output-partial-info-plist /Users/nilsjohansson/Library/Developer/Xcode/DerivedData/Vecka-coqapuvxhkxauhefoeizzbmchsqi/Build/Intermediates.noindex/Vecka.build/Debug-iphonesimulator/Vecka.build/assetcatalog_generated_info.plist_thinned --app-icon AppIcon --accent-color AccentColor --compress-pngs --enable-on-demand-resources YES --filter-for-thinning-device-configuration iPhone18,1 --filter-for-device-os-version 26.2 --development-region en --target-device iphone --target-device ipad --minimum-deployment-target 26.0 --platform iphonesimulator
/* com.apple.actool.compilation-results */
/Users/nilsjohansson/Library/Developer/Xcode/DerivedData/Vecka-coqapuvxhkxauhefoeizzbmchsqi/Build/Intermediates.noindex/Vecka.build/Debug-iphonesimulator/Vecka.build/assetcatalog_generated_info.plist_thinned
/Users/nilsjohansson/Library/Developer/Xcode/DerivedData/Vecka-coqapuvxhkxauhefoeizzbmchsqi/Build/Intermediates.noindex/Vecka.build/Debug-iphonesimulator/Vecka.build/assetcatalog_output/thinned/AppIcon60x60@2x.png
/Users/nilsjohansson/Library/Developer/Xcode/DerivedData/Vecka-coqapuvxhkxauhefoeizzbmchsqi/Build/Intermediates.noindex/Vecka.build/Debug-iphonesimulator/Vecka.build/assetcatalog_output/thinned/AppIcon76x76@2x~ipad.png
/Users/nilsjohansson/Library/Developer/Xcode/DerivedData/Vecka-coqapuvxhkxauhefoeizzbmchsqi/Build/Intermediates.noindex/Vecka.build/Debug-iphonesimulator/Vecka.build/assetcatalog_output/thinned/Assets.car


SwiftDriverJobDiscovery normal arm64 Compiling SmallWidgetView.swift (in target 'VeckaWidgetExtension' from project 'Vecka')

SwiftDriver Vecka normal arm64 com.apple.xcode.tools.swift.compiler (in target 'Vecka' from project 'Vecka')
    cd /Users/nilsjohansson/Documents/AppDevelopment/Swift/Vecka
    builtin-SwiftDriver -- /Applications/Xcode.app/Contents/Developer/Toolchains/XcodeDefault.xctoolchain/usr/bin/swiftc -module-name Vecka -Onone -enforce-exclusivity\=checked @/Users/nilsjohansson/Library/Developer/Xcode/DerivedData/Vecka-coqapuvxhkxauhefoeizzbmchsqi/Build/Intermediates.noindex/Vecka.build/Debug-iphonesimulator/Vecka.build/Objects-normal/arm64/Vecka.SwiftFileList -DDEBUG -enable-bare-slash-regex -enable-experimental-feature DebugDescriptionMacro -sdk /Applications/Xcode.app/Contents/Developer/Platforms/iPhoneSimulator.platform/Developer/SDKs/iPhoneSimulator26.2.sdk -target arm64-apple-ios26.0-simulator -g -module-cache-path /Users/nilsjohansson/Library/Developer/Xcode/DerivedData/ModuleCache.noindex -Xfrontend -serialize-debugging-options -profile-coverage-mapping -profile-generate -enable-testing -index-store-path /Users/nilsjohansson/Library/Developer/Xcode/DerivedData/Vecka-coqapuvxhkxauhefoeizzbmchsqi/Index.noindex/DataStore -Xcc -D_LIBCPP_HARDENING_MODE\=_LIBCPP_HARDENING_MODE_DEBUG -swift-version 5 -I /Users/nilsjohansson/Library/Developer/Xcode/DerivedData/Vecka-coqapuvxhkxauhefoeizzbmchsqi/Build/Products/Debug-iphonesimulator -F /Users/nilsjohansson/Library/Developer/Xcode/DerivedData/Vecka-coqapuvxhkxauhefoeizzbmchsqi/Build/Products/Debug-iphonesimulator -emit-localized-strings -emit-localized-strings-path /Users/nilsjohansson/Library/Developer/Xcode/DerivedData/Vecka-coqapuvxhkxauhefoeizzbmchsqi/Build/Intermediates.noindex/Vecka.build/Debug-iphonesimulator/Vecka.build/Objects-normal/arm64 -c -j8 -enable-batch-mode -incremental -Xcc -ivfsstatcache -Xcc /Users/nilsjohansson/Library/Developer/Xcode/DerivedData/SDKStatCaches.noindex/iphonesimulator26.2-23C53-7d00a8b37fbd7999ea79df8ebc024bf0.sdkstatcache -output-file-map /Users/nilsjohansson/Library/Developer/Xcode/DerivedData/Vecka-coqapuvxhkxauhefoeizzbmchsqi/Build/Intermediates.noindex/Vecka.build/Debug-iphonesimulator/Vecka.build/Objects-normal/arm64/Vecka-OutputFileMap.json -use-frontend-parseable-output -save-temps -no-color-diagnostics -explicit-module-build -module-cache-path /Users/nilsjohansson/Library/Developer/Xcode/DerivedData/Vecka-coqapuvxhkxauhefoeizzbmchsqi/Build/Intermediates.noindex/SwiftExplicitPrecompiledModules -clang-scanner-module-cache-path /Users/nilsjohansson/Library/Developer/Xcode/DerivedData/ModuleCache.noindex -sdk-module-cache-path /Users/nilsjohansson/Library/Developer/Xcode/DerivedData/ModuleCache.noindex -serialize-diagnostics -emit-dependencies -emit-module -emit-module-path /Users/nilsjohansson/Library/Developer/Xcode/DerivedData/Vecka-coqapuvxhkxauhefoeizzbmchsqi/Build/Intermediates.noindex/Vecka.build/Debug-iphonesimulator/Vecka.build/Objects-normal/arm64/Vecka.swiftmodule -validate-clang-modules-once -clang-build-session-file /Users/nilsjohansson/Library/Developer/Xcode/DerivedData/ModuleCache.noindex/Session.modulevalidation -Xcc -I/Users/nilsjohansson/Library/Developer/Xcode/DerivedData/Vecka-coqapuvxhkxauhefoeizzbmchsqi/Build/Intermediates.noindex/Vecka.build/Debug-iphonesimulator/Vecka.build/swift-overrides.hmap -emit-const-values -Xfrontend -const-gather-protocols-file -Xfrontend /Users/nilsjohansson/Library/Developer/Xcode/DerivedData/Vecka-coqapuvxhkxauhefoeizzbmchsqi/Build/Intermediates.noindex/Vecka.build/Debug-iphonesimulator/Vecka.build/Objects-normal/arm64/Vecka_const_extract_protocols.json -Xcc -iquote -Xcc /Users/nilsjohansson/Library/Developer/Xcode/DerivedData/Vecka-coqapuvxhkxauhefoeizzbmchsqi/Build/Intermediates.noindex/Vecka.build/Debug-iphonesimulator/Vecka.build/Vecka-generated-files.hmap -Xcc -I/Users/nilsjohansson/Library/Developer/Xcode/DerivedData/Vecka-coqapuvxhkxauhefoeizzbmchsqi/Build/Intermediates.noindex/Vecka.build/Debug-iphonesimulator/Vecka.build/Vecka-own-target-headers.hmap -Xcc -I/Users/nilsjohansson/Library/Developer/Xcode/DerivedData/Vecka-coqapuvxhkxauhefoeizzbmchsqi/Build/Intermediates.noindex/Vecka.build/Debug-iphonesimulator/Vecka.build/Vecka-all-target-headers.hmap -Xcc -iquote -Xcc /Users/nilsjohansson/Library/Developer/Xcode/DerivedData/Vecka-coqapuvxhkxauhefoeizzbmchsqi/Build/Intermediates.noindex/Vecka.build/Debug-iphonesimulator/Vecka.build/Vecka-project-headers.hmap -Xcc -I/Users/nilsjohansson/Library/Developer/Xcode/DerivedData/Vecka-coqapuvxhkxauhefoeizzbmchsqi/Build/Products/Debug-iphonesimulator/include -Xcc -I/Users/nilsjohansson/Library/Developer/Xcode/DerivedData/Vecka-coqapuvxhkxauhefoeizzbmchsqi/Build/Intermediates.noindex/Vecka.build/Debug-iphonesimulator/Vecka.build/DerivedSources-normal/arm64 -Xcc -I/Users/nilsjohansson/Library/Developer/Xcode/DerivedData/Vecka-coqapuvxhkxauhefoeizzbmchsqi/Build/Intermediates.noindex/Vecka.build/Debug-iphonesimulator/Vecka.build/DerivedSources/arm64 -Xcc -I/Users/nilsjohansson/Library/Developer/Xcode/DerivedData/Vecka-coqapuvxhkxauhefoeizzbmchsqi/Build/Intermediates.noindex/Vecka.build/Debug-iphonesimulator/Vecka.build/DerivedSources -Xcc -DDEBUG\=1 -emit-objc-header -emit-objc-header-path /Users/nilsjohansson/Library/Developer/Xcode/DerivedData/Vecka-coqapuvxhkxauhefoeizzbmchsqi/Build/Intermediates.noindex/Vecka.build/Debug-iphonesimulator/Vecka.build/Objects-normal/arm64/Vecka-Swift.h -working-directory /Users/nilsjohansson/Documents/AppDevelopment/Swift/Vecka -experimental-emit-module-separately -disable-cmo

SwiftDriverJobDiscovery normal arm64 Compiling Provider.swift (in target 'VeckaWidgetExtension' from project 'Vecka')

SwiftDriverJobDiscovery normal arm64 Compiling Theme.swift (in target 'VeckaWidgetExtension' from project 'Vecka')

SwiftDriverJobDiscovery normal arm64 Compiling BackgroundPattern.swift, DayCell.swift (in target 'VeckaWidgetExtension' from project 'Vecka')

SwiftDriverJobDiscovery normal arm64 Compiling MediumWidgetView.swift (in target 'VeckaWidgetExtension' from project 'Vecka')

SwiftDriverJobDiscovery normal arm64 Compiling WidgetHolidayEngine.swift (in target 'VeckaWidgetExtension' from project 'Vecka')

SwiftEmitModule normal arm64 Emitting\ module\ for\ Vecka (in target 'Vecka' from project 'Vecka')
EmitSwiftModule normal arm64 (in target 'Vecka' from project 'Vecka')
    cd /Users/nilsjohansson/Documents/AppDevelopment/Swift/Vecka
    

SwiftCompile normal arm64 Compiling\ CalendarManager.swift,\ CalendarModels.swift,\ CalendarRule.swift,\ ConfigurationModels.swift,\ ContactModels.swift,\ CountdownEvent.swift,\ CountdownManager.swift,\ DailyNote.swift,\ ExpenseModels.swift,\ HolidayEngine.swift,\ HolidayManager.swift /Users/nilsjohansson/Documents/AppDevelopment/Swift/Vecka/Vecka/Models/CalendarManager.swift /Users/nilsjohansson/Documents/AppDevelopment/Swift/Vecka/Vecka/Models/CalendarModels.swift /Users/nilsjohansson/Documents/AppDevelopment/Swift/Vecka/Vecka/Models/CalendarRule.swift /Users/nilsjohansson/Documents/AppDevelopment/Swift/Vecka/Vecka/Models/ConfigurationModels.swift /Users/nilsjohansson/Documents/AppDevelopment/Swift/Vecka/Vecka/Models/ContactModels.swift /Users/nilsjohansson/Documents/AppDevelopment/Swift/Vecka/Vecka/Models/CountdownEvent.swift /Users/nilsjohansson/Documents/AppDevelopment/Swift/Vecka/Vecka/Models/CountdownManager.swift /Users/nilsjohansson/Documents/AppDevelopment/Swift/Vecka/Vecka/Models/DailyNote.swift /Users/nilsjohansson/Documents/AppDevelopment/Swift/Vecka/Vecka/Models/ExpenseModels.swift /Users/nilsjohansson/Documents/AppDevelopment/Swift/Vecka/Vecka/Models/HolidayEngine.swift /Users/nilsjohansson/Documents/AppDevelopment/Swift/Vecka/Vecka/Models/HolidayManager.swift (in target 'Vecka' from project 'Vecka')
SwiftCompile normal arm64 /Users/nilsjohansson/Documents/AppDevelopment/Swift/Vecka/Vecka/Models/CalendarManager.swift (in target 'Vecka' from project 'Vecka')
    cd /Users/nilsjohansson/Documents/AppDevelopment/Swift/Vecka
    

SwiftCompile normal arm64 /Users/nilsjohansson/Documents/AppDevelopment/Swift/Vecka/Vecka/Models/CalendarModels.swift (in target 'Vecka' from project 'Vecka')
    cd /Users/nilsjohansson/Documents/AppDevelopment/Swift/Vecka
    

SwiftCompile normal arm64 /Users/nilsjohansson/Documents/AppDevelopment/Swift/Vecka/Vecka/Models/CalendarRule.swift (in target 'Vecka' from project 'Vecka')
    cd /Users/nilsjohansson/Documents/AppDevelopment/Swift/Vecka
    

SwiftCompile normal arm64 /Users/nilsjohansson/Documents/AppDevelopment/Swift/Vecka/Vecka/Models/ConfigurationModels.swift (in target 'Vecka' from project 'Vecka')
    cd /Users/nilsjohansson/Documents/AppDevelopment/Swift/Vecka
    

SwiftCompile normal arm64 /Users/nilsjohansson/Documents/AppDevelopment/Swift/Vecka/Vecka/Models/ContactModels.swift (in target 'Vecka' from project 'Vecka')
    cd /Users/nilsjohansson/Documents/AppDevelopment/Swift/Vecka
    

SwiftCompile normal arm64 /Users/nilsjohansson/Documents/AppDevelopment/Swift/Vecka/Vecka/Models/CountdownEvent.swift (in target 'Vecka' from project 'Vecka')
    cd /Users/nilsjohansson/Documents/AppDevelopment/Swift/Vecka
    

SwiftCompile normal arm64 /Users/nilsjohansson/Documents/AppDevelopment/Swift/Vecka/Vecka/Models/CountdownManager.swift (in target 'Vecka' from project 'Vecka')
    cd /Users/nilsjohansson/Documents/AppDevelopment/Swift/Vecka
    

SwiftCompile normal arm64 /Users/nilsjohansson/Documents/AppDevelopment/Swift/Vecka/Vecka/Models/DailyNote.swift (in target 'Vecka' from project 'Vecka')
    cd /Users/nilsjohansson/Documents/AppDevelopment/Swift/Vecka
    

SwiftCompile normal arm64 /Users/nilsjohansson/Documents/AppDevelopment/Swift/Vecka/Vecka/Models/ExpenseModels.swift (in target 'Vecka' from project 'Vecka')
    cd /Users/nilsjohansson/Documents/AppDevelopment/Swift/Vecka
    

SwiftCompile normal arm64 /Users/nilsjohansson/Documents/AppDevelopment/Swift/Vecka/Vecka/Models/HolidayEngine.swift (in target 'Vecka' from project 'Vecka')
    cd /Users/nilsjohansson/Documents/AppDevelopment/Swift/Vecka
    

SwiftCompile normal arm64 /Users/nilsjohansson/Documents/AppDevelopment/Swift/Vecka/Vecka/Models/HolidayManager.swift (in target 'Vecka' from project 'Vecka')
    cd /Users/nilsjohansson/Documents/AppDevelopment/Swift/Vecka
    

SwiftCompile normal arm64 Compiling\ ContactListView.swift,\ DayDashboardView.swift,\ ExpenseEntryView.swift,\ ExpenseListView.swift,\ HolidayListView.swift,\ IconStripSidebar.swift,\ LocationManagerView.swift,\ LocationSearchView.swift,\ ModernCalendarView.swift,\ NoteAppearancePickerViews.swift /Users/nilsjohansson/Documents/AppDevelopment/Swift/Vecka/Vecka/Views/ContactListView.swift /Users/nilsjohansson/Documents/AppDevelopment/Swift/Vecka/Vecka/Views/DayDashboardView.swift /Users/nilsjohansson/Documents/AppDevelopment/Swift/Vecka/Vecka/Views/ExpenseEntryView.swift /Users/nilsjohansson/Documents/AppDevelopment/Swift/Vecka/Vecka/Views/ExpenseListView.swift /Users/nilsjohansson/Documents/AppDevelopment/Swift/Vecka/Vecka/Views/HolidayListView.swift /Users/nilsjohansson/Documents/AppDevelopment/Swift/Vecka/Vecka/Views/IconStripSidebar.swift /Users/nilsjohansson/Documents/AppDevelopment/Swift/Vecka/Vecka/Views/LocationManagerView.swift /Users/nilsjohansson/Documents/AppDevelopment/Swift/Vecka/Vecka/Views/LocationSearchView.swift /Users/nilsjohansson/Documents/AppDevelopment/Swift/Vecka/Vecka/Views/ModernCalendarView.swift /Users/nilsjohansson/Documents/AppDevelopment/Swift/Vecka/Vecka/Views/NoteAppearancePickerViews.swift (in target 'Vecka' from project 'Vecka')
SwiftCompile normal arm64 /Users/nilsjohansson/Documents/AppDevelopment/Swift/Vecka/Vecka/Views/ContactListView.swift (in target 'Vecka' from project 'Vecka')
    cd /Users/nilsjohansson/Documents/AppDevelopment/Swift/Vecka
    

SwiftCompile normal arm64 /Users/nilsjohansson/Documents/AppDevelopment/Swift/Vecka/Vecka/Views/DayDashboardView.swift (in target 'Vecka' from project 'Vecka')
    cd /Users/nilsjohansson/Documents/AppDevelopment/Swift/Vecka
    

SwiftCompile normal arm64 /Users/nilsjohansson/Documents/AppDevelopment/Swift/Vecka/Vecka/Views/ExpenseEntryView.swift (in target 'Vecka' from project 'Vecka')
    cd /Users/nilsjohansson/Documents/AppDevelopment/Swift/Vecka
    

SwiftCompile normal arm64 /Users/nilsjohansson/Documents/AppDevelopment/Swift/Vecka/Vecka/Views/ExpenseListView.swift (in target 'Vecka' from project 'Vecka')
    cd /Users/nilsjohansson/Documents/AppDevelopment/Swift/Vecka
    

SwiftCompile normal arm64 /Users/nilsjohansson/Documents/AppDevelopment/Swift/Vecka/Vecka/Views/HolidayListView.swift (in target 'Vecka' from project 'Vecka')
    cd /Users/nilsjohansson/Documents/AppDevelopment/Swift/Vecka
    

SwiftCompile normal arm64 /Users/nilsjohansson/Documents/AppDevelopment/Swift/Vecka/Vecka/Views/IconStripSidebar.swift (in target 'Vecka' from project 'Vecka')
    cd /Users/nilsjohansson/Documents/AppDevelopment/Swift/Vecka
    

SwiftCompile normal arm64 /Users/nilsjohansson/Documents/AppDevelopment/Swift/Vecka/Vecka/Views/LocationManagerView.swift (in target 'Vecka' from project 'Vecka')
    cd /Users/nilsjohansson/Documents/AppDevelopment/Swift/Vecka
    

SwiftCompile normal arm64 /Users/nilsjohansson/Documents/AppDevelopment/Swift/Vecka/Vecka/Views/LocationSearchView.swift (in target 'Vecka' from project 'Vecka')
    cd /Users/nilsjohansson/Documents/AppDevelopment/Swift/Vecka
    

SwiftCompile normal arm64 /Users/nilsjohansson/Documents/AppDevelopment/Swift/Vecka/Vecka/Views/ModernCalendarView.swift (in target 'Vecka' from project 'Vecka')
    cd /Users/nilsjohansson/Documents/AppDevelopment/Swift/Vecka
    

SwiftCompile normal arm64 /Users/nilsjohansson/Documents/AppDevelopment/Swift/Vecka/Vecka/Views/NoteAppearancePickerViews.swift (in target 'Vecka' from project 'Vecka')
    cd /Users/nilsjohansson/Documents/AppDevelopment/Swift/Vecka
    

SwiftCompile normal arm64 Compiling\ WeekDetailPanel.swift,\ ContentView.swift,\ CountdownBanner.swift,\ CountdownModels.swift,\ CountdownViews.swift,\ DailyNotesView.swift,\ DesignSystem.swift,\ Haptics.swift,\ JohoDesignSystem.swift,\ JumpPickerSheet.swift /Users/nilsjohansson/Documents/AppDevelopment/Swift/Vecka/Vecka/Views/WeekDetailPanel.swift /Users/nilsjohansson/Documents/AppDevelopment/Swift/Vecka/Vecka/ContentView.swift /Users/nilsjohansson/Documents/AppDevelopment/Swift/Vecka/Vecka/CountdownBanner.swift /Users/nilsjohansson/Documents/AppDevelopment/Swift/Vecka/Vecka/CountdownModels.swift /Users/nilsjohansson/Documents/AppDevelopment/Swift/Vecka/Vecka/CountdownViews.swift /Users/nilsjohansson/Documents/AppDevelopment/Swift/Vecka/Vecka/DailyNotesView.swift /Users/nilsjohansson/Documents/AppDevelopment/Swift/Vecka/Vecka/DesignSystem.swift /Users/nilsjohansson/Documents/AppDevelopment/Swift/Vecka/Vecka/Haptics.swift /Users/nilsjohansson/Documents/AppDevelopment/Swift/Vecka/Vecka/JohoDesignSystem.swift /Users/nilsjohansson/Documents/AppDevelopment/Swift/Vecka/Vecka/JumpPickerSheet.swift (in target 'Vecka' from project 'Vecka')

SwiftCompile normal arm64 /Users/nilsjohansson/Documents/AppDevelopment/Swift/Vecka/Vecka/Views/WeekDetailPanel.swift (in target 'Vecka' from project 'Vecka')
    cd /Users/nilsjohansson/Documents/AppDevelopment/Swift/Vecka
    

SwiftCompile normal arm64 /Users/nilsjohansson/Documents/AppDevelopment/Swift/Vecka/Vecka/ContentView.swift (in target 'Vecka' from project 'Vecka')
    cd /Users/nilsjohansson/Documents/AppDevelopment/Swift/Vecka
    

SwiftCompile normal arm64 /Users/nilsjohansson/Documents/AppDevelopment/Swift/Vecka/Vecka/CountdownBanner.swift (in target 'Vecka' from project 'Vecka')
    cd /Users/nilsjohansson/Documents/AppDevelopment/Swift/Vecka
    

SwiftCompile normal arm64 /Users/nilsjohansson/Documents/AppDevelopment/Swift/Vecka/Vecka/CountdownModels.swift (in target 'Vecka' from project 'Vecka')
    cd /Users/nilsjohansson/Documents/AppDevelopment/Swift/Vecka
    

SwiftCompile normal arm64 /Users/nilsjohansson/Documents/AppDevelopment/Swift/Vecka/Vecka/CountdownViews.swift (in target 'Vecka' from project 'Vecka')
    cd /Users/nilsjohansson/Documents/AppDevelopment/Swift/Vecka
    

SwiftCompile normal arm64 /Users/nilsjohansson/Documents/AppDevelopment/Swift/Vecka/Vecka/DailyNotesView.swift (in target 'Vecka' from project 'Vecka')
    cd /Users/nilsjohansson/Documents/AppDevelopment/Swift/Vecka
    

SwiftCompile normal arm64 /Users/nilsjohansson/Documents/AppDevelopment/Swift/Vecka/Vecka/DesignSystem.swift (in target 'Vecka' from project 'Vecka')
    cd /Users/nilsjohansson/Documents/AppDevelopment/Swift/Vecka
    

SwiftCompile normal arm64 /Users/nilsjohansson/Documents/AppDevelopment/Swift/Vecka/Vecka/Haptics.swift (in target 'Vecka' from project 'Vecka')
    cd /Users/nilsjohansson/Documents/AppDevelopment/Swift/Vecka
    

SwiftCompile normal arm64 /Users/nilsjohansson/Documents/AppDevelopment/Swift/Vecka/Vecka/JohoDesignSystem.swift (in target 'Vecka' from project 'Vecka')
    cd /Users/nilsjohansson/Documents/AppDevelopment/Swift/Vecka
    

SwiftCompile normal arm64 /Users/nilsjohansson/Documents/AppDevelopment/Swift/Vecka/Vecka/JumpPickerSheet.swift (in target 'Vecka' from project 'Vecka')
    cd /Users/nilsjohansson/Documents/AppDevelopment/Swift/Vecka
    

SwiftCompile normal arm64 Compiling\ RuleEngine.swift,\ SimplePDFRenderer.swift,\ TravelManager.swift,\ WeatherIconMapper.swift,\ WeatherLocalization.swift,\ WeatherService.swift,\ AppSidebar.swift,\ CalendarGridView.swift,\ ContactDetailView.swift,\ ContactImagePicker.swift /Users/nilsjohansson/Documents/AppDevelopment/Swift/Vecka/Vecka/Services/RuleEngine.swift /Users/nilsjohansson/Documents/AppDevelopment/Swift/Vecka/Vecka/Services/SimplePDFRenderer.swift /Users/nilsjohansson/Documents/AppDevelopment/Swift/Vecka/Vecka/Services/TravelManager.swift /Users/nilsjohansson/Documents/AppDevelopment/Swift/Vecka/Vecka/Services/WeatherIconMapper.swift /Users/nilsjohansson/Documents/AppDevelopment/Swift/Vecka/Vecka/Services/WeatherLocalization.swift /Users/nilsjohansson/Documents/AppDevelopment/Swift/Vecka/Vecka/Services/WeatherService.swift /Users/nilsjohansson/Documents/AppDevelopment/Swift/Vecka/Vecka/Views/AppSidebar.swift /Users/nilsjohansson/Documents/AppDevelopment/Swift/Vecka/Vecka/Views/CalendarGridView.swift /Users/nilsjohansson/Documents/AppDevelopment/Swift/Vecka/Vecka/Views/ContactDetailView.swift /Users/nilsjohansson/Documents/AppDevelopment/Swift/Vecka/Vecka/Views/ContactImagePicker.swift (in target 'Vecka' from project 'Vecka')

SwiftCompile normal arm64 /Users/nilsjohansson/Documents/AppDevelopment/Swift/Vecka/Vecka/Services/RuleEngine.swift (in target 'Vecka' from project 'Vecka')
    cd /Users/nilsjohansson/Documents/AppDevelopment/Swift/Vecka
    

SwiftCompile normal arm64 /Users/nilsjohansson/Documents/AppDevelopment/Swift/Vecka/Vecka/Services/SimplePDFRenderer.swift (in target 'Vecka' from project 'Vecka')
    cd /Users/nilsjohansson/Documents/AppDevelopment/Swift/Vecka
    

SwiftCompile normal arm64 /Users/nilsjohansson/Documents/AppDevelopment/Swift/Vecka/Vecka/Services/TravelManager.swift (in target 'Vecka' from project 'Vecka')
    cd /Users/nilsjohansson/Documents/AppDevelopment/Swift/Vecka
    

SwiftCompile normal arm64 /Users/nilsjohansson/Documents/AppDevelopment/Swift/Vecka/Vecka/Services/WeatherIconMapper.swift (in target 'Vecka' from project 'Vecka')
    cd /Users/nilsjohansson/Documents/AppDevelopment/Swift/Vecka
    

SwiftCompile normal arm64 /Users/nilsjohansson/Documents/AppDevelopment/Swift/Vecka/Vecka/Services/WeatherLocalization.swift (in target 'Vecka' from project 'Vecka')
    cd /Users/nilsjohansson/Documents/AppDevelopment/Swift/Vecka
    

SwiftCompile normal arm64 /Users/nilsjohansson/Documents/AppDevelopment/Swift/Vecka/Vecka/Services/WeatherService.swift (in target 'Vecka' from project 'Vecka')
    cd /Users/nilsjohansson/Documents/AppDevelopment/Swift/Vecka
    

SwiftCompile normal arm64 /Users/nilsjohansson/Documents/AppDevelopment/Swift/Vecka/Vecka/Views/AppSidebar.swift (in target 'Vecka' from project 'Vecka')
    cd /Users/nilsjohansson/Documents/AppDevelopment/Swift/Vecka
    

SwiftCompile normal arm64 /Users/nilsjohansson/Documents/AppDevelopment/Swift/Vecka/Vecka/Views/CalendarGridView.swift (in target 'Vecka' from project 'Vecka')
    cd /Users/nilsjohansson/Documents/AppDevelopment/Swift/Vecka
    

SwiftCompile normal arm64 /Users/nilsjohansson/Documents/AppDevelopment/Swift/Vecka/Vecka/Views/ContactDetailView.swift (in target 'Vecka' from project 'Vecka')
    cd /Users/nilsjohansson/Documents/AppDevelopment/Swift/Vecka
    

SwiftCompile normal arm64 /Users/nilsjohansson/Documents/AppDevelopment/Swift/Vecka/Vecka/Views/ContactImagePicker.swift (in target 'Vecka' from project 'Vecka')
    cd /Users/nilsjohansson/Documents/AppDevelopment/Swift/Vecka
    

SwiftCompile normal arm64 Compiling\ HolidayRule.swift,\ HolidaySymbolCatalog.swift,\ SavedLocation.swift,\ ConfigurationManager.swift,\ ContactsManager.swift,\ CurrencyService.swift,\ ExpenseManager.swift,\ PDFExportModels.swift,\ PDFExportService.swift,\ PDFRenderer.swift /Users/nilsjohansson/Documents/AppDevelopment/Swift/Vecka/Vecka/Models/HolidayRule.swift /Users/nilsjohansson/Documents/AppDevelopment/Swift/Vecka/Vecka/Models/HolidaySymbolCatalog.swift /Users/nilsjohansson/Documents/AppDevelopment/Swift/Vecka/Vecka/Models/SavedLocation.swift /Users/nilsjohansson/Documents/AppDevelopment/Swift/Vecka/Vecka/Services/ConfigurationManager.swift /Users/nilsjohansson/Documents/AppDevelopment/Swift/Vecka/Vecka/Services/ContactsManager.swift /Users/nilsjohansson/Documents/AppDevelopment/Swift/Vecka/Vecka/Services/CurrencyService.swift /Users/nilsjohansson/Documents/AppDevelopment/Swift/Vecka/Vecka/Services/ExpenseManager.swift /Users/nilsjohansson/Documents/AppDevelopment/Swift/Vecka/Vecka/Services/PDFExportModels.swift /Users/nilsjohansson/Documents/AppDevelopment/Swift/Vecka/Vecka/Services/PDFExportService.swift /Users/nilsjohansson/Documents/AppDevelopment/Swift/Vecka/Vecka/Services/PDFRenderer.swift (in target 'Vecka' from project 'Vecka')

SwiftCompile normal arm64 /Users/nilsjohansson/Documents/AppDevelopment/Swift/Vecka/Vecka/Models/HolidayRule.swift (in target 'Vecka' from project 'Vecka')
    cd /Users/nilsjohansson/Documents/AppDevelopment/Swift/Vecka
    

SwiftCompile normal arm64 /Users/nilsjohansson/Documents/AppDevelopment/Swift/Vecka/Vecka/Models/HolidaySymbolCatalog.swift (in target 'Vecka' from project 'Vecka')
    cd /Users/nilsjohansson/Documents/AppDevelopment/Swift/Vecka
    

SwiftCompile normal arm64 /Users/nilsjohansson/Documents/AppDevelopment/Swift/Vecka/Vecka/Models/SavedLocation.swift (in target 'Vecka' from project 'Vecka')
    cd /Users/nilsjohansson/Documents/AppDevelopment/Swift/Vecka
    

SwiftCompile normal arm64 /Users/nilsjohansson/Documents/AppDevelopment/Swift/Vecka/Vecka/Services/ConfigurationManager.swift (in target 'Vecka' from project 'Vecka')
    cd /Users/nilsjohansson/Documents/AppDevelopment/Swift/Vecka
    

SwiftCompile normal arm64 /Users/nilsjohansson/Documents/AppDevelopment/Swift/Vecka/Vecka/Services/ContactsManager.swift (in target 'Vecka' from project 'Vecka')
    cd /Users/nilsjohansson/Documents/AppDevelopment/Swift/Vecka
    

SwiftCompile normal arm64 /Users/nilsjohansson/Documents/AppDevelopment/Swift/Vecka/Vecka/Services/CurrencyService.swift (in target 'Vecka' from project 'Vecka')
    cd /Users/nilsjohansson/Documents/AppDevelopment/Swift/Vecka
    

SwiftCompile normal arm64 /Users/nilsjohansson/Documents/AppDevelopment/Swift/Vecka/Vecka/Services/ExpenseManager.swift (in target 'Vecka' from project 'Vecka')
    cd /Users/nilsjohansson/Documents/AppDevelopment/Swift/Vecka
    

SwiftCompile normal arm64 /Users/nilsjohansson/Documents/AppDevelopment/Swift/Vecka/Vecka/Services/PDFExportModels.swift (in target 'Vecka' from project 'Vecka')
    cd /Users/nilsjohansson/Documents/AppDevelopment/Swift/Vecka
    

SwiftCompile normal arm64 /Users/nilsjohansson/Documents/AppDevelopment/Swift/Vecka/Vecka/Services/PDFExportService.swift (in target 'Vecka' from project 'Vecka')
    cd /Users/nilsjohansson/Documents/AppDevelopment/Swift/Vecka
    

SwiftCompile normal arm64 /Users/nilsjohansson/Documents/AppDevelopment/Swift/Vecka/Vecka/Services/PDFRenderer.swift (in target 'Vecka' from project 'Vecka')
    cd /Users/nilsjohansson/Documents/AppDevelopment/Swift/Vecka
    

SwiftCompile normal arm64 Compiling\ AppInitializer.swift,\ CountdownMigration.swift,\ HolidayRegionSelection.swift,\ NotesMigration.swift,\ PersonnummerParser.swift,\ WeekCalculator.swift,\ AppShortcuts.swift,\ CurrentWeekIntent.swift,\ WeekForDateIntent.swift,\ WeekOverviewIntent.swift,\ BusinessRules.swift /Users/nilsjohansson/Documents/AppDevelopment/Swift/Vecka/Vecka/Core/AppInitializer.swift /Users/nilsjohansson/Documents/AppDevelopment/Swift/Vecka/Vecka/Core/CountdownMigration.swift /Users/nilsjohansson/Documents/AppDevelopment/Swift/Vecka/Vecka/Core/HolidayRegionSelection.swift /Users/nilsjohansson/Documents/AppDevelopment/Swift/Vecka/Vecka/Core/NotesMigration.swift /Users/nilsjohansson/Documents/AppDevelopment/Swift/Vecka/Vecka/Core/PersonnummerParser.swift /Users/nilsjohansson/Documents/AppDevelopment/Swift/Vecka/Vecka/Core/WeekCalculator.swift /Users/nilsjohansson/Documents/AppDevelopment/Swift/Vecka/Vecka/Intents/AppShortcuts.swift /Users/nilsjohansson/Documents/AppDevelopment/Swift/Vecka/Vecka/Intents/CurrentWeekIntent.swift /Users/nilsjohansson/Documents/AppDevelopment/Swift/Vecka/Vecka/Intents/WeekForDateIntent.swift /Users/nilsjohansson/Documents/AppDevelopment/Swift/Vecka/Vecka/Intents/WeekOverviewIntent.swift /Users/nilsjohansson/Documents/AppDevelopment/Swift/Vecka/Vecka/Models/BusinessRules.swift (in target 'Vecka' from project 'Vecka')

SwiftCompile normal arm64 /Users/nilsjohansson/Documents/AppDevelopment/Swift/Vecka/Vecka/Core/AppInitializer.swift (in target 'Vecka' from project 'Vecka')
    cd /Users/nilsjohansson/Documents/AppDevelopment/Swift/Vecka
    

SwiftCompile normal arm64 /Users/nilsjohansson/Documents/AppDevelopment/Swift/Vecka/Vecka/Core/CountdownMigration.swift (in target 'Vecka' from project 'Vecka')
    cd /Users/nilsjohansson/Documents/AppDevelopment/Swift/Vecka
    

SwiftCompile normal arm64 /Users/nilsjohansson/Documents/AppDevelopment/Swift/Vecka/Vecka/Core/HolidayRegionSelection.swift (in target 'Vecka' from project 'Vecka')
    cd /Users/nilsjohansson/Documents/AppDevelopment/Swift/Vecka
    

SwiftCompile normal arm64 /Users/nilsjohansson/Documents/AppDevelopment/Swift/Vecka/Vecka/Core/NotesMigration.swift (in target 'Vecka' from project 'Vecka')
    cd /Users/nilsjohansson/Documents/AppDevelopment/Swift/Vecka
    

SwiftCompile normal arm64 /Users/nilsjohansson/Documents/AppDevelopment/Swift/Vecka/Vecka/Core/PersonnummerParser.swift (in target 'Vecka' from project 'Vecka')
    cd /Users/nilsjohansson/Documents/AppDevelopment/Swift/Vecka
    

SwiftCompile normal arm64 /Users/nilsjohansson/Documents/AppDevelopment/Swift/Vecka/Vecka/Core/WeekCalculator.swift (in target 'Vecka' from project 'Vecka')
    cd /Users/nilsjohansson/Documents/AppDevelopment/Swift/Vecka
    

SwiftCompile normal arm64 /Users/nilsjohansson/Documents/AppDevelopment/Swift/Vecka/Vecka/Intents/AppShortcuts.swift (in target 'Vecka' from project 'Vecka')
    cd /Users/nilsjohansson/Documents/AppDevelopment/Swift/Vecka
    

SwiftCompile normal arm64 /Users/nilsjohansson/Documents/AppDevelopment/Swift/Vecka/Vecka/Intents/CurrentWeekIntent.swift (in target 'Vecka' from project 'Vecka')
    cd /Users/nilsjohansson/Documents/AppDevelopment/Swift/Vecka
    

SwiftCompile normal arm64 /Users/nilsjohansson/Documents/AppDevelopment/Swift/Vecka/Vecka/Intents/WeekForDateIntent.swift (in target 'Vecka' from project 'Vecka')
    cd /Users/nilsjohansson/Documents/AppDevelopment/Swift/Vecka
    

SwiftCompile normal arm64 /Users/nilsjohansson/Documents/AppDevelopment/Swift/Vecka/Vecka/Intents/WeekOverviewIntent.swift (in target 'Vecka' from project 'Vecka')
    cd /Users/nilsjohansson/Documents/AppDevelopment/Swift/Vecka
    

SwiftCompile normal arm64 /Users/nilsjohansson/Documents/AppDevelopment/Swift/Vecka/Vecka/Models/BusinessRules.swift (in target 'Vecka' from project 'Vecka')
    cd /Users/nilsjohansson/Documents/AppDevelopment/Swift/Vecka
    

SwiftDriverJobDiscovery normal arm64 Compiling ExtraLargeWidgetView.swift, LargeWidgetView.swift (in target 'VeckaWidgetExtension' from project 'Vecka')

SwiftDriver\ Compilation VeckaWidgetExtension normal arm64 com.apple.xcode.tools.swift.compiler (in target 'VeckaWidgetExtension' from project 'Vecka')
    cd /Users/nilsjohansson/Documents/AppDevelopment/Swift/Vecka
    builtin-Swift-Compilation -- /Applications/Xcode.app/Contents/Developer/Toolchains/XcodeDefault.xctoolchain/usr/bin/swiftc -module-name VeckaWidgetExtension -Onone -enforce-exclusivity\=checked @/Users/nilsjohansson/Library/Developer/Xcode/DerivedData/Vecka-coqapuvxhkxauhefoeizzbmchsqi/Build/Intermediates.noindex/Vecka.build/Debug-iphonesimulator/VeckaWidgetExtension.build/Objects-normal/arm64/VeckaWidgetExtension.SwiftFileList -DDEBUG -enable-bare-slash-regex -enable-experimental-feature DebugDescriptionMacro -sdk /Applications/Xcode.app/Contents/Developer/Platforms/iPhoneSimulator.platform/Developer/SDKs/iPhoneSimulator26.2.sdk -target arm64-apple-ios26.0-simulator -g -module-cache-path /Users/nilsjohansson/Library/Developer/Xcode/DerivedData/ModuleCache.noindex -Xfrontend -serialize-debugging-options -application-extension -profile-coverage-mapping -profile-generate -enable-testing -index-store-path /Users/nilsjohansson/Library/Developer/Xcode/DerivedData/Vecka-coqapuvxhkxauhefoeizzbmchsqi/Index.noindex/DataStore -Xcc -D_LIBCPP_HARDENING_MODE\=_LIBCPP_HARDENING_MODE_DEBUG -swift-version 5 -I /Users/nilsjohansson/Library/Developer/Xcode/DerivedData/Vecka-coqapuvxhkxauhefoeizzbmchsqi/Build/Products/Debug-iphonesimulator -F /Users/nilsjohansson/Library/Developer/Xcode/DerivedData/Vecka-coqapuvxhkxauhefoeizzbmchsqi/Build/Products/Debug-iphonesimulator -emit-localized-strings -emit-localized-strings-path /Users/nilsjohansson/Library/Developer/Xcode/DerivedData/Vecka-coqapuvxhkxauhefoeizzbmchsqi/Build/Intermediates.noindex/Vecka.build/Debug-iphonesimulator/VeckaWidgetExtension.build/Objects-normal/arm64 -c -j8 -enable-batch-mode -incremental -Xcc -ivfsstatcache -Xcc /Users/nilsjohansson/Library/Developer/Xcode/DerivedData/SDKStatCaches.noindex/iphonesimulator26.2-23C53-7d00a8b37fbd7999ea79df8ebc024bf0.sdkstatcache -output-file-map /Users/nilsjohansson/Library/Developer/Xcode/DerivedData/Vecka-coqapuvxhkxauhefoeizzbmchsqi/Build/Intermediates.noindex/Vecka.build/Debug-iphonesimulator/VeckaWidgetExtension.build/Objects-normal/arm64/VeckaWidgetExtension-OutputFileMap.json -use-frontend-parseable-output -save-temps -no-color-diagnostics -explicit-module-build -module-cache-path /Users/nilsjohansson/Library/Developer/Xcode/DerivedData/Vecka-coqapuvxhkxauhefoeizzbmchsqi/Build/Intermediates.noindex/SwiftExplicitPrecompiledModules -clang-scanner-module-cache-path /Users/nilsjohansson/Library/Developer/Xcode/DerivedData/ModuleCache.noindex -sdk-module-cache-path /Users/nilsjohansson/Library/Developer/Xcode/DerivedData/ModuleCache.noindex -serialize-diagnostics -emit-dependencies -emit-module -emit-module-path /Users/nilsjohansson/Library/Developer/Xcode/DerivedData/Vecka-coqapuvxhkxauhefoeizzbmchsqi/Build/Intermediates.noindex/Vecka.build/Debug-iphonesimulator/VeckaWidgetExtension.build/Objects-normal/arm64/VeckaWidgetExtension.swiftmodule -validate-clang-modules-once -clang-build-session-file /Users/nilsjohansson/Library/Developer/Xcode/DerivedData/ModuleCache.noindex/Session.modulevalidation -Xcc -I/Users/nilsjohansson/Library/Developer/Xcode/DerivedData/Vecka-coqapuvxhkxauhefoeizzbmchsqi/Build/Intermediates.noindex/Vecka.build/Debug-iphonesimulator/VeckaWidgetExtension.build/swift-overrides.hmap -emit-const-values -Xfrontend -const-gather-protocols-file -Xfrontend /Users/nilsjohansson/Library/Developer/Xcode/DerivedData/Vecka-coqapuvxhkxauhefoeizzbmchsqi/Build/Intermediates.noindex/Vecka.build/Debug-iphonesimulator/VeckaWidgetExtension.build/Objects-normal/arm64/VeckaWidgetExtension_const_extract_protocols.json -Xcc -iquote -Xcc /Users/nilsjohansson/Library/Developer/Xcode/DerivedData/Vecka-coqapuvxhkxauhefoeizzbmchsqi/Build/Intermediates.noindex/Vecka.build/Debug-iphonesimulator/VeckaWidgetExtension.build/VeckaWidgetExtension-generated-files.hmap -Xcc -I/Users/nilsjohansson/Library/Developer/Xcode/DerivedData/Vecka-coqapuvxhkxauhefoeizzbmchsqi/Build/Intermediates.noindex/Vecka.build/Debug-iphonesimulator/VeckaWidgetExtension.build/VeckaWidgetExtension-own-target-headers.hmap -Xcc -I/Users/nilsjohansson/Library/Developer/Xcode/DerivedData/Vecka-coqapuvxhkxauhefoeizzbmchsqi/Build/Intermediates.noindex/Vecka.build/Debug-iphonesimulator/VeckaWidgetExtension.build/VeckaWidgetExtension-all-target-headers.hmap -Xcc -iquote -Xcc /Users/nilsjohansson/Library/Developer/Xcode/DerivedData/Vecka-coqapuvxhkxauhefoeizzbmchsqi/Build/Intermediates.noindex/Vecka.build/Debug-iphonesimulator/VeckaWidgetExtension.build/VeckaWidgetExtension-project-headers.hmap -Xcc -I/Users/nilsjohansson/Library/Developer/Xcode/DerivedData/Vecka-coqapuvxhkxauhefoeizzbmchsqi/Build/Products/Debug-iphonesimulator/include -Xcc -I/Users/nilsjohansson/Library/Developer/Xcode/DerivedData/Vecka-coqapuvxhkxauhefoeizzbmchsqi/Build/Intermediates.noindex/Vecka.build/Debug-iphonesimulator/VeckaWidgetExtension.build/DerivedSources-normal/arm64 -Xcc -I/Users/nilsjohansson/Library/Developer/Xcode/DerivedData/Vecka-coqapuvxhkxauhefoeizzbmchsqi/Build/Intermediates.noindex/Vecka.build/Debug-iphonesimulator/VeckaWidgetExtension.build/DerivedSources/arm64 -Xcc -I/Users/nilsjohansson/Library/Developer/Xcode/DerivedData/Vecka-coqapuvxhkxauhefoeizzbmchsqi/Build/Intermediates.noindex/Vecka.build/Debug-iphonesimulator/VeckaWidgetExtension.build/DerivedSources -Xcc -DDEBUG\=1 -emit-objc-header -emit-objc-header-path /Users/nilsjohansson/Library/Developer/Xcode/DerivedData/Vecka-coqapuvxhkxauhefoeizzbmchsqi/Build/Intermediates.noindex/Vecka.build/Debug-iphonesimulator/VeckaWidgetExtension.build/Objects-normal/arm64/VeckaWidgetExtension-Swift.h -working-directory /Users/nilsjohansson/Documents/AppDevelopment/Swift/Vecka -experimental-emit-module-separately -disable-cmo

LinkAssetCatalog /Users/nilsjohansson/Documents/AppDevelopment/Swift/Vecka/Vecka/Assets.xcassets (in target 'Vecka' from project 'Vecka')
    cd /Users/nilsjohansson/Documents/AppDevelopment/Swift/Vecka
    builtin-linkAssetCatalog --thinned /Users/nilsjohansson/Library/Developer/Xcode/DerivedData/Vecka-coqapuvxhkxauhefoeizzbmchsqi/Build/Intermediates.noindex/Vecka.build/Debug-iphonesimulator/Vecka.build/assetcatalog_output/thinned --thinned-dependencies /Users/nilsjohansson/Library/Developer/Xcode/DerivedData/Vecka-coqapuvxhkxauhefoeizzbmchsqi/Build/Intermediates.noindex/Vecka.build/Debug-iphonesimulator/Vecka.build/assetcatalog_dependencies_thinned --thinned-info-plist-content /Users/nilsjohansson/Library/Developer/Xcode/DerivedData/Vecka-coqapuvxhkxauhefoeizzbmchsqi/Build/Intermediates.noindex/Vecka.build/Debug-iphonesimulator/Vecka.build/assetcatalog_generated_info.plist_thinned --unthinned /Users/nilsjohansson/Library/Developer/Xcode/DerivedData/Vecka-coqapuvxhkxauhefoeizzbmchsqi/Build/Intermediates.noindex/Vecka.build/Debug-iphonesimulator/Vecka.build/assetcatalog_output/unthinned --unthinned-dependencies /Users/nilsjohansson/Library/Developer/Xcode/DerivedData/Vecka-coqapuvxhkxauhefoeizzbmchsqi/Build/Intermediates.noindex/Vecka.build/Debug-iphonesimulator/Vecka.build/assetcatalog_dependencies_unthinned --unthinned-info-plist-content /Users/nilsjohansson/Library/Developer/Xcode/DerivedData/Vecka-coqapuvxhkxauhefoeizzbmchsqi/Build/Intermediates.noindex/Vecka.build/Debug-iphonesimulator/Vecka.build/assetcatalog_generated_info.plist_unthinned --output /Users/nilsjohansson/Library/Developer/Xcode/DerivedData/Vecka-coqapuvxhkxauhefoeizzbmchsqi/Build/Products/Debug-iphonesimulator/Vecka.app --plist-output /Users/nilsjohansson/Library/Developer/Xcode/DerivedData/Vecka-coqapuvxhkxauhefoeizzbmchsqi/Build/Intermediates.noindex/Vecka.build/Debug-iphonesimulator/Vecka.build/assetcatalog_generated_info.plist
note: Emplaced /Users/nilsjohansson/Library/Developer/Xcode/DerivedData/Vecka-coqapuvxhkxauhefoeizzbmchsqi/Build/Products/Debug-iphonesimulator/Vecka.app/AppIcon76x76@2x~ipad.png (in target 'Vecka' from project 'Vecka')
note: Emplaced /Users/nilsjohansson/Library/Developer/Xcode/DerivedData/Vecka-coqapuvxhkxauhefoeizzbmchsqi/Build/Products/Debug-iphonesimulator/Vecka.app/AppIcon60x60@2x.png (in target 'Vecka' from project 'Vecka')
note: Emplaced /Users/nilsjohansson/Library/Developer/Xcode/DerivedData/Vecka-coqapuvxhkxauhefoeizzbmchsqi/Build/Products/Debug-iphonesimulator/Vecka.app/Assets.car (in target 'Vecka' from project 'Vecka')

Ld /Users/nilsjohansson/Library/Developer/Xcode/DerivedData/Vecka-coqapuvxhkxauhefoeizzbmchsqi/Build/Products/Debug-iphonesimulator/VeckaWidgetExtension.appex/VeckaWidgetExtension.debug.dylib normal (in target 'VeckaWidgetExtension' from project 'Vecka')
    cd /Users/nilsjohansson/Documents/AppDevelopment/Swift/Vecka
    /Applications/Xcode.app/Contents/Developer/Toolchains/XcodeDefault.xctoolchain/usr/bin/clang -Xlinker -reproducible -target arm64-apple-ios26.0-simulator -dynamiclib -isysroot /Applications/Xcode.app/Contents/Developer/Platforms/iPhoneSimulator.platform/Developer/SDKs/iPhoneSimulator26.2.sdk -O0 -L/Users/nilsjohansson/Library/Developer/Xcode/DerivedData/Vecka-coqapuvxhkxauhefoeizzbmchsqi/Build/Intermediates.noindex/EagerLinkingTBDs/Debug-iphonesimulator -L/Users/nilsjohansson/Library/Developer/Xcode/DerivedData/Vecka-coqapuvxhkxauhefoeizzbmchsqi/Build/Products/Debug-iphonesimulator -F/Users/nilsjohansson/Library/Developer/Xcode/DerivedData/Vecka-coqapuvxhkxauhefoeizzbmchsqi/Build/Intermediates.noindex/EagerLinkingTBDs/Debug-iphonesimulator -F/Users/nilsjohansson/Library/Developer/Xcode/DerivedData/Vecka-coqapuvxhkxauhefoeizzbmchsqi/Build/Products/Debug-iphonesimulator -filelist /Users/nilsjohansson/Library/Developer/Xcode/DerivedData/Vecka-coqapuvxhkxauhefoeizzbmchsqi/Build/Intermediates.noindex/Vecka.build/Debug-iphonesimulator/VeckaWidgetExtension.build/Objects-normal/arm64/VeckaWidgetExtension.LinkFileList -install_name @rpath/VeckaWidgetExtension.debug.dylib -Xlinker -rpath -Xlinker @executable_path/Frameworks -Xlinker -rpath -Xlinker @executable_path/../../Frameworks -dead_strip -Xlinker -object_path_lto -Xlinker /Users/nilsjohansson/Library/Developer/Xcode/DerivedData/Vecka-coqapuvxhkxauhefoeizzbmchsqi/Build/Intermediates.noindex/Vecka.build/Debug-iphonesimulator/VeckaWidgetExtension.build/Objects-normal/arm64/VeckaWidgetExtension_lto.o -rdynamic -Xlinker -no_deduplicate -Xlinker -objc_abi_version -Xlinker 2 -Xlinker -debug_variant -Xlinker -dependency_info -Xlinker /Users/nilsjohansson/Library/Developer/Xcode/DerivedData/Vecka-coqapuvxhkxauhefoeizzbmchsqi/Build/Intermediates.noindex/Vecka.build/Debug-iphonesimulator/VeckaWidgetExtension.build/Objects-normal/arm64/VeckaWidgetExtension_dependency_info.dat -fapplication-extension -fobjc-link-runtime -fprofile-instr-generate -L/Applications/Xcode.app/Contents/Developer/Toolchains/XcodeDefault.xctoolchain/usr/lib/swift/iphonesimulator -L/usr/lib/swift -Xlinker -add_ast_path -Xlinker /Users/nilsjohansson/Library/Developer/Xcode/DerivedData/Vecka-coqapuvxhkxauhefoeizzbmchsqi/Build/Intermediates.noindex/Vecka.build/Debug-iphonesimulator/VeckaWidgetExtension.build/Objects-normal/arm64/VeckaWidgetExtension.swiftmodule @/Users/nilsjohansson/Library/Developer/Xcode/DerivedData/Vecka-coqapuvxhkxauhefoeizzbmchsqi/Build/Intermediates.noindex/Vecka.build/Debug-iphonesimulator/VeckaWidgetExtension.build/Objects-normal/arm64/VeckaWidgetExtension-linker-args.resp -Xlinker -alias -Xlinker _NSExtensionMain -Xlinker ___debug_main_executable_dylib_entry_point -o /Users/nilsjohansson/Library/Developer/Xcode/DerivedData/Vecka-coqapuvxhkxauhefoeizzbmchsqi/Build/Products/Debug-iphonesimulator/VeckaWidgetExtension.appex/VeckaWidgetExtension.debug.dylib

SwiftCompile normal arm64 Compiling\ NoteColorPicker.swift,\ NotesListView.swift,\ ObservancesListView.swift,\ OverviewDashboardView.swift,\ PDFExportView.swift,\ PhoneLibraryView.swift,\ QRCodeView.swift,\ SimplePDFExportView.swift,\ TripListView.swift,\ WeatherForecastView.swift /Users/nilsjohansson/Documents/AppDevelopment/Swift/Vecka/Vecka/Views/NoteColorPicker.swift /Users/nilsjohansson/Documents/AppDevelopment/Swift/Vecka/Vecka/Views/NotesListView.swift /Users/nilsjohansson/Documents/AppDevelopment/Swift/Vecka/Vecka/Views/ObservancesListView.swift /Users/nilsjohansson/Documents/AppDevelopment/Swift/Vecka/Vecka/Views/OverviewDashboardView.swift /Users/nilsjohansson/Documents/AppDevelopment/Swift/Vecka/Vecka/Views/PDFExportView.swift /Users/nilsjohansson/Documents/AppDevelopment/Swift/Vecka/Vecka/Views/PhoneLibraryView.swift /Users/nilsjohansson/Documents/AppDevelopment/Swift/Vecka/Vecka/Views/QRCodeView.swift /Users/nilsjohansson/Documents/AppDevelopment/Swift/Vecka/Vecka/Views/SimplePDFExportView.swift /Users/nilsjohansson/Documents/AppDevelopment/Swift/Vecka/Vecka/Views/TripListView.swift /Users/nilsjohansson/Documents/AppDevelopment/Swift/Vecka/Vecka/Views/WeatherForecastView.swift (in target 'Vecka' from project 'Vecka')
Failed frontend command:
/Applications/Xcode.app/Contents/Developer/Toolchains/XcodeDefault.xctoolchain/usr/bin/swift-frontend -frontend -c /Users/nilsjohansson/Documents/AppDevelopment/Swift/Vecka/Vecka/Core/AppInitializer.swift /Users/nilsjohansson/Documents/AppDevelopment/Swift/Vecka/Vecka/Core/CountdownMigration.swift /Users/nilsjohansson/Documents/AppDevelopment/Swift/Vecka/Vecka/Core/HolidayRegionSelection.swift /Users/nilsjohansson/Documents/AppDevelopment/Swift/Vecka/Vecka/Core/NotesMigration.swift /Users/nilsjohansson/Documents/AppDevelopment/Swift/Vecka/Vecka/Core/PersonnummerParser.swift /Users/nilsjohansson/Documents/AppDevelopment/Swift/Vecka/Vecka/Core/WeekCalculator.swift /Users/nilsjohansson/Documents/AppDevelopment/Swift/Vecka/Vecka/Intents/AppShortcuts.swift /Users/nilsjohansson/Documents/AppDevelopment/Swift/Vecka/Vecka/Intents/CurrentWeekIntent.swift /Users/nilsjohansson/Documents/AppDevelopment/Swift/Vecka/Vecka/Intents/WeekForDateIntent.swift /Users/nilsjohansson/Documents/AppDevelopment/Swift/Vecka/Vecka/Intents/WeekOverviewIntent.swift /Users/nilsjohansson/Documents/AppDevelopment/Swift/Vecka/Vecka/Models/BusinessRules.swift /Users/nilsjohansson/Documents/AppDevelopment/Swift/Vecka/Vecka/Models/CalendarManager.swift /Users/nilsjohansson/Documents/AppDevelopment/Swift/Vecka/Vecka/Models/CalendarModels.swift /Users/nilsjohansson/Documents/AppDevelopment/Swift/Vecka/Vecka/Models/CalendarRule.swift /Users/nilsjohansson/Documents/AppDevelopment/Swift/Vecka/Vecka/Models/ConfigurationModels.swift /Users/nilsjohansson/Documents/AppDevelopment/Swift/Vecka/Vecka/Models/ContactModels.swift /Users/nilsjohansson/Documents/AppDevelopment/Swift/Vecka/Vecka/Models/CountdownEvent.swift /Users/nilsjohansson/Documents/AppDevelopment/Swift/Vecka/Vecka/Models/CountdownManager.swift /Users/nilsjohansson/Documents/AppDevelopment/Swift/Vecka/Vecka/Models/DailyNote.swift /Users/nilsjohansson/Documents/AppDevelopment/Swift/Vecka/Vecka/Models/ExpenseModels.swift /Users/nilsjohansson/Documents/AppDevelopment/Swift/Vecka/Vecka/Models/HolidayEngine.swift /Users/nilsjohansson/Documents/AppDevelopment/Swift/Vecka/Vecka/Models/HolidayManager.swift /Users/nilsjohansson/Documents/AppDevelopment/Swift/Vecka/Vecka/Models/HolidayRule.swift /Users/nilsjohansson/Documents/AppDevelopment/Swift/Vecka/Vecka/Models/HolidaySymbolCatalog.swift /Users/nilsjohansson/Documents/AppDevelopment/Swift/Vecka/Vecka/Models/SavedLocation.swift /Users/nilsjohansson/Documents/AppDevelopment/Swift/Vecka/Vecka/Services/ConfigurationManager.swift /Users/nilsjohansson/Documents/AppDevelopment/Swift/Vecka/Vecka/Services/ContactsManager.swift /Users/nilsjohansson/Documents/AppDevelopment/Swift/Vecka/Vecka/Services/CurrencyService.swift /Users/nilsjohansson/Documents/AppDevelopment/Swift/Vecka/Vecka/Services/ExpenseManager.swift /Users/nilsjohansson/Documents/AppDevelopment/Swift/Vecka/Vecka/Services/PDFExportModels.swift /Users/nilsjohansson/Documents/AppDevelopment/Swift/Vecka/Vecka/Services/PDFExportService.swift /Users/nilsjohansson/Documents/AppDevelopment/Swift/Vecka/Vecka/Services/PDFRenderer.swift /Users/nilsjohansson/Documents/AppDevelopment/Swift/Vecka/Vecka/Services/RuleEngine.swift /Users/nilsjohansson/Documents/AppDevelopment/Swift/Vecka/Vecka/Services/SimplePDFRenderer.swift /Users/nilsjohansson/Documents/AppDevelopment/Swift/Vecka/Vecka/Services/TravelManager.swift /Users/nilsjohansson/Documents/AppDevelopment/Swift/Vecka/Vecka/Services/WeatherIconMapper.swift /Users/nilsjohansson/Documents/AppDevelopment/Swift/Vecka/Vecka/Services/WeatherLocalization.swift /Users/nilsjohansson/Documents/AppDevelopment/Swift/Vecka/Vecka/Services/WeatherService.swift /Users/nilsjohansson/Documents/AppDevelopment/Swift/Vecka/Vecka/Views/AppSidebar.swift /Users/nilsjohansson/Documents/AppDevelopment/Swift/Vecka/Vecka/Views/CalendarGridView.swift /Users/nilsjohansson/Documents/AppDevelopment/Swift/Vecka/Vecka/Views/ContactDetailView.swift /Users/nilsjohansson/Documents/AppDevelopment/Swift/Vecka/Vecka/Views/ContactImagePicker.swift /Users/nilsjohansson/Documents/AppDevelopment/Swift/Vecka/Vecka/Views/ContactListView.swift /Users/nilsjohansson/Documents/AppDevelopment/Swift/Vecka/Vecka/Views/DayDashboardView.swift /Users/nilsjohansson/Documents/AppDevelopment/Swift/Vecka/Vecka/Views/ExpenseEntryView.swift /Users/nilsjohansson/Documents/AppDevelopment/Swift/Vecka/Vecka/Views/ExpenseListView.swift /Users/nilsjohansson/Documents/AppDevelopment/Swift/Vecka/Vecka/Views/HolidayListView.swift /Users/nilsjohansson/Documents/AppDevelopment/Swift/Vecka/Vecka/Views/IconStripSidebar.swift /Users/nilsjohansson/Documents/AppDevelopment/Swift/Vecka/Vecka/Views/LocationManagerView.swift /Users/nilsjohansson/Documents/AppDevelopment/Swift/Vecka/Vecka/Views/LocationSearchView.swift /Users/nilsjohansson/Documents/AppDevelopment/Swift/Vecka/Vecka/Views/ModernCalendarView.swift /Users/nilsjohansson/Documents/AppDevelopment/Swift/Vecka/Vecka/Views/NoteAppearancePickerViews.swift -primary-file /Users/nilsjohansson/Documents/AppDevelopment/Swift/Vecka/Vecka/Views/NoteColorPicker.swift -primary-file /Users/nilsjohansson/Documents/AppDevelopment/Swift/Vecka/Vecka/Views/NotesListView.swift -primary-file /Users/nilsjohansson/Documents/AppDevelopment/Swift/Vecka/Vecka/Views/ObservancesListView.swift -primary-file /Users/nilsjohansson/Documents/AppDevelopment/Swift/Vecka/Vecka/Views/OverviewDashboardView.swift -primary-file /Users/nilsjohansson/Documents/AppDevelopment/Swift/Vecka/Vecka/Views/PDFExportView.swift -primary-file /Users/nilsjohansson/Documents/AppDevelopment/Swift/Vecka/Vecka/Views/PhoneLibraryView.swift -primary-file /Users/nilsjohansson/Documents/AppDevelopment/Swift/Vecka/Vecka/Views/QRCodeView.swift -primary-file /Users/nilsjohansson/Documents/AppDevelopment/Swift/Vecka/Vecka/Views/SimplePDFExportView.swift -primary-file /Users/nilsjohansson/Documents/AppDevelopment/Swift/Vecka/Vecka/Views/TripListView.swift -primary-file /Users/nilsjohansson/Documents/AppDevelopment/Swift/Vecka/Vecka/Views/WeatherForecastView.swift /Users/nilsjohansson/Documents/AppDevelopment/Swift/Vecka/Vecka/Views/WeekDetailPanel.swift /Users/nilsjohansson/Documents/AppDevelopment/Swift/Vecka/Vecka/ContentView.swift /Users/nilsjohansson/Documents/AppDevelopment/Swift/Vecka/Vecka/CountdownBanner.swift /Users/nilsjohansson/Documents/AppDevelopment/Swift/Vecka/Vecka/CountdownModels.swift /Users/nilsjohansson/Documents/AppDevelopment/Swift/Vecka/Vecka/CountdownViews.swift /Users/nilsjohansson/Documents/AppDevelopment/Swift/Vecka/Vecka/DailyNotesView.swift /Users/nilsjohansson/Documents/AppDevelopment/Swift/Vecka/Vecka/DesignSystem.swift /Users/nilsjohansson/Documents/AppDevelopment/Swift/Vecka/Vecka/Haptics.swift /Users/nilsjohansson/Documents/AppDevelopment/Swift/Vecka/Vecka/JohoDesignSystem.swift /Users/nilsjohansson/Documents/AppDevelopment/Swift/Vecka/Vecka/JumpPickerSheet.swift /Users/nilsjohansson/Documents/AppDevelopment/Swift/Vecka/Vecka/Localization.swift /Users/nilsjohansson/Documents/AppDevelopment/Swift/Vecka/Vecka/Log.swift /Users/nilsjohansson/Documents/AppDevelopment/Swift/Vecka/Vecka/MonthPickerSheet.swift /Users/nilsjohansson/Documents/AppDevelopment/Swift/Vecka/Vecka/SettingsView.swift /Users/nilsjohansson/Documents/AppDevelopment/Swift/Vecka/Vecka/SharedColors.swift /Users/nilsjohansson/Documents/AppDevelopment/Swift/Vecka/Vecka/VeckaApp.swift /Users/nilsjohansson/Documents/AppDevelopment/Swift/Vecka/Vecka/ViewUtilities.swift /Users/nilsjohansson/Documents/AppDevelopment/Swift/Vecka/Vecka/WeekCalendarStrip.swift /Users/nilsjohansson/Documents/AppDevelopment/Swift/Vecka/Vecka/WeekPickerSheet.swift /Users/nilsjohansson/Library/Developer/Xcode/DerivedData/Vecka-coqapuvxhkxauhefoeizzbmchsqi/Build/Intermediates.noindex/Vecka.build/Debug-iphonesimulator/Vecka.build/DerivedSources/GeneratedAssetSymbols.swift -supplementary-output-file-map /Users/nilsjohansson/Library/Developer/Xcode/DerivedData/Vecka-coqapuvxhkxauhefoeizzbmchsqi/Build/Intermediates.noindex/Vecka.build/Debug-iphonesimulator/Vecka.build/Objects-normal/arm64/supplementaryOutputs-6 -emit-localized-strings -emit-localized-strings-path /Users/nilsjohansson/Library/Developer/Xcode/DerivedData/Vecka-coqapuvxhkxauhefoeizzbmchsqi/Build/Intermediates.noindex/Vecka.build/Debug-iphonesimulator/Vecka.build/Objects-normal/arm64 -target arm64-apple-ios26.0-simulator -module-can-import-version DeveloperToolsSupport 23.0.4 23.0.4 -module-can-import-version SwiftUI 7.2.5.1 7.2.5 -module-can-import-version UIKit 9126.2.4.1 9126.2.4 -disable-cross-import-overlay-search -swift-module-cross-import AppIntents /Applications/Xcode.app/Contents/Developer/Platforms/iPhoneSimulator.platform/Developer/SDKs/iPhoneSimulator.sdk/System/Library/Frameworks/AppIntents.framework/Modules/AppIntents.swiftcrossimport/SwiftUI.swiftoverlay -swift-module-cross-import AppIntents /Applications/Xcode.app/Contents/Developer/Platforms/iPhoneSimulator.platform/Developer/SDKs/iPhoneSimulator.sdk/System/Library/Frameworks/AppIntents.framework/Modules/AppIntents.swiftcrossimport/UIKit.swiftoverlay -swift-module-cross-import AppIntents /Applications/Xcode.app/Contents/Developer/Platforms/iPhoneSimulator.platform/Developer/SDKs/iPhoneSimulator26.2.sdk/System/Library/Frameworks/AppIntents.framework/Modules/AppIntents.swiftcrossimport/SwiftUI.swiftoverlay -swift-module-cross-import AppIntents /Applications/Xcode.app/Contents/Developer/Platforms/iPhoneSimulator.platform/Developer/SDKs/iPhoneSimulator26.2.sdk/System/Library/Frameworks/AppIntents.framework/Modules/AppIntents.swiftcrossimport/UIKit.swiftoverlay -swift-module-cross-import MapKit /Applications/Xcode.app/Contents/Developer/Platforms/iPhoneSimulator.platform/Developer/SDKs/iPhoneSimulator.sdk/System/Library/Frameworks/MapKit.framework/Modules/MapKit.swiftcrossimport/SwiftUI.swiftoverlay -swift-module-cross-import PhotosUI /Applications/Xcode.app/Contents/Developer/Platforms/iPhoneSimulator.platform/Developer/SDKs/iPhoneSimulator.sdk/System/Library/Frameworks/PhotosUI.framework/Modules/PhotosUI.swiftcrossimport/SwiftUI.swiftoverlay -swift-module-cross-import PhotosUI /Applications/Xcode.app/Contents/Developer/Platforms/iPhoneSimulator.platform/Developer/SDKs/iPhoneSimulator.sdk/System/Library/Frameworks/PhotosUI.framework/Modules/PhotosUI.swiftcrossimport/WidgetKit.swiftoverlay -swift-module-cross-import PhotosUI /Applications/Xcode.app/Contents/Developer/Platforms/iPhoneSimulator.platform/Developer/SDKs/iPhoneSimulator26.2.sdk/System/Library/Frameworks/PhotosUI.framework/Modules/PhotosUI.swiftcrossimport/SwiftUI.swiftoverlay -swift-module-cross-import PhotosUI /Applications/Xcode.app/Contents/Developer/Platforms/iPhoneSimulator.platform/Developer/SDKs/iPhoneSimulator26.2.sdk/System/Library/Frameworks/PhotosUI.framework/Modules/PhotosUI.swiftcrossimport/WidgetKit.swiftoverlay -swift-module-cross-import RelevanceKit /Applications/Xcode.app/Contents/Developer/Platforms/iPhoneSimulator.platform/Developer/SDKs/iPhoneSimulator.sdk/System/Library/Frameworks/RelevanceKit.framework/Modules/RelevanceKit.swiftcrossimport/MapKit.swiftoverlay -swift-module-cross-import RelevanceKit /Applications/Xcode.app/Contents/Developer/Platforms/iPhoneSimulator.platform/Developer/SDKs/iPhoneSimulator26.2.sdk/System/Library/Frameworks/RelevanceKit.framework/Modules/RelevanceKit.swiftcrossimport/MapKit.swiftoverlay -swift-module-cross-import SwiftData /Applications/Xcode.app/Contents/Developer/Platforms/iPhoneSimulator.platform/Developer/SDKs/iPhoneSimulator26.2.sdk/System/Library/Frameworks/SwiftData.framework/Modules/SwiftData.swiftcrossimport/CoreData.swiftoverlay -swift-module-cross-import SwiftData /Applications/Xcode.app/Contents/Developer/Platforms/iPhoneSimulator.platform/Developer/SDKs/iPhoneSimulator26.2.sdk/System/Library/Frameworks/SwiftData.framework/Modules/SwiftData.swiftcrossimport/SwiftUI.swiftoverlay -load-resolved-plugin /Applications/Xcode.app/Contents/Developer/Platforms/iPhoneOS.platform/Developer/usr/lib/swift/host/plugins/libAppIntentsMacros.dylib\#/Applications/Xcode.app/Contents/Developer/Platforms/iPhoneOS.platform/Developer/usr/bin/swift-plugin-server\#AppIntentsMacros -load-resolved-plugin /Applications/Xcode.app/Contents/Developer/Platforms/iPhoneOS.platform/Developer/usr/lib/swift/host/plugins/libFoundationMacros.dylib\#/Applications/Xcode.app/Contents/Developer/Platforms/iPhoneOS.platform/Developer/usr/bin/swift-plugin-server\#FoundationMacros -load-resolved-plugin /Applications/Xcode.app/Contents/Developer/Platforms/iPhoneOS.platform/Developer/usr/lib/swift/host/plugins/libObservationMacros.dylib\#/Applications/Xcode.app/Contents/Developer/Platforms/iPhoneOS.platform/Developer/usr/bin/swift-plugin-server\#ObservationMacros -load-resolved-plugin /Applications/Xcode.app/Contents/Developer/Platforms/iPhoneOS.platform/Developer/usr/lib/swift/host/plugins/libPreviewsMacros.dylib\#/Applications/Xcode.app/Contents/Developer/Platforms/iPhoneOS.platform/Developer/usr/bin/swift-plugin-server\#PreviewsMacros -load-resolved-plugin /Applications/Xcode.app/Contents/Developer/Platforms/iPhoneOS.platform/Developer/usr/lib/swift/host/plugins/libSwiftDataMacros.dylib\#/Applications/Xcode.app/Contents/Developer/Platforms/iPhoneOS.platform/Developer/usr/bin/swift-plugin-server\#SwiftDataMacros -load-resolved-plugin /Applications/Xcode.app/Contents/Developer/Platforms/iPhoneOS.platform/Developer/usr/lib/swift/host/plugins/libSwiftMacros.dylib\#/Applications/Xcode.app/Contents/Developer/Platforms/iPhoneOS.platform/Developer/usr/bin/swift-plugin-server\#SwiftMacros -load-resolved-plugin /Applications/Xcode.app/Contents/Developer/Platforms/iPhoneOS.platform/Developer/usr/lib/swift/host/plugins/libSwiftUIMacros.dylib\#/Applications/Xcode.app/Contents/Developer/Platforms/iPhoneOS.platform/Developer/usr/bin/swift-plugin-server\#SwiftUIMacros -load-resolved-plugin /Applications/Xcode.app/Contents/Developer/Platforms/iPhoneOS.platform/Developer/usr/lib/swift/host/plugins/libTipKitMacros.dylib\#/Applications/Xcode.app/Contents/Developer/Platforms/iPhoneOS.platform/Developer/usr/bin/swift-plugin-server\#TipKitMacros -disable-implicit-swift-modules -Xcc -fno-implicit-modules -Xcc -fno-implicit-module-maps -explicit-swift-module-map-file /Users/nilsjohansson/Library/Developer/Xcode/DerivedData/Vecka-coqapuvxhkxauhefoeizzbmchsqi/Build/Intermediates.noindex/Vecka.build/Debug-iphonesimulator/Vecka.build/Objects-normal/arm64/Vecka-dependencies-1.json -Xllvm -aarch64-use-tbi -enable-objc-interop -sdk /Applications/Xcode.app/Contents/Developer/Platforms/iPhoneSimulator.platform/Developer/SDKs/iPhoneSimulator26.2.sdk -I /Users/nilsjohansson/Library/Developer/Xcode/DerivedData/Vecka-coqapuvxhkxauhefoeizzbmchsqi/Build/Products/Debug-iphonesimulator -F /Users/nilsjohansson/Library/Developer/Xcode/DerivedData/Vecka-coqapuvxhkxauhefoeizzbmchsqi/Build/Products/Debug-iphonesimulator -no-color-diagnostics -Xcc -fno-color-diagnostics -enable-testing -g -debug-info-format\=dwarf -dwarf-version\=5 -module-cache-path /Users/nilsjohansson/Library/Developer/Xcode/DerivedData/Vecka-coqapuvxhkxauhefoeizzbmchsqi/Build/Intermediates.noindex/SwiftExplicitPrecompiledModules -profile-generate -profile-coverage-mapping -swift-version 5 -enforce-exclusivity\=checked -Onone -D DEBUG -serialize-debugging-options -const-gather-protocols-file /Users/nilsjohansson/Library/Developer/Xcode/DerivedData/Vecka-coqapuvxhkxauhefoeizzbmchsqi/Build/Intermediates.noindex/Vecka.build/Debug-iphonesimulator/Vecka.build/Objects-normal/arm64/Vecka_const_extract_protocols.json -enable-experimental-feature DebugDescriptionMacro -enable-bare-slash-regex -empty-abi-descriptor -validate-clang-modules-once -clang-build-session-file /Users/nilsjohansson/Library/Developer/Xcode/DerivedData/ModuleCache.noindex/Session.modulevalidation -Xcc -working-directory -Xcc /Users/nilsjohansson/Documents/AppDevelopment/Swift/Vecka -enable-anonymous-context-mangled-names -file-compilation-dir /Users/nilsjohansson/Documents/AppDevelopment/Swift/Vecka -Xcc -D_LIBCPP_HARDENING_MODE\=_LIBCPP_HARDENING_MODE_DEBUG -Xcc -ivfsstatcache -Xcc /Users/nilsjohansson/Library/Developer/Xcode/DerivedData/SDKStatCaches.noindex/iphonesimulator26.2-23C53-7d00a8b37fbd7999ea79df8ebc024bf0.sdkstatcache -Xcc -I/Users/nilsjohansson/Library/Developer/Xcode/DerivedData/Vecka-coqapuvxhkxauhefoeizzbmchsqi/Build/Intermediates.noindex/Vecka.build/Debug-iphonesimulator/Vecka.build/swift-overrides.hmap -Xcc -iquote -Xcc /Users/nilsjohansson/Library/Developer/Xcode/DerivedData/Vecka-coqapuvxhkxauhefoeizzbmchsqi/Build/Intermediates.noindex/Vecka.build/Debug-iphonesimulator/Vecka.build/Vecka-generated-files.hmap -Xcc -I/Users/nilsjohansson/Library/Developer/Xcode/DerivedData/Vecka-coqapuvxhkxauhefoeizzbmchsqi/Build/Intermediates.noindex/Vecka.build/Debug-iphonesimulator/Vecka.build/Vecka-own-target-headers.hmap -Xcc -I/Users/nilsjohansson/Library/Developer/Xcode/DerivedData/Vecka-coqapuvxhkxauhefoeizzbmchsqi/Build/Intermediates.noindex/Vecka.build/Debug-iphonesimulator/Vecka.build/Vecka-all-target-headers.hmap -Xcc -iquote -Xcc /Users/nilsjohansson/Library/Developer/Xcode/DerivedData/Vecka-coqapuvxhkxauhefoeizzbmchsqi/Build/Intermediates.noindex/Vecka.build/Debug-iphonesimulator/Vecka.build/Vecka-project-headers.hmap -Xcc -I/Users/nilsjohansson/Library/Developer/Xcode/DerivedData/Vecka-coqapuvxhkxauhefoeizzbmchsqi/Build/Products/Debug-iphonesimulator/include -Xcc -I/Users/nilsjohansson/Library/Developer/Xcode/DerivedData/Vecka-coqapuvxhkxauhefoeizzbmchsqi/Build/Intermediates.noindex/Vecka.build/Debug-iphonesimulator/Vecka.build/DerivedSources-normal/arm64 -Xcc -I/Users/nilsjohansson/Library/Developer/Xcode/DerivedData/Vecka-coqapuvxhkxauhefoeizzbmchsqi/Build/Intermediates.noindex/Vecka.build/Debug-iphonesimulator/Vecka.build/DerivedSources/arm64 -Xcc -I/Users/nilsjohansson/Library/Developer/Xcode/DerivedData/Vecka-coqapuvxhkxauhefoeizzbmchsqi/Build/Intermediates.noindex/Vecka.build/Debug-iphonesimulator/Vecka.build/DerivedSources -Xcc -DDEBUG\=1 -no-auto-bridging-header-chaining -module-name Vecka -frontend-parseable-output -disable-clang-spi -target-sdk-version 26.2 -target-sdk-name iphonesimulator26.2 -clang-target arm64-apple-ios26.2-simulator -in-process-plugin-server-path /Applications/Xcode.app/Contents/Developer/Toolchains/XcodeDefault.xctoolchain/usr/lib/swift/host/libSwiftInProcPluginServer.dylib -o /Users/nilsjohansson/Library/Developer/Xcode/DerivedData/Vecka-coqapuvxhkxauhefoeizzbmchsqi/Build/Intermediates.noindex/Vecka.build/Debug-iphonesimulator/Vecka.build/Objects-normal/arm64/NoteColorPicker.o -o /Users/nilsjohansson/Library/Developer/Xcode/DerivedData/Vecka-coqapuvxhkxauhefoeizzbmchsqi/Build/Intermediates.noindex/Vecka.build/Debug-iphonesimulator/Vecka.build/Objects-normal/arm64/NotesListView.o -o /Users/nilsjohansson/Library/Developer/Xcode/DerivedData/Vecka-coqapuvxhkxauhefoeizzbmchsqi/Build/Intermediates.noindex/Vecka.build/Debug-iphonesimulator/Vecka.build/Objects-normal/arm64/ObservancesListView.o -o /Users/nilsjohansson/Library/Developer/Xcode/DerivedData/Vecka-coqapuvxhkxauhefoeizzbmchsqi/Build/Intermediates.noindex/Vecka.build/Debug-iphonesimulator/Vecka.build/Objects-normal/arm64/OverviewDashboardView.o -o /Users/nilsjohansson/Library/Developer/Xcode/DerivedData/Vecka-coqapuvxhkxauhefoeizzbmchsqi/Build/Intermediates.noindex/Vecka.build/Debug-iphonesimulator/Vecka.build/Objects-normal/arm64/PDFExportView.o -o /Users/nilsjohansson/Library/Developer/Xcode/DerivedData/Vecka-coqapuvxhkxauhefoeizzbmchsqi/Build/Intermediates.noindex/Vecka.build/Debug-iphonesimulator/Vecka.build/Objects-normal/arm64/PhoneLibraryView.o -o /Users/nilsjohansson/Library/Developer/Xcode/DerivedData/Vecka-coqapuvxhkxauhefoeizzbmchsqi/Build/Intermediates.noindex/Vecka.build/Debug-iphonesimulator/Vecka.build/Objects-normal/arm64/QRCodeView.o -o /Users/nilsjohansson/Library/Developer/Xcode/DerivedData/Vecka-coqapuvxhkxauhefoeizzbmchsqi/Build/Intermediates.noindex/Vecka.build/Debug-iphonesimulator/Vecka.build/Objects-normal/arm64/SimplePDFExportView.o -o /Users/nilsjohansson/Library/Developer/Xcode/DerivedData/Vecka-coqapuvxhkxauhefoeizzbmchsqi/Build/Intermediates.noindex/Vecka.build/Debug-iphonesimulator/Vecka.build/Objects-normal/arm64/TripListView.o -o /Users/nilsjohansson/Library/Developer/Xcode/DerivedData/Vecka-coqapuvxhkxauhefoeizzbmchsqi/Build/Intermediates.noindex/Vecka.build/Debug-iphonesimulator/Vecka.build/Objects-normal/arm64/WeatherForecastView.o -index-unit-output-path /Vecka.build/Debug-iphonesimulator/Vecka.build/Objects-normal/arm64/NoteColorPicker.o -index-unit-output-path /Vecka.build/Debug-iphonesimulator/Vecka.build/Objects-normal/arm64/NotesListView.o -index-unit-output-path /Vecka.build/Debug-iphonesimulator/Vecka.build/Objects-normal/arm64/ObservancesListView.o -index-unit-output-path /Vecka.build/Debug-iphonesimulator/Vecka.build/Objects-normal/arm64/OverviewDashboardView.o -index-unit-output-path /Vecka.build/Debug-iphonesimulator/Vecka.build/Objects-normal/arm64/PDFExportView.o -index-unit-output-path /Vecka.build/Debug-iphonesimulator/Vecka.build/Objects-normal/arm64/PhoneLibraryView.o -index-unit-output-path /Vecka.build/Debug-iphonesimulator/Vecka.build/Objects-normal/arm64/QRCodeView.o -index-unit-output-path /Vecka.build/Debug-iphonesimulator/Vecka.build/Objects-normal/arm64/SimplePDFExportView.o -index-unit-output-path /Vecka.build/Debug-iphonesimulator/Vecka.build/Objects-normal/arm64/TripListView.o -index-unit-output-path /Vecka.build/Debug-iphonesimulator/Vecka.build/Objects-normal/arm64/WeatherForecastView.o -index-store-path /Users/nilsjohansson/Library/Developer/Xcode/DerivedData/Vecka-coqapuvxhkxauhefoeizzbmchsqi/Index.noindex/DataStore -index-system-modules

SwiftCompile normal arm64 /Users/nilsjohansson/Documents/AppDevelopment/Swift/Vecka/Vecka/Views/NoteColorPicker.swift (in target 'Vecka' from project 'Vecka')
    cd /Users/nilsjohansson/Documents/AppDevelopment/Swift/Vecka
    

SwiftCompile normal arm64 /Users/nilsjohansson/Documents/AppDevelopment/Swift/Vecka/Vecka/Views/NotesListView.swift (in target 'Vecka' from project 'Vecka')
    cd /Users/nilsjohansson/Documents/AppDevelopment/Swift/Vecka
    

SwiftCompile normal arm64 /Users/nilsjohansson/Documents/AppDevelopment/Swift/Vecka/Vecka/Views/ObservancesListView.swift (in target 'Vecka' from project 'Vecka')
    cd /Users/nilsjohansson/Documents/AppDevelopment/Swift/Vecka
    

SwiftCompile normal arm64 /Users/nilsjohansson/Documents/AppDevelopment/Swift/Vecka/Vecka/Views/OverviewDashboardView.swift (in target 'Vecka' from project 'Vecka')
    cd /Users/nilsjohansson/Documents/AppDevelopment/Swift/Vecka
    

SwiftCompile normal arm64 /Users/nilsjohansson/Documents/AppDevelopment/Swift/Vecka/Vecka/Views/PDFExportView.swift (in target 'Vecka' from project 'Vecka')
    cd /Users/nilsjohansson/Documents/AppDevelopment/Swift/Vecka
    

SwiftCompile normal arm64 /Users/nilsjohansson/Documents/AppDevelopment/Swift/Vecka/Vecka/Views/PhoneLibraryView.swift (in target 'Vecka' from project 'Vecka')
    cd /Users/nilsjohansson/Documents/AppDevelopment/Swift/Vecka
    
/Users/nilsjohansson/Documents/AppDevelopment/Swift/Vecka/Vecka/Views/PhoneLibraryView.swift:68:52: error: type 'Localization' has no member 'specialObservances'
                            subtitle: Localization.specialObservances,
                                      ~~~~~~~~~~~~ ^~~~~~~~~~~~~~~~~~
/Users/nilsjohansson/Documents/AppDevelopment/Swift/Vecka/Vecka/Views/PhoneLibraryView.swift:146:33: error: type 'Localization' has no member 'noNotesYet'
            return Localization.noNotesYet
                   ~~~~~~~~~~~~ ^~~~~~~~~~
/Users/nilsjohansson/Documents/AppDevelopment/Swift/Vecka/Vecka/Views/PhoneLibraryView.swift:154:33: error: type 'Localization' has no member 'noHolidaysConfigured'
            return Localization.noHolidaysConfigured
                   ~~~~~~~~~~~~ ^~~~~~~~~~~~~~~~~~~~
/Users/nilsjohansson/Documents/AppDevelopment/Swift/Vecka/Vecka/Views/PhoneLibraryView.swift:162:33: error: type 'Localization' has no member 'noTripsPlanned'
            return Localization.noTripsPlanned
                   ~~~~~~~~~~~~ ^~~~~~~~~~~~~~
/Users/nilsjohansson/Documents/AppDevelopment/Swift/Vecka/Vecka/Views/PhoneLibraryView.swift:171:33: error: type 'Localization' has no member 'noExpensesRecorded'
            return Localization.noExpensesRecorded
                   ~~~~~~~~~~~~ ^~~~~~~~~~~~~~~~~~
/Users/nilsjohansson/Documents/AppDevelopment/Swift/Vecka/Vecka/Views/PhoneLibraryView.swift:180:33: error: type 'Localization' has no member 'noContactsSaved'
            return Localization.noContactsSaved
                   ~~~~~~~~~~~~ ^~~~~~~~~~~~~~~

SwiftCompile normal arm64 /Users/nilsjohansson/Documents/AppDevelopment/Swift/Vecka/Vecka/Views/QRCodeView.swift (in target 'Vecka' from project 'Vecka')
    cd /Users/nilsjohansson/Documents/AppDevelopment/Swift/Vecka
    

SwiftCompile normal arm64 /Users/nilsjohansson/Documents/AppDevelopment/Swift/Vecka/Vecka/Views/SimplePDFExportView.swift (in target 'Vecka' from project 'Vecka')
    cd /Users/nilsjohansson/Documents/AppDevelopment/Swift/Vecka
    

SwiftCompile normal arm64 /Users/nilsjohansson/Documents/AppDevelopment/Swift/Vecka/Vecka/Views/TripListView.swift (in target 'Vecka' from project 'Vecka')
    cd /Users/nilsjohansson/Documents/AppDevelopment/Swift/Vecka
    

SwiftCompile normal arm64 /Users/nilsjohansson/Documents/AppDevelopment/Swift/Vecka/Vecka/Views/WeatherForecastView.swift (in target 'Vecka' from project 'Vecka')
    cd /Users/nilsjohansson/Documents/AppDevelopment/Swift/Vecka
    

SwiftDriverJobDiscovery normal arm64 Compiling AppInitializer.swift, CountdownMigration.swift, HolidayRegionSelection.swift, NotesMigration.swift, PersonnummerParser.swift, WeekCalculator.swift, AppShortcuts.swift, CurrentWeekIntent.swift, WeekForDateIntent.swift, WeekOverviewIntent.swift, BusinessRules.swift (in target 'Vecka' from project 'Vecka')

SwiftCompile normal arm64 Compiling\ Localization.swift,\ Log.swift,\ MonthPickerSheet.swift,\ SettingsView.swift,\ SharedColors.swift,\ VeckaApp.swift,\ ViewUtilities.swift,\ WeekCalendarStrip.swift,\ WeekPickerSheet.swift,\ GeneratedAssetSymbols.swift /Users/nilsjohansson/Documents/AppDevelopment/Swift/Vecka/Vecka/Localization.swift /Users/nilsjohansson/Documents/AppDevelopment/Swift/Vecka/Vecka/Log.swift /Users/nilsjohansson/Documents/AppDevelopment/Swift/Vecka/Vecka/MonthPickerSheet.swift /Users/nilsjohansson/Documents/AppDevelopment/Swift/Vecka/Vecka/SettingsView.swift /Users/nilsjohansson/Documents/AppDevelopment/Swift/Vecka/Vecka/SharedColors.swift /Users/nilsjohansson/Documents/AppDevelopment/Swift/Vecka/Vecka/VeckaApp.swift /Users/nilsjohansson/Documents/AppDevelopment/Swift/Vecka/Vecka/ViewUtilities.swift /Users/nilsjohansson/Documents/AppDevelopment/Swift/Vecka/Vecka/WeekCalendarStrip.swift /Users/nilsjohansson/Documents/AppDevelopment/Swift/Vecka/Vecka/WeekPickerSheet.swift /Users/nilsjohansson/Library/Developer/Xcode/DerivedData/Vecka-coqapuvxhkxauhefoeizzbmchsqi/Build/Intermediates.noindex/Vecka.build/Debug-iphonesimulator/Vecka.build/DerivedSources/GeneratedAssetSymbols.swift (in target 'Vecka' from project 'Vecka')

SwiftCompile normal arm64 /Users/nilsjohansson/Documents/AppDevelopment/Swift/Vecka/Vecka/Localization.swift (in target 'Vecka' from project 'Vecka')
    cd /Users/nilsjohansson/Documents/AppDevelopment/Swift/Vecka
    

SwiftCompile normal arm64 /Users/nilsjohansson/Documents/AppDevelopment/Swift/Vecka/Vecka/Log.swift (in target 'Vecka' from project 'Vecka')
    cd /Users/nilsjohansson/Documents/AppDevelopment/Swift/Vecka
    

SwiftCompile normal arm64 /Users/nilsjohansson/Documents/AppDevelopment/Swift/Vecka/Vecka/MonthPickerSheet.swift (in target 'Vecka' from project 'Vecka')
    cd /Users/nilsjohansson/Documents/AppDevelopment/Swift/Vecka
    

SwiftCompile normal arm64 /Users/nilsjohansson/Documents/AppDevelopment/Swift/Vecka/Vecka/SettingsView.swift (in target 'Vecka' from project 'Vecka')
    cd /Users/nilsjohansson/Documents/AppDevelopment/Swift/Vecka
    

SwiftCompile normal arm64 /Users/nilsjohansson/Documents/AppDevelopment/Swift/Vecka/Vecka/SharedColors.swift (in target 'Vecka' from project 'Vecka')
    cd /Users/nilsjohansson/Documents/AppDevelopment/Swift/Vecka
    

SwiftCompile normal arm64 /Users/nilsjohansson/Documents/AppDevelopment/Swift/Vecka/Vecka/VeckaApp.swift (in target 'Vecka' from project 'Vecka')
    cd /Users/nilsjohansson/Documents/AppDevelopment/Swift/Vecka
    

SwiftCompile normal arm64 /Users/nilsjohansson/Documents/AppDevelopment/Swift/Vecka/Vecka/ViewUtilities.swift (in target 'Vecka' from project 'Vecka')
    cd /Users/nilsjohansson/Documents/AppDevelopment/Swift/Vecka
    

SwiftCompile normal arm64 /Users/nilsjohansson/Documents/AppDevelopment/Swift/Vecka/Vecka/WeekCalendarStrip.swift (in target 'Vecka' from project 'Vecka')
    cd /Users/nilsjohansson/Documents/AppDevelopment/Swift/Vecka
    

SwiftCompile normal arm64 /Users/nilsjohansson/Documents/AppDevelopment/Swift/Vecka/Vecka/WeekPickerSheet.swift (in target 'Vecka' from project 'Vecka')
    cd /Users/nilsjohansson/Documents/AppDevelopment/Swift/Vecka
    

SwiftCompile normal arm64 /Users/nilsjohansson/Library/Developer/Xcode/DerivedData/Vecka-coqapuvxhkxauhefoeizzbmchsqi/Build/Intermediates.noindex/Vecka.build/Debug-iphonesimulator/Vecka.build/DerivedSources/GeneratedAssetSymbols.swift (in target 'Vecka' from project 'Vecka')
    cd /Users/nilsjohansson/Documents/AppDevelopment/Swift/Vecka
    

ConstructStubExecutorLinkFileList /Users/nilsjohansson/Library/Developer/Xcode/DerivedData/Vecka-coqapuvxhkxauhefoeizzbmchsqi/Build/Intermediates.noindex/Vecka.build/Debug-iphonesimulator/VeckaWidgetExtension.build/VeckaWidgetExtension-ExecutorLinkFileList-normal-arm64.txt (in target 'VeckaWidgetExtension' from project 'Vecka')
    cd /Users/nilsjohansson/Documents/AppDevelopment/Swift/Vecka
    construct-stub-executor-link-file-list /Users/nilsjohansson/Library/Developer/Xcode/DerivedData/Vecka-coqapuvxhkxauhefoeizzbmchsqi/Build/Products/Debug-iphonesimulator/VeckaWidgetExtension.appex/VeckaWidgetExtension.debug.dylib /Applications/Xcode.app/Contents/Developer/Platforms/iPhoneSimulator.platform/Developer/usr/lib/libPreviewsJITStubExecutor_no_swift_entry_point.a /Applications/Xcode.app/Contents/Developer/Platforms/iPhoneSimulator.platform/Developer/usr/lib/libPreviewsJITStubExecutor.a --output /Users/nilsjohansson/Library/Developer/Xcode/DerivedData/Vecka-coqapuvxhkxauhefoeizzbmchsqi/Build/Intermediates.noindex/Vecka.build/Debug-iphonesimulator/VeckaWidgetExtension.build/VeckaWidgetExtension-ExecutorLinkFileList-normal-arm64.txt
note: Using stub executor library with Swift entry point. (in target 'VeckaWidgetExtension' from project 'Vecka')

SwiftDriverJobDiscovery normal arm64 Emitting module for Vecka (in target 'Vecka' from project 'Vecka')

SwiftDriver\ Compilation\ Requirements Vecka normal arm64 com.apple.xcode.tools.swift.compiler (in target 'Vecka' from project 'Vecka')
    cd /Users/nilsjohansson/Documents/AppDevelopment/Swift/Vecka
    builtin-Swift-Compilation-Requirements -- /Applications/Xcode.app/Contents/Developer/Toolchains/XcodeDefault.xctoolchain/usr/bin/swiftc -module-name Vecka -Onone -enforce-exclusivity\=checked @/Users/nilsjohansson/Library/Developer/Xcode/DerivedData/Vecka-coqapuvxhkxauhefoeizzbmchsqi/Build/Intermediates.noindex/Vecka.build/Debug-iphonesimulator/Vecka.build/Objects-normal/arm64/Vecka.SwiftFileList -DDEBUG -enable-bare-slash-regex -enable-experimental-feature DebugDescriptionMacro -sdk /Applications/Xcode.app/Contents/Developer/Platforms/iPhoneSimulator.platform/Developer/SDKs/iPhoneSimulator26.2.sdk -target arm64-apple-ios26.0-simulator -g -module-cache-path /Users/nilsjohansson/Library/Developer/Xcode/DerivedData/ModuleCache.noindex -Xfrontend -serialize-debugging-options -profile-coverage-mapping -profile-generate -enable-testing -index-store-path /Users/nilsjohansson/Library/Developer/Xcode/DerivedData/Vecka-coqapuvxhkxauhefoeizzbmchsqi/Index.noindex/DataStore -Xcc -D_LIBCPP_HARDENING_MODE\=_LIBCPP_HARDENING_MODE_DEBUG -swift-version 5 -I /Users/nilsjohansson/Library/Developer/Xcode/DerivedData/Vecka-coqapuvxhkxauhefoeizzbmchsqi/Build/Products/Debug-iphonesimulator -F /Users/nilsjohansson/Library/Developer/Xcode/DerivedData/Vecka-coqapuvxhkxauhefoeizzbmchsqi/Build/Products/Debug-iphonesimulator -emit-localized-strings -emit-localized-strings-path /Users/nilsjohansson/Library/Developer/Xcode/DerivedData/Vecka-coqapuvxhkxauhefoeizzbmchsqi/Build/Intermediates.noindex/Vecka.build/Debug-iphonesimulator/Vecka.build/Objects-normal/arm64 -c -j8 -enable-batch-mode -incremental -Xcc -ivfsstatcache -Xcc /Users/nilsjohansson/Library/Developer/Xcode/DerivedData/SDKStatCaches.noindex/iphonesimulator26.2-23C53-7d00a8b37fbd7999ea79df8ebc024bf0.sdkstatcache -output-file-map /Users/nilsjohansson/Library/Developer/Xcode/DerivedData/Vecka-coqapuvxhkxauhefoeizzbmchsqi/Build/Intermediates.noindex/Vecka.build/Debug-iphonesimulator/Vecka.build/Objects-normal/arm64/Vecka-OutputFileMap.json -use-frontend-parseable-output -save-temps -no-color-diagnostics -explicit-module-build -module-cache-path /Users/nilsjohansson/Library/Developer/Xcode/DerivedData/Vecka-coqapuvxhkxauhefoeizzbmchsqi/Build/Intermediates.noindex/SwiftExplicitPrecompiledModules -clang-scanner-module-cache-path /Users/nilsjohansson/Library/Developer/Xcode/DerivedData/ModuleCache.noindex -sdk-module-cache-path /Users/nilsjohansson/Library/Developer/Xcode/DerivedData/ModuleCache.noindex -serialize-diagnostics -emit-dependencies -emit-module -emit-module-path /Users/nilsjohansson/Library/Developer/Xcode/DerivedData/Vecka-coqapuvxhkxauhefoeizzbmchsqi/Build/Intermediates.noindex/Vecka.build/Debug-iphonesimulator/Vecka.build/Objects-normal/arm64/Vecka.swiftmodule -validate-clang-modules-once -clang-build-session-file /Users/nilsjohansson/Library/Developer/Xcode/DerivedData/ModuleCache.noindex/Session.modulevalidation -Xcc -I/Users/nilsjohansson/Library/Developer/Xcode/DerivedData/Vecka-coqapuvxhkxauhefoeizzbmchsqi/Build/Intermediates.noindex/Vecka.build/Debug-iphonesimulator/Vecka.build/swift-overrides.hmap -emit-const-values -Xfrontend -const-gather-protocols-file -Xfrontend /Users/nilsjohansson/Library/Developer/Xcode/DerivedData/Vecka-coqapuvxhkxauhefoeizzbmchsqi/Build/Intermediates.noindex/Vecka.build/Debug-iphonesimulator/Vecka.build/Objects-normal/arm64/Vecka_const_extract_protocols.json -Xcc -iquote -Xcc /Users/nilsjohansson/Library/Developer/Xcode/DerivedData/Vecka-coqapuvxhkxauhefoeizzbmchsqi/Build/Intermediates.noindex/Vecka.build/Debug-iphonesimulator/Vecka.build/Vecka-generated-files.hmap -Xcc -I/Users/nilsjohansson/Library/Developer/Xcode/DerivedData/Vecka-coqapuvxhkxauhefoeizzbmchsqi/Build/Intermediates.noindex/Vecka.build/Debug-iphonesimulator/Vecka.build/Vecka-own-target-headers.hmap -Xcc -I/Users/nilsjohansson/Library/Developer/Xcode/DerivedData/Vecka-coqapuvxhkxauhefoeizzbmchsqi/Build/Intermediates.noindex/Vecka.build/Debug-iphonesimulator/Vecka.build/Vecka-all-target-headers.hmap -Xcc -iquote -Xcc /Users/nilsjohansson/Library/Developer/Xcode/DerivedData/Vecka-coqapuvxhkxauhefoeizzbmchsqi/Build/Intermediates.noindex/Vecka.build/Debug-iphonesimulator/Vecka.build/Vecka-project-headers.hmap -Xcc -I/Users/nilsjohansson/Library/Developer/Xcode/DerivedData/Vecka-coqapuvxhkxauhefoeizzbmchsqi/Build/Products/Debug-iphonesimulator/include -Xcc -I/Users/nilsjohansson/Library/Developer/Xcode/DerivedData/Vecka-coqapuvxhkxauhefoeizzbmchsqi/Build/Intermediates.noindex/Vecka.build/Debug-iphonesimulator/Vecka.build/DerivedSources-normal/arm64 -Xcc -I/Users/nilsjohansson/Library/Developer/Xcode/DerivedData/Vecka-coqapuvxhkxauhefoeizzbmchsqi/Build/Intermediates.noindex/Vecka.build/Debug-iphonesimulator/Vecka.build/DerivedSources/arm64 -Xcc -I/Users/nilsjohansson/Library/Developer/Xcode/DerivedData/Vecka-coqapuvxhkxauhefoeizzbmchsqi/Build/Intermediates.noindex/Vecka.build/Debug-iphonesimulator/Vecka.build/DerivedSources -Xcc -DDEBUG\=1 -emit-objc-header -emit-objc-header-path /Users/nilsjohansson/Library/Developer/Xcode/DerivedData/Vecka-coqapuvxhkxauhefoeizzbmchsqi/Build/Intermediates.noindex/Vecka.build/Debug-iphonesimulator/Vecka.build/Objects-normal/arm64/Vecka-Swift.h -working-directory /Users/nilsjohansson/Documents/AppDevelopment/Swift/Vecka -experimental-emit-module-separately -disable-cmo

Ld /Users/nilsjohansson/Library/Developer/Xcode/DerivedData/Vecka-coqapuvxhkxauhefoeizzbmchsqi/Build/Products/Debug-iphonesimulator/VeckaWidgetExtension.appex/VeckaWidgetExtension normal (in target 'VeckaWidgetExtension' from project 'Vecka')
    cd /Users/nilsjohansson/Documents/AppDevelopment/Swift/Vecka
    /Applications/Xcode.app/Contents/Developer/Toolchains/XcodeDefault.xctoolchain/usr/bin/clang -Xlinker -reproducible -target arm64-apple-ios26.0-simulator -isysroot /Applications/Xcode.app/Contents/Developer/Platforms/iPhoneSimulator.platform/Developer/SDKs/iPhoneSimulator26.2.sdk -O0 -L/Users/nilsjohansson/Library/Developer/Xcode/DerivedData/Vecka-coqapuvxhkxauhefoeizzbmchsqi/Build/Products/Debug-iphonesimulator -F/Users/nilsjohansson/Library/Developer/Xcode/DerivedData/Vecka-coqapuvxhkxauhefoeizzbmchsqi/Build/Products/Debug-iphonesimulator -Xlinker -rpath -Xlinker @executable_path -Xlinker -rpath -Xlinker @executable_path/Frameworks -Xlinker -rpath -Xlinker @executable_path/../../Frameworks -rdynamic -Xlinker -no_deduplicate -Xlinker -objc_abi_version -Xlinker 2 -Xlinker -debug_variant -e ___debug_blank_executor_main -Xlinker -sectcreate -Xlinker __TEXT -Xlinker __debug_dylib -Xlinker /Users/nilsjohansson/Library/Developer/Xcode/DerivedData/Vecka-coqapuvxhkxauhefoeizzbmchsqi/Build/Intermediates.noindex/Vecka.build/Debug-iphonesimulator/VeckaWidgetExtension.build/VeckaWidgetExtension-DebugDylibPath-normal-arm64.txt -Xlinker -sectcreate -Xlinker __TEXT -Xlinker __debug_entry -Xlinker /Users/nilsjohansson/Library/Developer/Xcode/DerivedData/Vecka-coqapuvxhkxauhefoeizzbmchsqi/Build/Intermediates.noindex/Vecka.build/Debug-iphonesimulator/VeckaWidgetExtension.build/VeckaWidgetExtension-DebugEntryPoint-normal-arm64.txt -Xlinker -sectcreate -Xlinker __TEXT -Xlinker __debug_instlnm -Xlinker /Users/nilsjohansson/Library/Developer/Xcode/DerivedData/Vecka-coqapuvxhkxauhefoeizzbmchsqi/Build/Intermediates.noindex/Vecka.build/Debug-iphonesimulator/VeckaWidgetExtension.build/VeckaWidgetExtension-DebugDylibInstallName-normal-arm64.txt -Xlinker -filelist -Xlinker /Users/nilsjohansson/Library/Developer/Xcode/DerivedData/Vecka-coqapuvxhkxauhefoeizzbmchsqi/Build/Intermediates.noindex/Vecka.build/Debug-iphonesimulator/VeckaWidgetExtension.build/VeckaWidgetExtension-ExecutorLinkFileList-normal-arm64.txt /Users/nilsjohansson/Library/Developer/Xcode/DerivedData/Vecka-coqapuvxhkxauhefoeizzbmchsqi/Build/Products/Debug-iphonesimulator/VeckaWidgetExtension.appex/VeckaWidgetExtension.debug.dylib -o /Users/nilsjohansson/Library/Developer/Xcode/DerivedData/Vecka-coqapuvxhkxauhefoeizzbmchsqi/Build/Products/Debug-iphonesimulator/VeckaWidgetExtension.appex/VeckaWidgetExtension

SwiftMergeGeneratedHeaders /Users/nilsjohansson/Library/Developer/Xcode/DerivedData/Vecka-coqapuvxhkxauhefoeizzbmchsqi/Build/Intermediates.noindex/Vecka.build/Debug-iphonesimulator/Vecka.build/DerivedSources/Vecka-Swift.h /Users/nilsjohansson/Library/Developer/Xcode/DerivedData/Vecka-coqapuvxhkxauhefoeizzbmchsqi/Build/Intermediates.noindex/Vecka.build/Debug-iphonesimulator/Vecka.build/Objects-normal/arm64/Vecka-Swift.h (in target 'Vecka' from project 'Vecka')
    cd /Users/nilsjohansson/Documents/AppDevelopment/Swift/Vecka
    builtin-swiftHeaderTool -arch arm64 /Users/nilsjohansson/Library/Developer/Xcode/DerivedData/Vecka-coqapuvxhkxauhefoeizzbmchsqi/Build/Intermediates.noindex/Vecka.build/Debug-iphonesimulator/Vecka.build/Objects-normal/arm64/Vecka-Swift.h -o /Users/nilsjohansson/Library/Developer/Xcode/DerivedData/Vecka-coqapuvxhkxauhefoeizzbmchsqi/Build/Intermediates.noindex/Vecka.build/Debug-iphonesimulator/Vecka.build/DerivedSources/Vecka-Swift.h

Copy /Users/nilsjohansson/Library/Developer/Xcode/DerivedData/Vecka-coqapuvxhkxauhefoeizzbmchsqi/Build/Products/Debug-iphonesimulator/Vecka.swiftmodule/arm64-apple-ios-simulator.swiftmodule /Users/nilsjohansson/Library/Developer/Xcode/DerivedData/Vecka-coqapuvxhkxauhefoeizzbmchsqi/Build/Intermediates.noindex/Vecka.build/Debug-iphonesimulator/Vecka.build/Objects-normal/arm64/Vecka.swiftmodule (in target 'Vecka' from project 'Vecka')
    cd /Users/nilsjohansson/Documents/AppDevelopment/Swift/Vecka
    builtin-copy -exclude .DS_Store -exclude CVS -exclude .svn -exclude .git -exclude .hg -resolve-src-symlinks -rename /Users/nilsjohansson/Library/Developer/Xcode/DerivedData/Vecka-coqapuvxhkxauhefoeizzbmchsqi/Build/Intermediates.noindex/Vecka.build/Debug-iphonesimulator/Vecka.build/Objects-normal/arm64/Vecka.swiftmodule /Users/nilsjohansson/Library/Developer/Xcode/DerivedData/Vecka-coqapuvxhkxauhefoeizzbmchsqi/Build/Products/Debug-iphonesimulator/Vecka.swiftmodule/arm64-apple-ios-simulator.swiftmodule

Copy /Users/nilsjohansson/Library/Developer/Xcode/DerivedData/Vecka-coqapuvxhkxauhefoeizzbmchsqi/Build/Products/Debug-iphonesimulator/Vecka.swiftmodule/arm64-apple-ios-simulator.swiftdoc /Users/nilsjohansson/Library/Developer/Xcode/DerivedData/Vecka-coqapuvxhkxauhefoeizzbmchsqi/Build/Intermediates.noindex/Vecka.build/Debug-iphonesimulator/Vecka.build/Objects-normal/arm64/Vecka.swiftdoc (in target 'Vecka' from project 'Vecka')
    cd /Users/nilsjohansson/Documents/AppDevelopment/Swift/Vecka
    builtin-copy -exclude .DS_Store -exclude CVS -exclude .svn -exclude .git -exclude .hg -resolve-src-symlinks -rename /Users/nilsjohansson/Library/Developer/Xcode/DerivedData/Vecka-coqapuvxhkxauhefoeizzbmchsqi/Build/Intermediates.noindex/Vecka.build/Debug-iphonesimulator/Vecka.build/Objects-normal/arm64/Vecka.swiftdoc /Users/nilsjohansson/Library/Developer/Xcode/DerivedData/Vecka-coqapuvxhkxauhefoeizzbmchsqi/Build/Products/Debug-iphonesimulator/Vecka.swiftmodule/arm64-apple-ios-simulator.swiftdoc

Copy /Users/nilsjohansson/Library/Developer/Xcode/DerivedData/Vecka-coqapuvxhkxauhefoeizzbmchsqi/Build/Products/Debug-iphonesimulator/Vecka.swiftmodule/arm64-apple-ios-simulator.abi.json /Users/nilsjohansson/Library/Developer/Xcode/DerivedData/Vecka-coqapuvxhkxauhefoeizzbmchsqi/Build/Intermediates.noindex/Vecka.build/Debug-iphonesimulator/Vecka.build/Objects-normal/arm64/Vecka.abi.json (in target 'Vecka' from project 'Vecka')
    cd /Users/nilsjohansson/Documents/AppDevelopment/Swift/Vecka
    builtin-copy -exclude .DS_Store -exclude CVS -exclude .svn -exclude .git -exclude .hg -resolve-src-symlinks -rename /Users/nilsjohansson/Library/Developer/Xcode/DerivedData/Vecka-coqapuvxhkxauhefoeizzbmchsqi/Build/Intermediates.noindex/Vecka.build/Debug-iphonesimulator/Vecka.build/Objects-normal/arm64/Vecka.abi.json /Users/nilsjohansson/Library/Developer/Xcode/DerivedData/Vecka-coqapuvxhkxauhefoeizzbmchsqi/Build/Products/Debug-iphonesimulator/Vecka.swiftmodule/arm64-apple-ios-simulator.abi.json

Copy /Users/nilsjohansson/Library/Developer/Xcode/DerivedData/Vecka-coqapuvxhkxauhefoeizzbmchsqi/Build/Products/Debug-iphonesimulator/Vecka.swiftmodule/Project/arm64-apple-ios-simulator.swiftsourceinfo /Users/nilsjohansson/Library/Developer/Xcode/DerivedData/Vecka-coqapuvxhkxauhefoeizzbmchsqi/Build/Intermediates.noindex/Vecka.build/Debug-iphonesimulator/Vecka.build/Objects-normal/arm64/Vecka.swiftsourceinfo (in target 'Vecka' from project 'Vecka')
    cd /Users/nilsjohansson/Documents/AppDevelopment/Swift/Vecka
    builtin-copy -exclude .DS_Store -exclude CVS -exclude .svn -exclude .git -exclude .hg -resolve-src-symlinks -rename /Users/nilsjohansson/Library/Developer/Xcode/DerivedData/Vecka-coqapuvxhkxauhefoeizzbmchsqi/Build/Intermediates.noindex/Vecka.build/Debug-iphonesimulator/Vecka.build/Objects-normal/arm64/Vecka.swiftsourceinfo /Users/nilsjohansson/Library/Developer/Xcode/DerivedData/Vecka-coqapuvxhkxauhefoeizzbmchsqi/Build/Products/Debug-iphonesimulator/Vecka.swiftmodule/Project/arm64-apple-ios-simulator.swiftsourceinfo

ExtractAppIntentsMetadata (in target 'VeckaWidgetExtension' from project 'Vecka')
    cd /Users/nilsjohansson/Documents/AppDevelopment/Swift/Vecka
    /Applications/Xcode.app/Contents/Developer/Toolchains/XcodeDefault.xctoolchain/usr/bin/appintentsmetadataprocessor --toolchain-dir /Applications/Xcode.app/Contents/Developer/Toolchains/XcodeDefault.xctoolchain --module-name VeckaWidgetExtension --sdk-root /Applications/Xcode.app/Contents/Developer/Platforms/iPhoneSimulator.platform/Developer/SDKs/iPhoneSimulator26.2.sdk --xcode-version 17C52 --platform-family iOS --deployment-target 26.0 --bundle-identifier Johansson.Vecka.VeckaWidget --output /Users/nilsjohansson/Library/Developer/Xcode/DerivedData/Vecka-coqapuvxhkxauhefoeizzbmchsqi/Build/Products/Debug-iphonesimulator/VeckaWidgetExtension.appex --target-triple arm64-apple-ios26.0-simulator --binary-file /Users/nilsjohansson/Library/Developer/Xcode/DerivedData/Vecka-coqapuvxhkxauhefoeizzbmchsqi/Build/Products/Debug-iphonesimulator/VeckaWidgetExtension.appex/VeckaWidgetExtension --dependency-file /Users/nilsjohansson/Library/Developer/Xcode/DerivedData/Vecka-coqapuvxhkxauhefoeizzbmchsqi/Build/Intermediates.noindex/Vecka.build/Debug-iphonesimulator/VeckaWidgetExtension.build/Objects-normal/arm64/VeckaWidgetExtension_dependency_info.dat --stringsdata-file /Users/nilsjohansson/Library/Developer/Xcode/DerivedData/Vecka-coqapuvxhkxauhefoeizzbmchsqi/Build/Intermediates.noindex/Vecka.build/Debug-iphonesimulator/VeckaWidgetExtension.build/Objects-normal/arm64/ExtractedAppShortcutsMetadata.stringsdata --source-file-list /Users/nilsjohansson/Library/Developer/Xcode/DerivedData/Vecka-coqapuvxhkxauhefoeizzbmchsqi/Build/Intermediates.noindex/Vecka.build/Debug-iphonesimulator/VeckaWidgetExtension.build/Objects-normal/arm64/VeckaWidgetExtension.SwiftFileList --metadata-file-list /Users/nilsjohansson/Library/Developer/Xcode/DerivedData/Vecka-coqapuvxhkxauhefoeizzbmchsqi/Build/Intermediates.noindex/Vecka.build/Debug-iphonesimulator/VeckaWidgetExtension.build/VeckaWidgetExtension.DependencyMetadataFileList --static-metadata-file-list /Users/nilsjohansson/Library/Developer/Xcode/DerivedData/Vecka-coqapuvxhkxauhefoeizzbmchsqi/Build/Intermediates.noindex/Vecka.build/Debug-iphonesimulator/VeckaWidgetExtension.build/VeckaWidgetExtension.DependencyStaticMetadataFileList --swift-const-vals-list /Users/nilsjohansson/Library/Developer/Xcode/DerivedData/Vecka-coqapuvxhkxauhefoeizzbmchsqi/Build/Intermediates.noindex/Vecka.build/Debug-iphonesimulator/VeckaWidgetExtension.build/Objects-normal/arm64/VeckaWidgetExtension.SwiftConstValuesFileList --compile-time-extraction --deployment-aware-processing --validate-assistant-intents --no-app-shortcuts-localization
2025-12-30 14:30:25.576 appintentsmetadataprocessor[1258:6044613] Starting appintentsmetadataprocessor export
2025-12-30 14:30:25.700 appintentsmetadataprocessor[1258:6044613] Extracted no relevant App Intents symbols, skipping writing output

AppIntentsSSUTraining (in target 'VeckaWidgetExtension' from project 'Vecka')
    cd /Users/nilsjohansson/Documents/AppDevelopment/Swift/Vecka
    /Applications/Xcode.app/Contents/Developer/Toolchains/XcodeDefault.xctoolchain/usr/bin/appintentsnltrainingprocessor --infoplist-path /Users/nilsjohansson/Library/Developer/Xcode/DerivedData/Vecka-coqapuvxhkxauhefoeizzbmchsqi/Build/Products/Debug-iphonesimulator/VeckaWidgetExtension.appex/Info.plist --temp-dir-path /Users/nilsjohansson/Library/Developer/Xcode/DerivedData/Vecka-coqapuvxhkxauhefoeizzbmchsqi/Build/Intermediates.noindex/Vecka.build/Debug-iphonesimulator/VeckaWidgetExtension.build/ssu --bundle-id Johansson.Vecka.VeckaWidget --product-path /Users/nilsjohansson/Library/Developer/Xcode/DerivedData/Vecka-coqapuvxhkxauhefoeizzbmchsqi/Build/Products/Debug-iphonesimulator/VeckaWidgetExtension.appex --extracted-metadata-path /Users/nilsjohansson/Library/Developer/Xcode/DerivedData/Vecka-coqapuvxhkxauhefoeizzbmchsqi/Build/Products/Debug-iphonesimulator/VeckaWidgetExtension.appex/Metadata.appintents --metadata-file-list /Users/nilsjohansson/Library/Developer/Xcode/DerivedData/Vecka-coqapuvxhkxauhefoeizzbmchsqi/Build/Intermediates.noindex/Vecka.build/Debug-iphonesimulator/VeckaWidgetExtension.build/VeckaWidgetExtension.DependencyMetadataFileList --archive-ssu-assets
2025-12-30 14:30:25.729 appintentsnltrainingprocessor[1260:6044622] Parsing options for appintentsnltrainingprocessor
2025-12-30 14:30:25.729 appintentsnltrainingprocessor[1260:6044622] No AppShortcuts found - Skipping.

RegisterExecutionPolicyException /Users/nilsjohansson/Library/Developer/Xcode/DerivedData/Vecka-coqapuvxhkxauhefoeizzbmchsqi/Build/Products/Debug-iphonesimulator/VeckaWidgetExtension.appex (in target 'VeckaWidgetExtension' from project 'Vecka')
    cd /Users/nilsjohansson/Documents/AppDevelopment/Swift/Vecka
    builtin-RegisterExecutionPolicyException /Users/nilsjohansson/Library/Developer/Xcode/DerivedData/Vecka-coqapuvxhkxauhefoeizzbmchsqi/Build/Products/Debug-iphonesimulator/VeckaWidgetExtension.appex

SwiftDriverJobDiscovery normal arm64 Compiling HolidayRule.swift, HolidaySymbolCatalog.swift, SavedLocation.swift, ConfigurationManager.swift, ContactsManager.swift, CurrencyService.swift, ExpenseManager.swift, PDFExportModels.swift, PDFExportService.swift, PDFRenderer.swift (in target 'Vecka' from project 'Vecka')

Touch /Users/nilsjohansson/Library/Developer/Xcode/DerivedData/Vecka-coqapuvxhkxauhefoeizzbmchsqi/Build/Products/Debug-iphonesimulator/VeckaWidgetExtension.appex (in target 'VeckaWidgetExtension' from project 'Vecka')
    cd /Users/nilsjohansson/Documents/AppDevelopment/Swift/Vecka
    /usr/bin/touch -c /Users/nilsjohansson/Library/Developer/Xcode/DerivedData/Vecka-coqapuvxhkxauhefoeizzbmchsqi/Build/Products/Debug-iphonesimulator/VeckaWidgetExtension.appex

CopyStringsFile /Users/nilsjohansson/Library/Developer/Xcode/DerivedData/Vecka-coqapuvxhkxauhefoeizzbmchsqi/Build/Products/Debug-iphonesimulator/Vecka.app/zh-Hant.lproj/Localizable.strings /Users/nilsjohansson/Documents/AppDevelopment/Swift/Vecka/Vecka/zh-Hant.lproj/Localizable.strings (in target 'Vecka' from project 'Vecka')
    cd /Users/nilsjohansson/Documents/AppDevelopment/Swift/Vecka
    builtin-copyStrings --validate --outputencoding binary --outfilename Localizable.strings --outdir /Users/nilsjohansson/Library/Developer/Xcode/DerivedData/Vecka-coqapuvxhkxauhefoeizzbmchsqi/Build/Products/Debug-iphonesimulator/Vecka.app/zh-Hant.lproj -- /Users/nilsjohansson/Documents/AppDevelopment/Swift/Vecka/Vecka/zh-Hant.lproj/Localizable.strings
/Users/nilsjohansson/Documents/AppDevelopment/Swift/Vecka/Vecka/zh-Hant.lproj/Localizable.strings:1:1: note: detected encoding of input file as Unicode (UTF-8) (in target 'Vecka' from project 'Vecka')

CopyStringsFile /Users/nilsjohansson/Library/Developer/Xcode/DerivedData/Vecka-coqapuvxhkxauhefoeizzbmchsqi/Build/Products/Debug-iphonesimulator/Vecka.app/zh-Hans.lproj/Localizable.strings /Users/nilsjohansson/Documents/AppDevelopment/Swift/Vecka/Vecka/zh-Hans.lproj/Localizable.strings (in target 'Vecka' from project 'Vecka')
    cd /Users/nilsjohansson/Documents/AppDevelopment/Swift/Vecka
    builtin-copyStrings --validate --outputencoding binary --outfilename Localizable.strings --outdir /Users/nilsjohansson/Library/Developer/Xcode/DerivedData/Vecka-coqapuvxhkxauhefoeizzbmchsqi/Build/Products/Debug-iphonesimulator/Vecka.app/zh-Hans.lproj -- /Users/nilsjohansson/Documents/AppDevelopment/Swift/Vecka/Vecka/zh-Hans.lproj/Localizable.strings
/Users/nilsjohansson/Documents/AppDevelopment/Swift/Vecka/Vecka/zh-Hans.lproj/Localizable.strings:1:1: note: detected encoding of input file as Unicode (UTF-8) (in target 'Vecka' from project 'Vecka')

Ld /Users/nilsjohansson/Library/Developer/Xcode/DerivedData/Vecka-coqapuvxhkxauhefoeizzbmchsqi/Build/Products/Debug-iphonesimulator/Vecka.app/__preview.dylib normal (in target 'Vecka' from project 'Vecka')
    cd /Users/nilsjohansson/Documents/AppDevelopment/Swift/Vecka
    /Applications/Xcode.app/Contents/Developer/Toolchains/XcodeDefault.xctoolchain/usr/bin/clang -Xlinker -reproducible -target arm64-apple-ios26.0-simulator -dynamiclib -isysroot /Applications/Xcode.app/Contents/Developer/Platforms/iPhoneSimulator.platform/Developer/SDKs/iPhoneSimulator26.2.sdk -O0 -L/Users/nilsjohansson/Library/Developer/Xcode/DerivedData/Vecka-coqapuvxhkxauhefoeizzbmchsqi/Build/Products/Debug-iphonesimulator -F/Users/nilsjohansson/Library/Developer/Xcode/DerivedData/Vecka-coqapuvxhkxauhefoeizzbmchsqi/Build/Products/Debug-iphonesimulator -install_name @rpath/Vecka.debug.dylib -dead_strip -rdynamic -Xlinker -no_deduplicate -Xlinker -objc_abi_version -Xlinker 2 -Xlinker -debug_variant -Xlinker -dependency_info -Xlinker /Users/nilsjohansson/Library/Developer/Xcode/DerivedData/Vecka-coqapuvxhkxauhefoeizzbmchsqi/Build/Intermediates.noindex/Vecka.build/Debug-iphonesimulator/Vecka.build/Objects-normal/arm64/Vecka_dependency_info.dat -o /Users/nilsjohansson/Library/Developer/Xcode/DerivedData/Vecka-coqapuvxhkxauhefoeizzbmchsqi/Build/Products/Debug-iphonesimulator/Vecka.app/__preview.dylib

CopyStringsFile /Users/nilsjohansson/Library/Developer/Xcode/DerivedData/Vecka-coqapuvxhkxauhefoeizzbmchsqi/Build/Products/Debug-iphonesimulator/Vecka.app/vi.lproj/Localizable.strings /Users/nilsjohansson/Documents/AppDevelopment/Swift/Vecka/Vecka/vi.lproj/Localizable.strings (in target 'Vecka' from project 'Vecka')
    cd /Users/nilsjohansson/Documents/AppDevelopment/Swift/Vecka
    builtin-copyStrings --validate --outputencoding binary --outfilename Localizable.strings --outdir /Users/nilsjohansson/Library/Developer/Xcode/DerivedData/Vecka-coqapuvxhkxauhefoeizzbmchsqi/Build/Products/Debug-iphonesimulator/Vecka.app/vi.lproj -- /Users/nilsjohansson/Documents/AppDevelopment/Swift/Vecka/Vecka/vi.lproj/Localizable.strings
/Users/nilsjohansson/Documents/AppDevelopment/Swift/Vecka/Vecka/vi.lproj/Localizable.strings:1:1: note: detected encoding of input file as Unicode (UTF-8) (in target 'Vecka' from project 'Vecka')

CopyStringsFile /Users/nilsjohansson/Library/Developer/Xcode/DerivedData/Vecka-coqapuvxhkxauhefoeizzbmchsqi/Build/Products/Debug-iphonesimulator/Vecka.app/th.lproj/Localizable.strings /Users/nilsjohansson/Documents/AppDevelopment/Swift/Vecka/Vecka/th.lproj/Localizable.strings (in target 'Vecka' from project 'Vecka')
    cd /Users/nilsjohansson/Documents/AppDevelopment/Swift/Vecka
    builtin-copyStrings --validate --outputencoding binary --outfilename Localizable.strings --outdir /Users/nilsjohansson/Library/Developer/Xcode/DerivedData/Vecka-coqapuvxhkxauhefoeizzbmchsqi/Build/Products/Debug-iphonesimulator/Vecka.app/th.lproj -- /Users/nilsjohansson/Documents/AppDevelopment/Swift/Vecka/Vecka/th.lproj/Localizable.strings
/Users/nilsjohansson/Documents/AppDevelopment/Swift/Vecka/Vecka/th.lproj/Localizable.strings:1:1: note: detected encoding of input file as Unicode (UTF-8) (in target 'Vecka' from project 'Vecka')

CopyStringsFile /Users/nilsjohansson/Library/Developer/Xcode/DerivedData/Vecka-coqapuvxhkxauhefoeizzbmchsqi/Build/Products/Debug-iphonesimulator/Vecka.app/sv.lproj/Localizable.strings /Users/nilsjohansson/Documents/AppDevelopment/Swift/Vecka/Vecka/sv.lproj/Localizable.strings (in target 'Vecka' from project 'Vecka')
    cd /Users/nilsjohansson/Documents/AppDevelopment/Swift/Vecka
    builtin-copyStrings --validate --outputencoding binary --outfilename Localizable.strings --outdir /Users/nilsjohansson/Library/Developer/Xcode/DerivedData/Vecka-coqapuvxhkxauhefoeizzbmchsqi/Build/Products/Debug-iphonesimulator/Vecka.app/sv.lproj -- /Users/nilsjohansson/Documents/AppDevelopment/Swift/Vecka/Vecka/sv.lproj/Localizable.strings
/Users/nilsjohansson/Documents/AppDevelopment/Swift/Vecka/Vecka/sv.lproj/Localizable.strings:1:1: note: detected encoding of input file as Unicode (UTF-8) (in target 'Vecka' from project 'Vecka')

CopyStringsFile /Users/nilsjohansson/Library/Developer/Xcode/DerivedData/Vecka-coqapuvxhkxauhefoeizzbmchsqi/Build/Products/Debug-iphonesimulator/Vecka.app/ko.lproj/Localizable.strings /Users/nilsjohansson/Documents/AppDevelopment/Swift/Vecka/Vecka/ko.lproj/Localizable.strings (in target 'Vecka' from project 'Vecka')
    cd /Users/nilsjohansson/Documents/AppDevelopment/Swift/Vecka
    builtin-copyStrings --validate --outputencoding binary --outfilename Localizable.strings --outdir /Users/nilsjohansson/Library/Developer/Xcode/DerivedData/Vecka-coqapuvxhkxauhefoeizzbmchsqi/Build/Products/Debug-iphonesimulator/Vecka.app/ko.lproj -- /Users/nilsjohansson/Documents/AppDevelopment/Swift/Vecka/Vecka/ko.lproj/Localizable.strings
/Users/nilsjohansson/Documents/AppDevelopment/Swift/Vecka/Vecka/ko.lproj/Localizable.strings:1:1: note: detected encoding of input file as Unicode (UTF-8) (in target 'Vecka' from project 'Vecka')

CopyStringsFile /Users/nilsjohansson/Library/Developer/Xcode/DerivedData/Vecka-coqapuvxhkxauhefoeizzbmchsqi/Build/Products/Debug-iphonesimulator/Vecka.app/ja.lproj/Localizable.strings /Users/nilsjohansson/Documents/AppDevelopment/Swift/Vecka/Vecka/ja.lproj/Localizable.strings (in target 'Vecka' from project 'Vecka')
    cd /Users/nilsjohansson/Documents/AppDevelopment/Swift/Vecka
    builtin-copyStrings --validate --outputencoding binary --outfilename Localizable.strings --outdir /Users/nilsjohansson/Library/Developer/Xcode/DerivedData/Vecka-coqapuvxhkxauhefoeizzbmchsqi/Build/Products/Debug-iphonesimulator/Vecka.app/ja.lproj -- /Users/nilsjohansson/Documents/AppDevelopment/Swift/Vecka/Vecka/ja.lproj/Localizable.strings
/Users/nilsjohansson/Documents/AppDevelopment/Swift/Vecka/Vecka/ja.lproj/Localizable.strings:1:1: note: detected encoding of input file as Unicode (UTF-8) (in target 'Vecka' from project 'Vecka')

CopyStringsFile /Users/nilsjohansson/Library/Developer/Xcode/DerivedData/Vecka-coqapuvxhkxauhefoeizzbmchsqi/Build/Products/Debug-iphonesimulator/Vecka.app/en.lproj/Localizable.strings /Users/nilsjohansson/Documents/AppDevelopment/Swift/Vecka/Vecka/en.lproj/Localizable.strings (in target 'Vecka' from project 'Vecka')
    cd /Users/nilsjohansson/Documents/AppDevelopment/Swift/Vecka
    builtin-copyStrings --validate --outputencoding binary --outfilename Localizable.strings --outdir /Users/nilsjohansson/Library/Developer/Xcode/DerivedData/Vecka-coqapuvxhkxauhefoeizzbmchsqi/Build/Products/Debug-iphonesimulator/Vecka.app/en.lproj -- /Users/nilsjohansson/Documents/AppDevelopment/Swift/Vecka/Vecka/en.lproj/Localizable.strings
/Users/nilsjohansson/Documents/AppDevelopment/Swift/Vecka/Vecka/en.lproj/Localizable.strings:1:1: note: detected encoding of input file as Unicode (UTF-8) (in target 'Vecka' from project 'Vecka')

CopyStringsFile /Users/nilsjohansson/Library/Developer/Xcode/DerivedData/Vecka-coqapuvxhkxauhefoeizzbmchsqi/Build/Products/Debug-iphonesimulator/Vecka.app/de.lproj/Localizable.strings /Users/nilsjohansson/Documents/AppDevelopment/Swift/Vecka/Vecka/de.lproj/Localizable.strings (in target 'Vecka' from project 'Vecka')
    cd /Users/nilsjohansson/Documents/AppDevelopment/Swift/Vecka
    builtin-copyStrings --validate --outputencoding binary --outfilename Localizable.strings --outdir /Users/nilsjohansson/Library/Developer/Xcode/DerivedData/Vecka-coqapuvxhkxauhefoeizzbmchsqi/Build/Products/Debug-iphonesimulator/Vecka.app/de.lproj -- /Users/nilsjohansson/Documents/AppDevelopment/Swift/Vecka/Vecka/de.lproj/Localizable.strings
/Users/nilsjohansson/Documents/AppDevelopment/Swift/Vecka/Vecka/de.lproj/Localizable.strings:1:1: note: detected encoding of input file as Unicode (UTF-8) (in target 'Vecka' from project 'Vecka')

SwiftDriverJobDiscovery normal arm64 Compiling RuleEngine.swift, SimplePDFRenderer.swift, TravelManager.swift, WeatherIconMapper.swift, WeatherLocalization.swift, WeatherService.swift, AppSidebar.swift, CalendarGridView.swift, ContactDetailView.swift, ContactImagePicker.swift (in target 'Vecka' from project 'Vecka')

SwiftDriverJobDiscovery normal arm64 Compiling Localization.swift, Log.swift, MonthPickerSheet.swift, SettingsView.swift, SharedColors.swift, VeckaApp.swift, ViewUtilities.swift, WeekCalendarStrip.swift, WeekPickerSheet.swift, GeneratedAssetSymbols.swift (in target 'Vecka' from project 'Vecka')

SwiftDriverJobDiscovery normal arm64 Compiling CalendarManager.swift, CalendarModels.swift, CalendarRule.swift, ConfigurationModels.swift, ContactModels.swift, CountdownEvent.swift, CountdownManager.swift, DailyNote.swift, ExpenseModels.swift, HolidayEngine.swift, HolidayManager.swift (in target 'Vecka' from project 'Vecka')

SwiftDriverJobDiscovery normal arm64 Compiling WeekDetailPanel.swift, ContentView.swift, CountdownBanner.swift, CountdownModels.swift, CountdownViews.swift, DailyNotesView.swift, DesignSystem.swift, Haptics.swift, JohoDesignSystem.swift, JumpPickerSheet.swift (in target 'Vecka' from project 'Vecka')

** BUILD FAILED **


The following build commands failed:
	SwiftCompile normal arm64 Compiling\ NoteColorPicker.swift,\ NotesListView.swift,\ ObservancesListView.swift,\ OverviewDashboardView.swift,\ PDFExportView.swift,\ PhoneLibraryView.swift,\ QRCodeView.swift,\ SimplePDFExportView.swift,\ TripListView.swift,\ WeatherForecastView.swift /Users/nilsjohansson/Documents/AppDevelopment/Swift/Vecka/Vecka/Views/NoteColorPicker.swift /Users/nilsjohansson/Documents/AppDevelopment/Swift/Vecka/Vecka/Views/NotesListView.swift /Users/nilsjohansson/Documents/AppDevelopment/Swift/Vecka/Vecka/Views/ObservancesListView.swift /Users/nilsjohansson/Documents/AppDevelopment/Swift/Vecka/Vecka/Views/OverviewDashboardView.swift /Users/nilsjohansson/Documents/AppDevelopment/Swift/Vecka/Vecka/Views/PDFExportView.swift /Users/nilsjohansson/Documents/AppDevelopment/Swift/Vecka/Vecka/Views/PhoneLibraryView.swift /Users/nilsjohansson/Documents/AppDevelopment/Swift/Vecka/Vecka/Views/QRCodeView.swift /Users/nilsjohansson/Documents/AppDevelopment/Swift/Vecka/Vecka/Views/SimplePDFExportView.swift /Users/nilsjohansson/Documents/AppDevelopment/Swift/Vecka/Vecka/Views/TripListView.swift /Users/nilsjohansson/Documents/AppDevelopment/Swift/Vecka/Vecka/Views/WeatherForecastView.swift (in target 'Vecka' from project 'Vecka')
	SwiftCompile normal arm64 /Users/nilsjohansson/Documents/AppDevelopment/Swift/Vecka/Vecka/Views/PhoneLibraryView.swift (in target 'Vecka' from project 'Vecka')
	Building project Vecka with scheme Vecka
(3 failures)
